
~ #
IPL ecfc1a5
D-11
MCP1866_4X
miupll_400MHz
00000000  00000000
256MB
BIST0_0001-OK
Load IPL_CUST from SD
Checksum OK
JMP+++
IPL_CUST ecfc1a5
Load UBOOT from SD
  decomp_size=0x0007fd38


U-Boot 2015.01-svn253245 (Dec 15 2020 - 13:31:25)

Version: I6E#g#######
I2C:   ready
DRAM:
WARNING: Caches not enabled
SPINAND_I:  SPINAND: _MDrv_SPINAND_GET_INFO: Magic number Error 25ac0c40

SPINAND: _MDrv_SPINAND_GET_INFO: Magic number Error 25ac0c40

SPINAND: _MDrv_SPINAND_GET_INFO: Magic number Error 25ac0c40

SPINAND: _MDrv_SPINAND_GET_INFO: Magic number Error 25ac0c40

SPINAND: _MDrv_SPINAND_GET_INFO: Magic number Error 25ac0c40

0 MiB
MMC:   MStar SD/MMC: 0
SPINAND: MDrv_SPINAND_GetPartOffset: UBOOT_PBA==0 and no PNI: 0 0 0
SPINAND: MDrv_SPINAND_GetPartOffset: use offset 0
Can't readenv from flash
*** Warning - readenv() failed, using default environment

In:    serial
Out:   serial
Err:   serial
Net:   MAC Address 00:30:1B:BA:02:DB
Auto-Negotiation...
Link Status Speed:100 Full-duplex:1
sstar_emac
Warning: sstar_emac using MAC address from net device

reading sav53x.kernel.img
2669560 bytes read in 230 ms (11.1 MiB/s)
   Image Name:   MVX4##I6E#g#######KL_LX409##[BR:
   Image Type:   ARM Linux Kernel Image (lzma compressed)
   Data Size:    2669496 Bytes = 2.5 MiB
   Load Address: 20008000
   Entry Point:  20008000
   Verifying Checksum ... OK
reading sav53x.dtb.img
39401 bytes read in 18 ms (2.1 MiB/s)
   Image Name:   SAV53XDeviceTree
   Image Type:   ARM Linux Flat Device Tree (uncompressed)
   Data Size:    39337 Bytes = 38.4 KiB
   Load Address: 22e00000
   Entry Point:  22e00000
   Verifying Checksum ... OK
reading sav53x.rootfs.img
6017088 bytes read in 464 ms (12.4 MiB/s)
   Image Name:   Rootfs
   Image Type:   ARM Linux Filesystem Image (uncompressed)
   Data Size:    6017024 Bytes = 5.7 MiB
   Load Address: 02ffffc0
   Entry Point:  03000000
   Verifying Checksum ... OK
##  Booting kernel from Legacy Image at 22000000 ...
## Flattened Device Tree from Legacy Image at 22d00000
   Booting using the fdt blob at 0x22e00000
   Uncompressing Kernel Image ...
[XZ] !!!reserved 0x21000000 length=0x 1000000 for xz!!
   XZ: uncompressed size=0x540000, ret=7
OK
   Loading Device Tree to 25ab2000, end 25abe9a8 ... OK
Ori bootargs: LX_MEM=0xffe0000 mma_heap=mma_heap_name0,miu=0,sz=0x5B00000 mma_heap=mma_heap_ipu,miu=0,sz=0x164000 mma_memblock_remove=1 cma=2M console=ttyS0,115200
New bootargs: LX_MEM=0xffe0000 mma_heap=mma_heap_name0,miu=0,sz=0x5B00000 mma_heap=mma_heap_ipu,miu=0,sz=0x164000 mma_memblock_remove=1 cma=2M console=ttyS0,115200 root=/dev/ram0 ro rootfstype=squashfs initrd=0x23000000,28M ramdisk_size=28000

Starting kernel ...

[    0.000000] Booting Linux on physical CPU 0x0
[    0.000000] Linux version 4.9.84 (dante.lin@rd1-5) (gcc version 9.1.0 (GCC) ) #3 SMP PREEMPT Fri Dec 4 15:37:06 CST 2020
[    0.000000] CPU: ARMv7 Processor [410fc075] revision 5 (ARMv7), cr=50c5387d
[    0.000000] CPU: div instructions available: patching division code
[    0.000000] CPU: PIPT / VIPT nonaliasing data cache, VIPT aliasing instruction cache
[    0.000000] OF: fdt:Machine model: INFINITY6E SSC012B-S01A
[    0.000000] [ERR] LX_MEM, LX_MEM2, LX_MEM3 not 1MB aligned
[    0.000000] LXmem is 0xffe0000 PHYS_OFFSET is 0x20000000
[    0.000000] Add mem start 0x20000000 size 0xffe0000!!!!
[    0.000000]
[    0.000000] LX_MEM  = 0x20000000, 0xffe0000
[    0.000000] LX_MEM2 = 0x0, 0x0
[    0.000000] LX_MEM3 = 0x0, 0x0
[    0.000000] EMAC_LEN= 0x0
[    0.000000] DRAM_LEN= 0x0
[    0.000000] no any mmap reserved
[    0.000000] deal_with_reserve_mma_heap memblock_reserve success mma_config[0].reserved_start=
[    0.000000] 0x2a4e0000
[    0.000000]
[    0.000000] deal_with_reserve_mma_heap memblock_reserve success mma_config[1].reserved_start=
[    0.000000] 0x2a37c000
[    0.000000]
[    0.000000] cma: Reserved 4 MiB at 0x29c00000
[    0.000000] Memory policy: Data cache writealloc
[    0.000000] [infinity6e_smp_init_cpus]
[    0.000000] percpu: Embedded 13 pages/cpu @ca136000 s21592 r8192 d23464 u53248
[    0.000000] Built 1 zonelists in Zone order, mobility grouping on.  Total pages: 64992
[    0.000000] Kernel command line: LX_MEM=0xffe0000 mma_heap=mma_heap_name0,miu=0,sz=0x5B00000 mma_heap=mma_heap_ipu,miu=0,sz=0x164000 mma_memblock_remove=1 cma=2M console=ttyS0,115200 root=/dev/ram0 ro rootfstype=squashfs initrd=0x23000000,28M ramdisk_size=28000
[    0.000000] PID hash table entries: 1024 (order: 0, 4096 bytes)
[    0.000000] Dentry cache hash table entries: 32768 (order: 5, 131072 bytes)
[    0.000000] Inode-cache hash table entries: 16384 (order: 4, 65536 bytes)
[    0.000000] Memory: 126504K/262016K available (3222K kernel code, 178K rwdata, 1608K rodata, 188K init, 181K bss, 131416K reserved, 4096K cma-reserved)
[    0.000000] Virtual kernel memory layout:
[    0.000000]     vector  : 0xffff0000 - 0xffff1000   (   4 kB)
[    0.000000]     fixmap  : 0xffc00000 - 0xfff00000   (3072 kB)
[    0.000000]     vmalloc : 0xd0000000 - 0xff800000   ( 760 MB)
[    0.000000]     lowmem  : 0xc0000000 - 0xcffe0000   ( 255 MB)
[    0.000000]     modules : 0xbf800000 - 0xc0000000   (   8 MB)
[    0.000000]       .text : 0xc0008000 - 0xc032dbec   (3223 kB)
[    0.000000]       .init : 0xc04eb000 - 0xc051a000   ( 188 kB)
[    0.000000]       .data : 0xc051a000 - 0xc0546b60   ( 179 kB)
[    0.000000]        .bss : 0xc0548000 - 0xc0575408   ( 182 kB)
[    0.000000] SLUB: HWalign=64, Order=0-3, MinObjects=0, CPUs=2, Nodes=1
[    0.000000] Preemptible hierarchical RCU implementation.
[    0.000000]  Build-time adjustment of leaf fanout to 32.
[    0.000000]  RCU restricting CPUs from NR_CPUS=4 to nr_cpu_ids=2.
[    0.000000] RCU: Adjusting geometry for rcu_fanout_leaf=32, nr_cpu_ids=2
[    0.000000] NR_IRQS:16 nr_irqs:16 16
[    0.000000] ms_init_main_intc: np->name=ms_main_intc, parent=gic
[    0.000000] ms_init_pm_intc: np->name=ms_pm_intc, parent=ms_main_intc
[    0.000000] ss_init_gpi_intc: np->name=ms_gpi_intc, parent=ms_main_intc
[    0.000000] Find CLK_ven_pll, hook ms_venpll_ops
[    0.000000] Find CLK_cpupll_clk, hook ms_cpuclk_ops
[    0.000000] arm_arch_timer: Architected cp15 timer(s) running at 6.00MHz (virt).
[    0.000000] clocksource: arch_sys_counter: mask: 0xffffffffffffff max_cycles: 0x1623fa770, max_idle_ns: 440795202238 ns
[    0.000006] sched_clock: 56 bits at 6MHz, resolution 166ns, wraps every 4398046511055ns
[    0.000021] Switching to timer-based delay loop, resolution 166ns
[    0.000464] Console: colour dummy device 80x30
[    0.341708] console [ttyS0] enabled
[    0.345198] Calibrating delay loop (skipped), value calculated using timer frequency.. 12.00 BogoMIPS (lpj=60000)
[    0.355459] pid_max: default: 32768 minimum: 301
[    0.360191] Mount-cache hash table entries: 1024 (order: 0, 4096 bytes)
[    0.366702] Mountpoint-cache hash table entries: 1024 (order: 0, 4096 bytes)
[    0.374445] CPU: Testing write buffer coherency: ok
[    0.379397] CPU0: update cpu_capacity 1024
[    0.383335] CPU0: thread -1, cpu 0, socket 0, mpidr 80000000
[    0.389199] Setting up static identity map for 0x20008240 - 0x2000828c
[    0.397099] [infinity6e_boot_secondary]
[    0.400900] CPU1: update cpu_capacity 1024
[    0.400907] CPU1: thread -1, cpu 1, socket 0, mpidr 80000001
[    0.401001] Brought up 2 CPUs
[    0.413571] SMP: Total of 2 processors activated (24.00 BogoMIPS).
[    0.419732] CPU: All CPU(s) started in SVC mode.
[    0.425122] devtmpfs: initialized
[    0.446341] VFP support v0.3: implementor 41 architecture 2 part 30 variant 7 rev 5
[    0.454208] clocksource: jiffies: mask: 0xffffffff max_cycles: 0xffffffff, max_idle_ns: 19112604462750000 ns
[    0.463931] futex hash table entries: 512 (order: 3, 32768 bytes)
[    0.470852] NET: Registered protocol family 16
[    0.476259] DMA: preallocated 256 KiB pool for atomic coherent allocations
[    0.484806]
[    0.484806]
[    0.484806] Version : MVX4##I6E#g#######KL_LX409##[BR:g]#XVM
[    0.484806]
[    0.509064] GPIO: probe end[    0.514208] [Padmux]reset PAD42(reg 0x103c00:6f; mask0x7) t0 SD1_MODE_2 (org: I2C0_MODE_1)
[    0.522366] [Padmux]reset PAD41(reg 0x103c00:66; mask0x7000) t0 SD1_MODE_2 (org: PWM7_MODE_5)
[    0.531092] hw-breakpoint: found 5 (+1 reserved) breakpoint and 4 watchpoint registers.
[    0.538965] hw-breakpoint: maximum watchpoint size is 8 bytes.
[    0.556693] clocksource: Switched to clocksource arch_sys_counter
[    0.562948] FS-Cache: Loaded
[    0.580260] NET: Registered protocol family 2
[    0.585305] TCP established hash table entries: 2048 (order: 1, 8192 bytes)
[    0.592197] TCP bind hash table entries: 2048 (order: 3, 40960 bytes)
[    0.598628] TCP: Hash tables configured (established 2048 bind 2048)
[    0.604961] UDP hash table entries: 256 (order: 1, 12288 bytes)
[    0.610870] UDP-Lite hash table entries: 256 (order: 1, 12288 bytes)
[    0.617401] NET: Registered protocol family 1
[    0.622011] RPC: Registered named UNIX socket transport module.
[    0.627818] RPC: Registered udp transport module.
[    0.632475] RPC: Registered tcp transport module.
[    0.637191] RPC: Registered tcp NFSv4.1 backchannel transport module.
[    0.643836] Trying to unpack rootfs image as initramfs...
[    0.649376] rootfs image is not initramfs (junk in compressed archive); looks like an initrd
[    0.759658] Freeing initrd memory: 28672K
[    0.763914] hw perfevents: enabled with armv7_cortex_a7 PMU driver, 5 counters available
[    0.774631] workingset: timestamp_bits=30 max_order=16 bucket_order=0
[    0.794972] squashfs: version 4.0 (2009/01/31) Phillip Lougher
[    0.803042] fuse init (API version 7.26)
[    0.811639] NET: Registered protocol family 38
[    0.816225] Block layer SCSI generic (bsg) driver version 0.4 loaded (major 251)
[    0.823522] io scheduler noop registered
[    0.827402] io scheduler deadline registered (default)
[    0.832773] io scheduler cfq registered
[    0.836604] Infinity6e PHY probe, base:fd2a4600
[    0.843598] brd: module loaded
[    0.847718] libphy: Fixed MDIO Bus: probed
[    0.851657] tun: Universal TUN/TAP device driver, 1.6
[    0.856765] tun: (C) 1999-2004 Max Krasnyansky <maxk@qualcomm.com>
[    0.863129] PPP generic driver version 2.4.2
[    0.867480] PPP BSD Compression module registered
[    0.872025] PPP Deflate Compression module registered
[    0.877123] PPP MPPE Compression module registered
[    0.881862] NET: Registered protocol family 24
[    0.886475] i2c /dev entries driver
[    0.891145] 1f221000.uart0: ttyS0 at MMIO 0x0 (irq = 45, base_baud = 10800000) is a unknown
[    0.899860] 1f221200.uart1: ttyS1 at MMIO 0x0 (irq = 46, base_baud = 10800000) is a unknown
[    0.908759] 1f220400.uart2: ttyS2 at MMIO 0x0 (irq = 49, base_baud = 10800000) is a unknown
[    0.917740] [MS_PM_INTC] hw:9 -> v:72
[    0.921490] [MS_PM_INTC] hw:10 -> v:73
[    0.925656] >> [sdmmc] ms_sdmmc_probe
[    0.936041] >> [sdmmc_0] Probe Platform Devices
[    0.946738] >> [sdmmc_1] Probe Platform Devices
[    0.951705] MSYS: DMEM request: [emac0_buff]:0x00000812
[    0.956872] MSYS: DMEM request: [emac0_buff]:0x00000812 success, CPU phy:@0x29C47000, virt:@0xC9C47000
[    0.966955] libphy: mdio: probed
[    0.970032] mdio_bus mdio-bus@emac0: /soc/emac0/mdio-bus/ethernet-phy@0 has invalid PHY address
[    0.978754] mdio_bus mdio-bus@emac0: scan phy ethernet-phy at address 0
[    0.985843] mdio_bus mdio-bus@emac0: scan phy ethernet-phy at address 1
[    0.988882] mmc0: new high speed SDHC card at address 59b4
[    0.989488] mmcblk0: mmc0:59b4 SD    7.36 GiB
[    0.993207]  mmcblk0: p1
[    1.004774] mdio_bus mdio-bus@emac0: scan phy ethernet-phy at address 2
[    1.011396] mdio_bus mdio-bus@emac0: scan phy ethernet-phy at address 3
[    1.018013] mdio_bus mdio-bus@emac0: scan phy ethernet-phy at address 4
[    1.024605] mdio_bus mdio-bus@emac0: scan phy ethernet-phy at address 5
[    1.031245] mdio_bus mdio-bus@emac0: scan phy ethernet-phy at address 6
[    1.037852] mdio_bus mdio-bus@emac0: scan phy ethernet-phy at address 7
[    1.044450] mdio_bus mdio-bus@emac0: scan phy ethernet-phy at address 8
[    1.051079] mdio_bus mdio-bus@emac0: scan phy ethernet-phy at address 9
[    1.057696] mdio_bus mdio-bus@emac0: scan phy ethernet-phy at address 10
[    1.064381] mdio_bus mdio-bus@emac0: scan phy ethernet-phy at address 11
[    1.071105] mdio_bus mdio-bus@emac0: scan phy ethernet-phy at address 12
[    1.077801] mdio_bus mdio-bus@emac0: scan phy ethernet-phy at address 13
[    1.084487] mdio_bus mdio-bus@emac0: scan phy ethernet-phy at address 14
[    1.091207] mdio_bus mdio-bus@emac0: scan phy ethernet-phy at address 15
[    1.097906] mdio_bus mdio-bus@emac0: scan phy ethernet-phy at address 16
[    1.104592] mdio_bus mdio-bus@emac0: scan phy ethernet-phy at address 17
[    1.111310] mdio_bus mdio-bus@emac0: scan phy ethernet-phy at address 18
[    1.118011] mdio_bus mdio-bus@emac0: scan phy ethernet-phy at address 19
[    1.124698] mdio_bus mdio-bus@emac0: scan phy ethernet-phy at address 20
[    1.131415] mdio_bus mdio-bus@emac0: scan phy ethernet-phy at address 21
[    1.138116] mdio_bus mdio-bus@emac0: scan phy ethernet-phy at address 22
[    1.144803] mdio_bus mdio-bus@emac0: scan phy ethernet-phy at address 23
[    1.151525] mdio_bus mdio-bus@emac0: scan phy ethernet-phy at address 24
[    1.158223] mdio_bus mdio-bus@emac0: scan phy ethernet-phy at address 25
[    1.164909] mdio_bus mdio-bus@emac0: scan phy ethernet-phy at address 26
[    1.171626] mdio_bus mdio-bus@emac0: scan phy ethernet-phy at address 27
[    1.178329] mdio_bus mdio-bus@emac0: scan phy ethernet-phy at address 28
[    1.185015] mdio_bus mdio-bus@emac0: scan phy ethernet-phy at address 29
[    1.191731] mdio_bus mdio-bus@emac0: scan phy ethernet-phy at address 30
[    1.198433] mdio_bus mdio-bus@emac0: scan phy ethernet-phy at address 31
[    1.205207] [emac_phy_connect][3324] connected mac emac0 to PHY at mdio-bus@emac0:00 [uid=11112222, driver=SStar 10/100 Ethernet Phy]
[    1.218446] ms_rtcpwc 1f006800.rtcpwc: rtc core: registered 1f006800.rtcpwc as rtc0
[    1.227274] MSYS: DMEM request: [AESDMA_ENG]:0x00001000
[    1.232433] MSYS: DMEM request: [AESDMA_ENG]:0x00001000 success, CPU phy:@0x29C48000, virt:@0xC9C48000
[    1.242147] MSYS: DMEM request: [AESDMA_ENG1]:0x00001000
[    1.247376] MSYS: DMEM request: [AESDMA_ENG1]:0x00001000 success, CPU phy:@0x29C49000, virt:@0xC9C49000
[    1.257471] cryptodev: driver 1.10(a1e738a) loaded.
[    1.263156] [ms_cpufreq_init] Current clk=796917760
[    1.268582] [i6e][pwm] use ms_pwm->group_data
[    1.273058] [NOTICE]pwm-isr(62) success. If not i6e or i6b0, pls confirm it on .dtsi
[    1.280892] mstar_spinand_probe: mstar_spinand enableClock
[    1.286226] MSYS: DMEM request: [BDMA]:0x00000840
[    1.291013] MSYS: DMEM request: [BDMA]:0x00000840 success, CPU phy:@0x29C4A000, virt:@0xC9C4A000
[    1.301061] MDrv_SPINAND_Init: SPINAND Device DETECT
[    1.305870] VIVOTEK_SHOW_FLASH_ID: MID = C2 , DID = 26 03
[    1.305870]
[    1.312932] _dumpNandInformation:warning, Bytes / Page :  2048
[    1.318764] _dumpNandInformation:warning, Pages / Block:  64
[    1.324406] _dumpNandInformation:warning, Sector/ Page :  512
[    1.330163] _dumpNandInformation:warning, Spare / Page :  128
[    1.335896] _dumpNandInformation:warning, Current config r:1 w:1 drv:1
[    1.342841] mstar_spinand_probe: CIS contains part info
[    1.347922] mstar_spinand_probe: Before nand_scan()...
[    1.353506] Bad block table found at page 131008, version 0x04
[    1.360010] Bad block table found at page 130944, version 0x04
[    1.366115] nand_read_bbt: bad block at 0x000007740000
[    1.371116] nand_read_bbt: bad block at 0x000007d00000
[    1.376230] nand_read_bbt: bad block at 0x000007d20000
[    1.381604] 7 ofpart partitions found on MTD device nand0
[    1.386872] mstar_spinand_probe: Mtd parts parse
[    1.391459] Creating 7 MTD partitions on "nand0":
[    1.396165] 0x000000000000-0x000010000000 : "linux"
[    1.404726] 0x000000000000-0x000008000000 : "none"
[    1.411908] 0x000004540000-0x000005040000 : "flashfs1"
[    1.418414] 0x000005040000-0x00000fd00000 : "flashfs2"
[    1.426274] 0x00000fd00000-0x000010000000 : "NFDI"
[    1.432388] 0x000000d40000-0x000002940000 : "ROOTFS0"
[    1.438889] Partition(ROOTFS0) is squashfs
[    1.533396] 0x000002940000-0x000004540000 : "ROOTFS1"
[    1.539872] Partition(ROOTFS1) is squashfs
[    1.634636] [MSPI] mspi 0 use dma mode
[    1.638980] [MSPI] mspi 1 use dma mode
[    1.643889] mstar notify driver install successfully
[    1.648998] Netfilter messages via NETLINK v0.30.
[    1.653554] nfnl_acct: registering with nfnetlink.
[    1.658631] ip_tables: (C) 2000-2006 Netfilter Core Team
[    1.665015] NET: Registered protocol family 10
[    1.670639] ip6_tables: (C) 2000-2006 Netfilter Core Team
[    1.676233] sit: IPv6, IPv4 and MPLS over IPv4 tunneling driver
[    1.682996] NET: Registered protocol family 17
[    1.687434] Bridge firewalling registered
[    1.691286] 8021q: 802.1Q VLAN Support v1.8
[    1.695499] Key type dns_resolver registered
[    1.699950] [mstar_pm_init] resume_pbase=0x200115B5, suspend_imi_vbase=0xD003D000
[    1.708083] ThumbEE CPU extension supported.
[    1.712200] Registering SWP/SWPB emulation handler
[    1.763107] ms_rtcpwc 1f006800.rtcpwc: setting system clock to 1970-01-06 23:36:37 UTC (516997)
[    1.772541] RAMDISK: squashfs filesystem found at block 0
[    1.777824] RAMDISK: Loading 5875KiB [1 disk] into ram disk... [    1.855473] done.
[    1.858499] VFS: Mounted root (squashfs filesystem) readonly on device 1:0.
[    1.865336] This architecture does not have kernel memory protection.
[    3.286771] [emac_phy_link_adjust] EMAC Link Up
Detect SD card
[    4.104690] FAT-fs (mmcblk0p1): Volume was not properly unmounted. Some data may be corrupt. Please run fsck.
Enter rescueSD
[    4.120046] [Padmux]reset PAD8(reg 0x3f00:55; mask0x40) t0 GPIO (org: PM_PM_PAD_EXT_MODE_6)
[    4.128472] [MS_PM_INTC] hw:4 -> v:74
[    4.132867] [MS_PM_INTC] hw:7 -> v:75
[    4.137452] [MS_PM_INTC] hw:8 -> v:76
Stage: Install GPIO driver ...
[    4.148663] gpioc: loading out-of-tree module taints kernel.
[    4.154620] GPIO Device Driver version 1.0.0.2
Stage: check apply_patch_before
Stage: Blink LED ...
Stage: Check flash exists
Stage: Check bad block for sysparam ...
Bad block num/Total block num: 0/8
Stage: Unpack flash.pkg ...
Pkg version: 1.4a.a1.1.4
Support script version : 0101a
System image size = 30861344
[    4.482601] random: fast init done
Stage: Untar setup.tar.gz ...
Stage: Decrypt firmware ...
2442456:error:0606506D:digital envelope routines:EVP_DecryptFinal_ex:wrong final block length:evp_enc.c:552:
2442456:error:0606506D:digital envelope routines:EVP_DecryptFinal_ex:wrong final block length:evp_enc.c:552:
Stage: Untar flash.bin ...
Stage: Rebuild sysparam and keep partial settings ...





"cleantlv" write successfully!
Stage: Apply sysparam by setup.ini ...
"pid" write successfully!
WARNING: can't open config file: /storage/home/chandler.yeh/project/sigmastar/onefw_sav53x/trunk/apps/openssl/openssl_src/openssl-1.0.2r/output/ssl/openssl.cnf
unable to write 'random state'
"macaddress" write successfully!
Stage: Generate defconf ...
BusyBox v1.29.2 fix CVE-2018-20679 & CVE-2019-5747 (2020-10-19 18:48:34 CST) multi-call binary.

Usage: rm [-irf] FILE...

Remove (unlink) FILEs

        -i      Always prompt before removing
        -f      Never prompt
        -R,-r   Recurse
ls: /mnt/ramdisk/setup/vadppkg/*.xml: No such file or directory
ls: /mnt/ramdisk/setup/vadppkg/*.json: No such file or directory
ls: /mnt/ramdisk/setup/vadppkg/*.xml: No such file or directory
VADP packages total size = 20988288
The resource storage size = 52424704
Copy VADP packages successfully!
dtb.img /mnt/mmc/sav53x.dtb.img differ: char 5, line 1
Stage: Replace brbfw dtb, then reboot now!
[   20.596724] reboot: Restarting system
1
IPL ecfc1a5
D-11
MCP1866_4X
miupll_400MHz
00000000  00000000
256MB
BIST0_0001-OK
Load IPL_CUST from SD
Checksum OK
JMP+++
IPL_CUST ecfc1a5
Load UBOOT from SD
  decomp_size=0x0007fd38


U-Boot 2015.01-svn253245 (Dec 15 2020 - 13:31:25)

Version: I6E#g#######
I2C:   ready
DRAM:
WARNING: Caches not enabled
SPINAND_I:  SPINAND: _MDrv_SPINAND_GET_INFO: Magic number Error 25ac0c40

SPINAND: _MDrv_SPINAND_GET_INFO: Magic number Error 25ac0c40

SPINAND: _MDrv_SPINAND_GET_INFO: Magic number Error 25ac0c40

SPINAND: _MDrv_SPINAND_GET_INFO: Magic number Error 25ac0c40

SPINAND: _MDrv_SPINAND_GET_INFO: Magic number Error 25ac0c40

0 MiB
MMC:   MStar SD/MMC: 0
SPINAND: MDrv_SPINAND_GetPartOffset: UBOOT_PBA==0 and no PNI: 0 0 0
SPINAND: MDrv_SPINAND_GetPartOffset: use offset 0
Can't readenv from flash
*** Warning - readenv() failed, using default environment

In:    serial
Out:   serial
Err:   serial
Net:   MAC Address 00:30:1B:BA:02:DB
Auto-Negotiation...
Link Status Speed:100 Full-duplex:1
sstar_emac
Warning: sstar_emac using MAC address from net device

reading sav53x.kernel.img
2669560 bytes read in 230 ms (11.1 MiB/s)
   Image Name:   MVX4##I6E#g#######KL_LX409##[BR:
   Image Type:   ARM Linux Kernel Image (lzma compressed)
   Data Size:    2669496 Bytes = 2.5 MiB
   Load Address: 20008000
   Entry Point:  20008000
   Verifying Checksum ... OK
reading sav53x.dtb.img
39401 bytes read in 19 ms (2 MiB/s)
   Image Name:   SAV53XDeviceTree
   Image Type:   ARM Linux Flat Device Tree (uncompressed)
   Data Size:    39337 Bytes = 38.4 KiB
   Load Address: 22e00000
   Entry Point:  22e00000
   Verifying Checksum ... OK
reading sav53x.rootfs.img
6017088 bytes read in 464 ms (12.4 MiB/s)
   Image Name:   Rootfs
   Image Type:   ARM Linux Filesystem Image (uncompressed)
   Data Size:    6017024 Bytes = 5.7 MiB
   Load Address: 02ffffc0
   Entry Point:  03000000
   Verifying Checksum ... OK
##  Booting kernel from Legacy Image at 22000000 ...
## Flattened Device Tree from Legacy Image at 22d00000
   Booting using the fdt blob at 0x22e00000
   Uncompressing Kernel Image ...
[XZ] !!!reserved 0x21000000 length=0x 1000000 for xz!!
   XZ: uncompressed size=0x540000, ret=7
OK
   Loading Device Tree to 25ab2000, end 25abe9a8 ... OK
Ori bootargs: LX_MEM=0xffe0000 mma_heap=mma_heap_name0,miu=0,sz=0x5B00000 mma_heap=mma_heap_ipu,miu=0,sz=0x164000 mma_memblock_remove=1 cma=2M console=ttyS0,115200
New bootargs: LX_MEM=0xffe0000 mma_heap=mma_heap_name0,miu=0,sz=0x5B00000 mma_heap=mma_heap_ipu,miu=0,sz=0x164000 mma_memblock_remove=1 cma=2M console=ttyS0,115200 root=/dev/ram0 ro rootfstype=squashfs initrd=0x23000000,28M ramdisk_size=28000

Starting kernel ...

[    0.000000] Booting Linux on physical CPU 0x0
[    0.000000] Linux version 4.9.84 (dante.lin@rd1-5) (gcc version 9.1.0 (GCC) ) #3 SMP PREEMPT Fri Dec 4 15:37:06 CST 2020
[    0.000000] CPU: ARMv7 Processor [410fc075] revision 5 (ARMv7), cr=50c5387d
[    0.000000] CPU: div instructions available: patching division code
[    0.000000] CPU: PIPT / VIPT nonaliasing data cache, VIPT aliasing instruction cache
[    0.000000] OF: fdt:Machine model: INFINITY6E SSC012B-S01A
[    0.000000] [ERR] LX_MEM, LX_MEM2, LX_MEM3 not 1MB aligned
[    0.000000] LXmem is 0xffe0000 PHYS_OFFSET is 0x20000000
[    0.000000] Add mem start 0x20000000 size 0xffe0000!!!!
[    0.000000]
[    0.000000] LX_MEM  = 0x20000000, 0xffe0000
[    0.000000] LX_MEM2 = 0x0, 0x0
[    0.000000] LX_MEM3 = 0x0, 0x0
[    0.000000] EMAC_LEN= 0x0
[    0.000000] DRAM_LEN= 0x0
[    0.000000] no any mmap reserved
[    0.000000] deal_with_reserve_mma_heap memblock_reserve success mma_config[0].reserved_start=
[    0.000000] 0x2a4e0000
[    0.000000]
[    0.000000] deal_with_reserve_mma_heap memblock_reserve success mma_config[1].reserved_start=
[    0.000000] 0x2a37c000
[    0.000000]
[    0.000000] cma: Reserved 4 MiB at 0x29c00000
[    0.000000] Memory policy: Data cache writealloc
[    0.000000] [infinity6e_smp_init_cpus]
[    0.000000] percpu: Embedded 13 pages/cpu @ca136000 s21592 r8192 d23464 u53248
[    0.000000] Built 1 zonelists in Zone order, mobility grouping on.  Total pages: 64992
[    0.000000] Kernel command line: LX_MEM=0xffe0000 mma_heap=mma_heap_name0,miu=0,sz=0x5B00000 mma_heap=mma_heap_ipu,miu=0,sz=0x164000 mma_memblock_remove=1 cma=2M console=ttyS0,115200 root=/dev/ram0 ro rootfstype=squashfs initrd=0x23000000,28M ramdisk_size=28000
[    0.000000] PID hash table entries: 1024 (order: 0, 4096 bytes)
[    0.000000] Dentry cache hash table entries: 32768 (order: 5, 131072 bytes)
[    0.000000] Inode-cache hash table entries: 16384 (order: 4, 65536 bytes)
[    0.000000] Memory: 126504K/262016K available (3222K kernel code, 178K rwdata, 1608K rodata, 188K init, 181K bss, 131416K reserved, 4096K cma-reserved)
[    0.000000] Virtual kernel memory layout:
[    0.000000]     vector  : 0xffff0000 - 0xffff1000   (   4 kB)
[    0.000000]     fixmap  : 0xffc00000 - 0xfff00000   (3072 kB)
[    0.000000]     vmalloc : 0xd0000000 - 0xff800000   ( 760 MB)
[    0.000000]     lowmem  : 0xc0000000 - 0xcffe0000   ( 255 MB)
[    0.000000]     modules : 0xbf800000 - 0xc0000000   (   8 MB)
[    0.000000]       .text : 0xc0008000 - 0xc032dbec   (3223 kB)
[    0.000000]       .init : 0xc04eb000 - 0xc051a000   ( 188 kB)
[    0.000000]       .data : 0xc051a000 - 0xc0546b60   ( 179 kB)
[    0.000000]        .bss : 0xc0548000 - 0xc0575408   ( 182 kB)
[    0.000000] SLUB: HWalign=64, Order=0-3, MinObjects=0, CPUs=2, Nodes=1
[    0.000000] Preemptible hierarchical RCU implementation.
[    0.000000]  Build-time adjustment of leaf fanout to 32.
[    0.000000]  RCU restricting CPUs from NR_CPUS=4 to nr_cpu_ids=2.
[    0.000000] RCU: Adjusting geometry for rcu_fanout_leaf=32, nr_cpu_ids=2
[    0.000000] NR_IRQS:16 nr_irqs:16 16
[    0.000000] ms_init_main_intc: np->name=ms_main_intc, parent=gic
[    0.000000] ms_init_pm_intc: np->name=ms_pm_intc, parent=ms_main_intc
[    0.000000] ss_init_gpi_intc: np->name=ms_gpi_intc, parent=ms_main_intc
[    0.000000] Find CLK_ven_pll, hook ms_venpll_ops
[    0.000000] Find CLK_cpupll_clk, hook ms_cpuclk_ops
[    0.000000] arm_arch_timer: Architected cp15 timer(s) running at 6.00MHz (virt).
[    0.000000] clocksource: arch_sys_counter: mask: 0xffffffffffffff max_cycles: 0x1623fa770, max_idle_ns: 440795202238 ns
[    0.000006] sched_clock: 56 bits at 6MHz, resolution 166ns, wraps every 4398046511055ns
[    0.000021] Switching to timer-based delay loop, resolution 166ns
[    0.000461] Console: colour dummy device 80x30
[    0.341707] console [ttyS0] enabled
[    0.345198] Calibrating delay loop (skipped), value calculated using timer frequency.. 12.00 BogoMIPS (lpj=60000)
[    0.355459] pid_max: default: 32768 minimum: 301
[    0.360191] Mount-cache hash table entries: 1024 (order: 0, 4096 bytes)
[    0.366702] Mountpoint-cache hash table entries: 1024 (order: 0, 4096 bytes)
[    0.374448] CPU: Testing write buffer coherency: ok
[    0.379398] CPU0: update cpu_capacity 1024
[    0.383337] CPU0: thread -1, cpu 0, socket 0, mpidr 80000000
[    0.389205] Setting up static identity map for 0x20008240 - 0x2000828c
[    0.397099] [infinity6e_boot_secondary]
[    0.400899] CPU1: update cpu_capacity 1024
[    0.400905] CPU1: thread -1, cpu 1, socket 0, mpidr 80000001
[    0.400999] Brought up 2 CPUs
[    0.413569] SMP: Total of 2 processors activated (24.00 BogoMIPS).
[    0.419730] CPU: All CPU(s) started in SVC mode.
[    0.425123] devtmpfs: initialized
[    0.446326] VFP support v0.3: implementor 41 architecture 2 part 30 variant 7 rev 5
[    0.454194] clocksource: jiffies: mask: 0xffffffff max_cycles: 0xffffffff, max_idle_ns: 19112604462750000 ns
[    0.463916] futex hash table entries: 512 (order: 3, 32768 bytes)
[    0.470830] NET: Registered protocol family 16
[    0.476239] DMA: preallocated 256 KiB pool for atomic coherent allocations
[    0.484784]
[    0.484784]
[    0.484784] Version : MVX4##I6E#g#######KL_LX409##[BR:g]#XVM
[    0.484784]
[    0.509025] GPIO: probe end[    0.514176] [Padmux]reset PAD42(reg 0x103c00:6f; mask0x7) t0 SD1_MODE_2 (org: I2C0_MODE_1)
[    0.522333] [Padmux]reset PAD41(reg 0x103c00:66; mask0x7000) t0 SD1_MODE_2 (org: PWM7_MODE_5)
[    0.531060] hw-breakpoint: found 5 (+1 reserved) breakpoint and 4 watchpoint registers.
[    0.538933] hw-breakpoint: maximum watchpoint size is 8 bytes.
[    0.556691] clocksource: Switched to clocksource arch_sys_counter
[    0.562950] FS-Cache: Loaded
[    0.580252] NET: Registered protocol family 2
[    0.585294] TCP established hash table entries: 2048 (order: 1, 8192 bytes)
[    0.592193] TCP bind hash table entries: 2048 (order: 3, 40960 bytes)
[    0.598617] TCP: Hash tables configured (established 2048 bind 2048)
[    0.604949] UDP hash table entries: 256 (order: 1, 12288 bytes)
[    0.610856] UDP-Lite hash table entries: 256 (order: 1, 12288 bytes)
[    0.617393] NET: Registered protocol family 1
[    0.622014] RPC: Registered named UNIX socket transport module.
[    0.627824] RPC: Registered udp transport module.
[    0.632480] RPC: Registered tcp transport module.
[    0.637196] RPC: Registered tcp NFSv4.1 backchannel transport module.
[    0.643842] Trying to unpack rootfs image as initramfs...
[    0.649384] rootfs image is not initramfs (junk in compressed archive); looks like an initrd
[    0.759664] Freeing initrd memory: 28672K
[    0.763908] hw perfevents: enabled with armv7_cortex_a7 PMU driver, 5 counters available
[    0.774642] workingset: timestamp_bits=30 max_order=16 bucket_order=0
[    0.794970] squashfs: version 4.0 (2009/01/31) Phillip Lougher
[    0.803060] fuse init (API version 7.26)
[    0.811716] NET: Registered protocol family 38
[    0.816299] Block layer SCSI generic (bsg) driver version 0.4 loaded (major 251)
[    0.823598] io scheduler noop registered
[    0.827476] io scheduler deadline registered (default)
[    0.832844] io scheduler cfq registered
[    0.836718] Infinity6e PHY probe, base:fd2a4600
[    0.843675] brd: module loaded
[    0.847793] libphy: Fixed MDIO Bus: probed
[    0.851732] tun: Universal TUN/TAP device driver, 1.6
[    0.856837] tun: (C) 1999-2004 Max Krasnyansky <maxk@qualcomm.com>
[    0.863205] PPP generic driver version 2.4.2
[    0.867560] PPP BSD Compression module registered
[    0.872105] PPP Deflate Compression module registered
[    0.877203] PPP MPPE Compression module registered
[    0.881942] NET: Registered protocol family 24
[    0.886555] i2c /dev entries driver
[    0.891229] 1f221000.uart0: ttyS0 at MMIO 0x0 (irq = 45, base_baud = 10800000) is a unknown
[    0.899945] 1f221200.uart1: ttyS1 at MMIO 0x0 (irq = 46, base_baud = 10800000) is a unknown
[    0.908842] 1f220400.uart2: ttyS2 at MMIO 0x0 (irq = 49, base_baud = 10800000) is a unknown
[    0.917829] [MS_PM_INTC] hw:9 -> v:72
[    0.921580] [MS_PM_INTC] hw:10 -> v:73
[    0.925749] >> [sdmmc] ms_sdmmc_probe
[    0.936129] >> [sdmmc_0] Probe Platform Devices
[    0.946746] >> [sdmmc_1] Probe Platform Devices
[    0.951697] MSYS: DMEM request: [emac0_buff]:0x00000812
[    0.956868] MSYS: DMEM request: [emac0_buff]:0x00000812 success, CPU phy:@0x29C47000, virt:@0xC9C47000
[    0.966955] libphy: mdio: probed
[    0.970030] mdio_bus mdio-bus@emac0: /soc/emac0/mdio-bus/ethernet-phy@0 has invalid PHY address
[    0.978752] mdio_bus mdio-bus@emac0: scan phy ethernet-phy at address 0
[    0.985824] mdio_bus mdio-bus@emac0: scan phy ethernet-phy at address 1
[    0.988887] mmc0: new high speed SDHC card at address 59b4
[    0.989497] mmcblk0: mmc0:59b4 SD    7.36 GiB
[    0.993185]  mmcblk0: p1
[    1.004753] mdio_bus mdio-bus@emac0: scan phy ethernet-phy at address 2
[    1.011375] mdio_bus mdio-bus@emac0: scan phy ethernet-phy at address 3
[    1.017994] mdio_bus mdio-bus@emac0: scan phy ethernet-phy at address 4
[    1.024585] mdio_bus mdio-bus@emac0: scan phy ethernet-phy at address 5
[    1.031221] mdio_bus mdio-bus@emac0: scan phy ethernet-phy at address 6
[    1.037832] mdio_bus mdio-bus@emac0: scan phy ethernet-phy at address 7
[    1.044429] mdio_bus mdio-bus@emac0: scan phy ethernet-phy at address 8
[    1.051059] mdio_bus mdio-bus@emac0: scan phy ethernet-phy at address 9
[    1.057675] mdio_bus mdio-bus@emac0: scan phy ethernet-phy at address 10
[    1.064361] mdio_bus mdio-bus@emac0: scan phy ethernet-phy at address 11
[    1.071084] mdio_bus mdio-bus@emac0: scan phy ethernet-phy at address 12
[    1.077781] mdio_bus mdio-bus@emac0: scan phy ethernet-phy at address 13
[    1.084467] mdio_bus mdio-bus@emac0: scan phy ethernet-phy at address 14
[    1.091186] mdio_bus mdio-bus@emac0: scan phy ethernet-phy at address 15
[    1.097886] mdio_bus mdio-bus@emac0: scan phy ethernet-phy at address 16
[    1.104572] mdio_bus mdio-bus@emac0: scan phy ethernet-phy at address 17
[    1.111289] mdio_bus mdio-bus@emac0: scan phy ethernet-phy at address 18
[    1.117991] mdio_bus mdio-bus@emac0: scan phy ethernet-phy at address 19
[    1.124678] mdio_bus mdio-bus@emac0: scan phy ethernet-phy at address 20
[    1.131395] mdio_bus mdio-bus@emac0: scan phy ethernet-phy at address 21
[    1.138096] mdio_bus mdio-bus@emac0: scan phy ethernet-phy at address 22
[    1.144783] mdio_bus mdio-bus@emac0: scan phy ethernet-phy at address 23
[    1.151505] mdio_bus mdio-bus@emac0: scan phy ethernet-phy at address 24
[    1.158202] mdio_bus mdio-bus@emac0: scan phy ethernet-phy at address 25
[    1.164889] mdio_bus mdio-bus@emac0: scan phy ethernet-phy at address 26
[    1.171606] mdio_bus mdio-bus@emac0: scan phy ethernet-phy at address 27
[    1.178309] mdio_bus mdio-bus@emac0: scan phy ethernet-phy at address 28
[    1.184994] mdio_bus mdio-bus@emac0: scan phy ethernet-phy at address 29
[    1.191711] mdio_bus mdio-bus@emac0: scan phy ethernet-phy at address 30
[    1.198413] mdio_bus mdio-bus@emac0: scan phy ethernet-phy at address 31
[    1.205187] [emac_phy_connect][3324] connected mac emac0 to PHY at mdio-bus@emac0:00 [uid=11112222, driver=SStar 10/100 Ethernet Phy]
[    1.218430] ms_rtcpwc 1f006800.rtcpwc: rtc core: registered 1f006800.rtcpwc as rtc0
[    1.227250] MSYS: DMEM request: [AESDMA_ENG]:0x00001000
[    1.232409] MSYS: DMEM request: [AESDMA_ENG]:0x00001000 success, CPU phy:@0x29C48000, virt:@0xC9C48000
[    1.242110] MSYS: DMEM request: [AESDMA_ENG1]:0x00001000
[    1.247345] MSYS: DMEM request: [AESDMA_ENG1]:0x00001000 success, CPU phy:@0x29C49000, virt:@0xC9C49000
[    1.257442] cryptodev: driver 1.10(a1e738a) loaded.
[    1.263120] [ms_cpufreq_init] Current clk=796917760
[    1.268548] [i6e][pwm] use ms_pwm->group_data
[    1.273030] [NOTICE]pwm-isr(62) success. If not i6e or i6b0, pls confirm it on .dtsi
[    1.280852] mstar_spinand_probe: mstar_spinand enableClock
[    1.286186] MSYS: DMEM request: [BDMA]:0x00000840
[    1.290970] MSYS: DMEM request: [BDMA]:0x00000840 success, CPU phy:@0x29C4A000, virt:@0xC9C4A000
[    1.301025] MDrv_SPINAND_Init: SPINAND Device DETECT
[    1.305835] VIVOTEK_SHOW_FLASH_ID: MID = C2 , DID = 26 03
[    1.305835]
[    1.312896] _dumpNandInformation:warning, Bytes / Page :  2048
[    1.318728] _dumpNandInformation:warning, Pages / Block:  64
[    1.324370] _dumpNandInformation:warning, Sector/ Page :  512
[    1.330127] _dumpNandInformation:warning, Spare / Page :  128
[    1.335860] _dumpNandInformation:warning, Current config r:1 w:1 drv:1
[    1.342806] mstar_spinand_probe: CIS contains part info
[    1.347886] mstar_spinand_probe: Before nand_scan()...
[    1.353472] Bad block table found at page 131008, version 0x04
[    1.359978] Bad block table found at page 130944, version 0x04
[    1.366085] nand_read_bbt: bad block at 0x000007740000
[    1.371085] nand_read_bbt: bad block at 0x000007d00000
[    1.376199] nand_read_bbt: bad block at 0x000007d20000
[    1.381584] 7 ofpart partitions found on MTD device nand0
[    1.386852] mstar_spinand_probe: Mtd parts parse
[    1.391439] Creating 7 MTD partitions on "nand0":
[    1.396145] 0x000000000000-0x000010000000 : "linux"
[    1.404696] 0x000000000000-0x000008000000 : "none"
[    1.411869] 0x000004540000-0x000005040000 : "flashfs1"
[    1.418374] 0x000005040000-0x00000fd00000 : "flashfs2"
[    1.426234] 0x00000fd00000-0x000010000000 : "NFDI"
[    1.432332] 0x000000d40000-0x000002940000 : "ROOTFS0"
[    1.438825] Partition(ROOTFS0) is squashfs
[    1.533368] 0x000002940000-0x000004540000 : "ROOTFS1"
[    1.539843] Partition(ROOTFS1) is squashfs
[    1.634655] [MSPI] mspi 0 use dma mode
[    1.638995] [MSPI] mspi 1 use dma mode
[    1.643901] mstar notify driver install successfully
[    1.649011] Netfilter messages via NETLINK v0.30.
[    1.653567] nfnl_acct: registering with nfnetlink.
[    1.658641] ip_tables: (C) 2000-2006 Netfilter Core Team
[    1.665030] NET: Registered protocol family 10
[    1.670636] ip6_tables: (C) 2000-2006 Netfilter Core Team
[    1.676234] sit: IPv6, IPv4 and MPLS over IPv4 tunneling driver
[    1.682992] NET: Registered protocol family 17
[    1.687389] Bridge firewalling registered
[    1.691282] 8021q: 802.1Q VLAN Support v1.8
[    1.695503] Key type dns_resolver registered
[    1.699983] [mstar_pm_init] resume_pbase=0x200115B5, suspend_imi_vbase=0xD003D000
[    1.708114] ThumbEE CPU extension supported.
[    1.712232] Registering SWP/SWPB emulation handler
[    1.762845] ms_rtcpwc 1f006800.rtcpwc: setting system clock to 1970-01-06 23:37:04 UTC (517024)
[    1.772280] RAMDISK: squashfs filesystem found at block 0
[    1.777561] RAMDISK: Loading 5875KiB [1 disk] into ram disk... [    1.855136] done.
[    1.858158] VFS: Mounted root (squashfs filesystem) readonly on device 1:0.
[    1.864995] This architecture does not have kernel memory protection.
[    3.286819] [emac_phy_link_adjust] EMAC Link Up
Detect SD card
[    4.105966] FAT-fs (mmcblk0p1): Volume was not properly unmounted. Some data may be corrupt. Please run fsck.
Enter rescueSD
[    4.121345] [Padmux]reset PAD8(reg 0x3f00:55; mask0x40) t0 GPIO (org: PM_PM_PAD_EXT_MODE_6)
[    4.129800] [MS_PM_INTC] hw:4 -> v:74
[    4.134202] [MS_PM_INTC] hw:7 -> v:75
[    4.138844] [MS_PM_INTC] hw:8 -> v:76
Stage: Install GPIO driver ...
[    4.149806] gpioc: loading out-of-tree module taints kernel.
[    4.155884] GPIO Device Driver version 1.0.0.2
Stage: check apply_patch_before
Stage: Blink LED ...
Stage: Check flash exists
Stage: Check bad block for sysparam ...
Bad block num/Total block num: 0/8
Stage: Unpack flash.pkg ...
Pkg version: 1.4a.a1.1.4
Support script version : 0101a
System image size = 30861344
[    4.496873] random: fast init done
Stage: Untar setup.tar.gz ...
Stage: Decrypt firmware ...
2442456:error:0606506D:digital envelope routines:EVP_DecryptFinal_ex:wrong final block length:evp_enc.c:552:
2442456:error:0606506D:digital envelope routines:EVP_DecryptFinal_ex:wrong final block length:evp_enc.c:552:
Stage: Untar flash.bin ...
Stage: Rebuild sysparam and keep partial settings ...
[src/sysparam.c:509]: "lsc" is not exist!
[src/sysparam.c:509]: "dpc" is not exist!
[src/sysparam.c:509]: "awb" is not exist!
[src/sysparam.c:509]: "sensor_calibration" is not exist!
[src/sysparam.c:509]: "gsensorraw" is not exist!
"cleantlv" write successfully!
Stage: Apply sysparam by setup.ini ...
"pid" write successfully!
"macaddress" write successfully!
Stage: Generate defconf ...
BusyBox v1.29.2 fix CVE-2018-20679 & CVE-2019-5747 (2020-10-19 18:48:34 CST) multi-call binary.

Usage: rm [-irf] FILE...

Remove (unlink) FILEs

        -i      Always prompt before removing
        -f      Never prompt
        -R,-r   Recurse
ls: /mnt/ramdisk/setup/vadppkg/*.xml: No such file or directory
ls: /mnt/ramdisk/setup/vadppkg/*.json: No such file or directory
ls: /mnt/ramdisk/setup/vadppkg/*.xml: No such file or directory
VADP packages total size = 20988288
The resource storage size = 52424704
Copy VADP packages successfully!
Stage: bootloader burning from SD card ...
Stage: firmware burning from SD card ...
"flashstatus" write successfully!
Stage: Install VADP ...
VADP version is greater or equal 1.4.0.0, so we change install package path and license path
cp: can't stat '/mnt/mmc/FD9369-022EC725F3BC.json': No such file or directory
cp: can't stat '/mnt/mmc/*tar.gz': No such file or directory
Stage: Install dynamicBurnInTool ...
Stage: Install patch ...
Stage: tar flash2 ...
tar: removing leading '/' from member names
Stage: flash2 burning ...
Stage: Setup upgrade mode ...
"flashstatus" write successfully!
Stage: check apply_patch_after
 Done!!

IPL ecfc1a5
D-11
MCP1866_4X
miupll_400MHz
256MB
BIST0_0001-OK
[SDMMC] NO SD!
Load IPL_CUST from SPINAND

 BlSize 00006520
Checksum OK
JMP+++
IPL_CUST modify 20201224
PM_GPIO_0 low +++++++++++++++++++
--------------------------------
PM_GPIO_1 low +++++++++++++++++++
--------------------------------
IPL_CUST ecfc1a5
[SDMMC] NO SD!
_IPLCustSNandOp
Load BL from SPINAND
  decomp_size=0x0007fd38


U-Boot 2015.01-svn253245 (Jan 08 2021 - 13:09:12)

Version: I6E#g#######
I2C:   ready
DRAM:
WARNING: Caches not enabled
SPINAND_I:  SPINAND: _MDrv_SPINAND_GET_INFO: Found SPINAND INFO
(0xC2) (0x26) (0x3)
SPINAND: board_nand_init: CIS contains part info
256 MiB
MMC:   MStar SD/MMC: 0
Can't readenv from flash
*** Warning - readenv() failed, using default environment

In:    serial
Out:   serial
Err:   serial
Net:   MAC Address 00:30:1B:BA:02:DB
Auto-Negotiation...
Link Status Speed:100 Full-duplex:1
sstar_emac
Warning: sstar_emac using MAC address from net device

_[sdmmc_0] Card Detect Fail!
** Bad device mmc 0 **
Failed to load kernel from SD card
_[sdmmc_0] Card Detect Fail!
_[sdmmc_0] Card Detect Fail!
** Bad device mmc 0 **
_[sdmmc_0] Card Detect Fail!
** Bad device mmc 0 **
Failed to load kernel from SD card
nand_read_bbt: bad block at 0x000007740000
nand_read_bbt: bad block at 0x000007d00000
nand_read_bbt: bad block at 0x000007d20000
flash status = 0

## Checking Image at 22000000 ...
   Legacy image found

## Checking Image at 22000000 ...
   Legacy image found
   Image Name:   MVX4##I6E#g#######KL_LX409##[BR:
   Image Type:   ARM Linux Kernel Image (lzma compressed)
   Data Size:    2654064 Bytes = 2.5 MiB
   Load Address: 20008000
   Entry Point:  20008000
   Verifying Checksum ... OK

## Checking Image at 22d00000 ...
   Legacy image found

## Checking Image at 22d00000 ...
   Legacy image found
   Image Name:   SAV53XDeviceTree
   Image Type:   ARM Linux Flat Device Tree (uncompressed)
   Data Size:    39337 Bytes = 38.4 KiB
   Load Address: 22e00000
   Entry Point:  22e00000
   Verifying Checksum ... OK

## Checking Image at 22fe0000 ...
   Legacy image found

## Checking Image at 22fe0000 ...
   Legacy image found
   Image Name:   Rootfs
   Image Type:   ARM Linux Filesystem Image (uncompressed)
   Data Size:    27967424 Bytes = 26.7 MiB
   Load Address: 02ffffc0
   Entry Point:  03000000
   Verifying Checksum ... OK
##  Booting kernel from Legacy Image at 22000000 ...
## Flattened Device Tree from Legacy Image at 22d00000
   Booting using the fdt blob at 0x22e00000
   Uncompressing Kernel Image ...
[XZ] !!!reserved 0x21000000 length=0x 1000000 for xz!!
   XZ: uncompressed size=0x538000, ret=7
OK
   Loading Device Tree to 25ab2000, end 25abe9a8 ... OK
Ori bootargs: LX_MEM=0xffe0000 mma_heap=mma_heap_name0,miu=0,sz=0x5B00000 mma_heap=mma_heap_ipu,miu=0,sz=0x164000 mma_memblock_remove=1 cma=2M console=ttyS0,115200
New bootargs: LX_MEM=0xffe0000 mma_heap=mma_heap_name0,miu=0,sz=0x5B00000 mma_heap=mma_heap_ipu,miu=0,sz=0x164000 mma_memblock_remove=1 cma=2M console=ttyS0,115200 root=/dev/mtdblock5

Starting kernel ...

[    0.000000] Booting Linux on physical CPU 0x0
[    0.000000] Linux version 4.9.84 (dante.lin@rd1-5) (gcc version 9.1.0 (GCC) ) #3 SMP Fri Jan 8 13:11:28 CST 2021
[    0.000000] CPU: ARMv7 Processor [410fc075] revision 5 (ARMv7), cr=50c5387d
[    0.000000] CPU: div instructions available: patching division code
[    0.000000] CPU: PIPT / VIPT nonaliasing data cache, VIPT aliasing instruction cache
[    0.000000] OF: fdt:Machine model: INFINITY6E SSC012B-S01A
[    0.000000] [ERR] LX_MEM, LX_MEM2, LX_MEM3 not 1MB aligned
[    0.000000] LXmem is 0xffe0000 PHYS_OFFSET is 0x20000000
[    0.000000] Add mem start 0x20000000 size 0xffe0000!!!!
[    0.000000]
[    0.000000] LX_MEM  = 0x20000000, 0xffe0000
[    0.000000] LX_MEM2 = 0x0, 0x0
[    0.000000] LX_MEM3 = 0x0, 0x0
[    0.000000] EMAC_LEN= 0x0
[    0.000000] DRAM_LEN= 0x0
[    0.000000] no any mmap reserved
[    0.000000] deal_with_reserve_mma_heap memblock_reserve success mma_config[0].reserved_start=
[    0.000000] 0x2a4e0000
[    0.000000]
[    0.000000] deal_with_reserve_mma_heap memblock_reserve success mma_config[1].reserved_start=
[    0.000000] 0x2a37c000
[    0.000000]
[    0.000000] cma: Reserved 4 MiB at 0x29c00000
[    0.000000] Memory policy: Data cache writealloc
[    0.000000] [infinity6e_smp_init_cpus]
[    0.000000] percpu: Embedded 13 pages/cpu @ca136000 s21336 r8192 d23720 u53248
[    0.000000] Built 1 zonelists in Zone order, mobility grouping on.  Total pages: 64992
[    0.000000] Kernel command line: LX_MEM=0xffe0000 mma_heap=mma_heap_name0,miu=0,sz=0x5B00000 mma_heap=mma_heap_ipu,miu=0,sz=0x164000 mma_memblock_remove=1 cma=2M console=ttyS0,115200 root=/dev/mtdblock5
[    0.000000] PID hash table entries: 1024 (order: 0, 4096 bytes)
[    0.000000] Dentry cache hash table entries: 32768 (order: 5, 131072 bytes)
[    0.000000] Inode-cache hash table entries: 16384 (order: 4, 65536 bytes)
[    0.000000] Memory: 155208K/262016K available (3190K kernel code, 177K rwdata, 1608K rodata, 188K init, 181K bss, 102712K reserved, 4096K cma-reserved)
[    0.000000] Virtual kernel memory layout:
[    0.000000]     vector  : 0xffff0000 - 0xffff1000   (   4 kB)
[    0.000000]     fixmap  : 0xffc00000 - 0xfff00000   (3072 kB)
[    0.000000]     vmalloc : 0xd0000000 - 0xff800000   ( 760 MB)
[    0.000000]     lowmem  : 0xc0000000 - 0xcffe0000   ( 255 MB)
[    0.000000]     modules : 0xbf800000 - 0xc0000000   (   8 MB)
[    0.000000]       .text : 0xc0008000 - 0xc0325b4c   (3191 kB)
[    0.000000]       .init : 0xc04e3000 - 0xc0512000   ( 188 kB)
[    0.000000]       .data : 0xc0512000 - 0xc053e7a0   ( 178 kB)
[    0.000000]        .bss : 0xc0540000 - 0xc056d408   ( 182 kB)
[    0.000000] SLUB: HWalign=64, Order=0-3, MinObjects=0, CPUs=2, Nodes=1
[    0.000000] Hierarchical RCU implementation.
[    0.000000]  Build-time adjustment of leaf fanout to 32.
[    0.000000]  RCU restricting CPUs from NR_CPUS=4 to nr_cpu_ids=2.
[    0.000000] RCU: Adjusting geometry for rcu_fanout_leaf=32, nr_cpu_ids=2
[    0.000000] NR_IRQS:16 nr_irqs:16 16
[    0.000000] ms_init_main_intc: np->name=ms_main_intc, parent=gic
[    0.000000] ms_init_pm_intc: np->name=ms_pm_intc, parent=ms_main_intc
[    0.000000] ss_init_gpi_intc: np->name=ms_gpi_intc, parent=ms_main_intc
[    0.000000] Find CLK_ven_pll, hook ms_venpll_ops
[    0.000000] Find CLK_cpupll_clk, hook ms_cpuclk_ops
[    0.000000] arm_arch_timer: Architected cp15 timer(s) running at 6.00MHz (virt).
[    0.000000] clocksource: arch_sys_counter: mask: 0xffffffffffffff max_cycles: 0x1623fa770, max_idle_ns: 440795202238 ns
[    0.000007] sched_clock: 56 bits at 6MHz, resolution 166ns, wraps every 4398046511055ns
[    0.000021] Switching to timer-based delay loop, resolution 166ns
[    0.000461] Console: colour dummy device 80x30
[    0.334828] console [ttyS0] enabled
[    0.338320] Calibrating delay loop (skipped), value calculated using timer frequency.. 12.00 BogoMIPS (lpj=60000)
[    0.348580] pid_max: default: 32768 minimum: 301
[    0.353306] Mount-cache hash table entries: 1024 (order: 0, 4096 bytes)
[    0.359823] Mountpoint-cache hash table entries: 1024 (order: 0, 4096 bytes)
[    0.367546] CPU: Testing write buffer coherency: ok
[    0.372490] CPU0: update cpu_capacity 1024
[    0.376430] CPU0: thread -1, cpu 0, socket 0, mpidr 80000000
[    0.382291] Setting up static identity map for 0x20008240 - 0x2000828c
[    0.390037] [infinity6e_boot_secondary]
[    0.393823] CPU1: update cpu_capacity 1024
[    0.393830] CPU1: thread -1, cpu 1, socket 0, mpidr 80000001
[    0.393918] Brought up 2 CPUs
[    0.406487] SMP: Total of 2 processors activated (24.00 BogoMIPS).
[    0.412649] CPU: All CPU(s) started in SVC mode.
[    0.418035] devtmpfs: initialized
[    0.438234] VFP support v0.3: implementor 41 architecture 2 part 30 variant 7 rev 5
[    0.446065] clocksource: jiffies: mask: 0xffffffff max_cycles: 0xffffffff, max_idle_ns: 19112604462750000 ns
[    0.455789] futex hash table entries: 512 (order: 3, 32768 bytes)
[    0.462662] NET: Registered protocol family 16
[    0.468007] DMA: preallocated 256 KiB pool for atomic coherent allocations
[    0.476442]
[    0.476442]
[    0.476442] Version : MVX4##I6E#g#######KL_LX409##[BR:g]#XVM
[    0.476442]
[    0.500123] GPIO: probe end[    0.505179] [Padmux]reset PAD42(reg 0x103c00:6f; mask0x7) t0 SD1_MODE_2 (org: I2C0_MODE_1)
[    0.513334] [Padmux]reset PAD41(reg 0x103c00:66; mask0x7000) t0 SD1_MODE_2 (org: PWM7_MODE_5)
[    0.522057] hw-breakpoint: found 5 (+1 reserved) breakpoint and 4 watchpoint registers.
[    0.529929] hw-breakpoint: maximum watchpoint size is 8 bytes.
[    0.547179] clocksource: Switched to clocksource arch_sys_counter
[    0.553395] FS-Cache: Loaded
[    0.569930] NET: Registered protocol family 2
[    0.574793] TCP established hash table entries: 2048 (order: 1, 8192 bytes)
[    0.581677] TCP bind hash table entries: 2048 (order: 3, 40960 bytes)
[    0.588113] TCP: Hash tables configured (established 2048 bind 2048)
[    0.594447] UDP hash table entries: 256 (order: 1, 12288 bytes)
[    0.600355] UDP-Lite hash table entries: 256 (order: 1, 12288 bytes)
[    0.606858] NET: Registered protocol family 1
[    0.611427] RPC: Registered named UNIX socket transport module.
[    0.617224] RPC: Registered udp transport module.
[    0.621893] RPC: Registered tcp transport module.
[    0.626593] RPC: Registered tcp NFSv4.1 backchannel transport module.
[    0.633566] hw perfevents: enabled with armv7_cortex_a7 PMU driver, 5 counters available
[    0.644078] workingset: timestamp_bits=30 max_order=16 bucket_order=0
[    0.663937] squashfs: version 4.0 (2009/01/31) Phillip Lougher
[    0.671811] fuse init (API version 7.26)
[    0.680597] NET: Registered protocol family 38
[    0.685172] Block layer SCSI generic (bsg) driver version 0.4 loaded (major 251)
[    0.692467] io scheduler noop registered
[    0.696332] io scheduler deadline registered (default)
[    0.701719] io scheduler cfq registered
[    0.705557] Infinity6e PHY probe, base:fd2a4600
[    0.712427] brd: module loaded
[    0.716468] libphy: Fixed MDIO Bus: probed
[    0.720451] tun: Universal TUN/TAP device driver, 1.6
[    0.725453] tun: (C) 1999-2004 Max Krasnyansky <maxk@qualcomm.com>
[    0.731899] PPP generic driver version 2.4.2
[    0.736219] PPP BSD Compression module registered
[    0.740795] PPP Deflate Compression module registered
[    0.745824] PPP MPPE Compression module registered
[    0.750660] NET: Registered protocol family 24
[    0.755198] i2c /dev entries driver
[    0.759927] 1f221000.uart0: ttyS0 at MMIO 0x0 (irq = 45, base_baud = 10800000) is a unknown
[    0.768615] 1f221200.uart1: ttyS1 at MMIO 0x0 (irq = 46, base_baud = 10800000) is a unknown
[    0.777486] 1f220400.uart2: ttyS2 at MMIO 0x0 (irq = 49, base_baud = 10800000) is a unknown
[    0.786398] [MS_PM_INTC] hw:9 -> v:72
[    0.790179] [MS_PM_INTC] hw:10 -> v:73
[    0.794336] >> [sdmmc] ms_sdmmc_probe
[    0.799540] >> [sdmmc_0] Probe Platform Devices
[    0.805277] >> [sdmmc_1] Probe Platform Devices
[    0.810220] MSYS: DMEM request: [emac0_buff]:0x00000812
[    0.815401] MSYS: DMEM request: [emac0_buff]:0x00000812 success, CPU phy:@0x29C47000, virt:@0xC9C47000
[    0.825441] libphy: mdio: probed
[    0.828553] mdio_bus mdio-bus@emac0: /soc/emac0/mdio-bus/ethernet-phy@0 has invalid PHY address
[    0.837235] mdio_bus mdio-bus@emac0: scan phy ethernet-phy at address 0
[    0.844300] mdio_bus mdio-bus@emac0: scan phy ethernet-phy at address 1
[    0.850799] mdio_bus mdio-bus@emac0: scan phy ethernet-phy at address 2
[    0.857399] mdio_bus mdio-bus@emac0: scan phy ethernet-phy at address 3
[    0.864001] mdio_bus mdio-bus@emac0: scan phy ethernet-phy at address 4
[    0.870632] mdio_bus mdio-bus@emac0: scan phy ethernet-phy at address 5
[    0.877242] mdio_bus mdio-bus@emac0: scan phy ethernet-phy at address 6
[    0.883846] mdio_bus mdio-bus@emac0: scan phy ethernet-phy at address 7
[    0.890471] mdio_bus mdio-bus@emac0: scan phy ethernet-phy at address 8
[    0.897075] mdio_bus mdio-bus@emac0: scan phy ethernet-phy at address 9
[    0.903701] mdio_bus mdio-bus@emac0: scan phy ethernet-phy at address 10
[    0.910403] mdio_bus mdio-bus@emac0: scan phy ethernet-phy at address 11
[    0.917094] mdio_bus mdio-bus@emac0: scan phy ethernet-phy at address 12
[    0.923806] mdio_bus mdio-bus@emac0: scan phy ethernet-phy at address 13
[    0.930508] mdio_bus mdio-bus@emac0: scan phy ethernet-phy at address 14
[    0.937210] mdio_bus mdio-bus@emac0: scan phy ethernet-phy at address 15
[    0.943901] mdio_bus mdio-bus@emac0: scan phy ethernet-phy at address 16
[    0.950613] mdio_bus mdio-bus@emac0: scan phy ethernet-phy at address 17
[    0.957315] mdio_bus mdio-bus@emac0: scan phy ethernet-phy at address 18
[    0.964007] mdio_bus mdio-bus@emac0: scan phy ethernet-phy at address 19
[    0.970719] mdio_bus mdio-bus@emac0: scan phy ethernet-phy at address 20
[    0.977420] mdio_bus mdio-bus@emac0: scan phy ethernet-phy at address 21
[    0.984112] mdio_bus mdio-bus@emac0: scan phy ethernet-phy at address 22
[    0.990825] mdio_bus mdio-bus@emac0: scan phy ethernet-phy at address 23
[    0.997531] mdio_bus mdio-bus@emac0: scan phy ethernet-phy at address 24
[    1.004218] mdio_bus mdio-bus@emac0: scan phy ethernet-phy at address 25
[    1.010931] mdio_bus mdio-bus@emac0: scan phy ethernet-phy at address 26
[    1.017632] mdio_bus mdio-bus@emac0: scan phy ethernet-phy at address 27
[    1.024323] mdio_bus mdio-bus@emac0: scan phy ethernet-phy at address 28
[    1.031036] mdio_bus mdio-bus@emac0: scan phy ethernet-phy at address 29
[    1.037738] mdio_bus mdio-bus@emac0: scan phy ethernet-phy at address 30
[    1.044429] mdio_bus mdio-bus@emac0: scan phy ethernet-phy at address 31
[    1.051213] [emac_phy_connect][3324] connected mac emac0 to PHY at mdio-bus@emac0:00 [uid=11112222, driver=SStar 10/100 Ethernet Phy]
[    1.064505] ms_rtcpwc 1f006800.rtcpwc: rtc core: registered 1f006800.rtcpwc as rtc0
[    1.073270] MSYS: DMEM request: [AESDMA_ENG]:0x00001000
[    1.078437] MSYS: DMEM request: [AESDMA_ENG]:0x00001000 success, CPU phy:@0x29C48000, virt:@0xC9C48000
[    1.088040] MSYS: DMEM request: [AESDMA_ENG1]:0x00001000
[    1.093243] MSYS: DMEM request: [AESDMA_ENG1]:0x00001000 success, CPU phy:@0x29C49000, virt:@0xC9C49000
[    1.103354] cryptodev: driver 1.10(a1e738a) loaded.
[    1.109020] [ms_cpufreq_init] Current clk=796917760
[    1.114384] [i6e][pwm] use ms_pwm->group_data
[    1.118890] [NOTICE]pwm-isr(62) success. If not i6e or i6b0, pls confirm it on .dtsi
[    1.126676] mstar_spinand_probe: mstar_spinand enableClock
[    1.132049] MSYS: DMEM request: [BDMA]:0x00000840
[    1.136772] MSYS: DMEM request: [BDMA]:0x00000840 success, CPU phy:@0x29C4A000, virt:@0xC9C4A000
[    1.145799] VIVOTEK_SHOW_FLASH_ID: MID = C2 , DID = 26 03
[    1.145799]
[    1.152712] _dumpNandInformation:warning, Bytes / Page :  2048
[    1.158540] _dumpNandInformation:warning, Pages / Block:  64
[    1.164184] _dumpNandInformation:warning, Sector/ Page :  512
[    1.169943] _dumpNandInformation:warning, Spare / Page :  128
[    1.175674] _dumpNandInformation:warning, Current config r:1 w:1 drv:1
[    1.182613] mstar_spinand_probe: Magic memcmp pass
[    1.187258] mstar_spinand_probe: Get partition (Block 0 : page 1)
[    1.193730] mstar_spinand_probe: CIS contains part info
[    1.198810] mstar_spinand_probe: Before nand_scan()...
[    1.204398] Bad block table found at page 131008, version 0x04
[    1.210894] Bad block table found at page 130944, version 0x04
[    1.216993] nand_read_bbt: bad block at 0x000007740000
[    1.222002] nand_read_bbt: bad block at 0x000007d00000
[    1.227106] nand_read_bbt: bad block at 0x000007d20000
[    1.232337] 7 ofpart partitions found on MTD device nand0
[    1.237654] mstar_spinand_probe: Mtd parts parse
[    1.242251] Creating 7 MTD partitions on "nand0":
[    1.246956] 0x000000000000-0x000010000000 : "linux"
[    1.255292] 0x000000000000-0x000008000000 : "none"
[    1.262289] 0x000004540000-0x000005040000 : "flashfs1"
[    1.268697] 0x000005040000-0x00000fd00000 : "flashfs2"
[    1.276389] 0x00000fd00000-0x000010000000 : "NFDI"
[    1.282476] 0x000000d40000-0x000002940000 : "ROOTFS0"
[    1.289032] Partition(ROOTFS0) is squashfs
[    1.293597] 0x000002940000-0x000004540000 : "ROOTFS1"
[    1.300038] Partition(ROOTFS1) is squashfs
[    1.304825] [MSPI] mspi 0 use dma mode
[    1.309143] [MSPI] mspi 1 use dma mode
[    1.313970] mstar notify driver install successfully
[    1.319055] Netfilter messages via NETLINK v0.30.
[    1.323611] nfnl_acct: registering with nfnetlink.
[    1.328689] ip_tables: (C) 2000-2006 Netfilter Core Team
[    1.335045] NET: Registered protocol family 10
[    1.340609] ip6_tables: (C) 2000-2006 Netfilter Core Team
[    1.346214] sit: IPv6, IPv4 and MPLS over IPv4 tunneling driver
[    1.352935] NET: Registered protocol family 17
[    1.357323] Bridge firewalling registered
[    1.361224] 8021q: 802.1Q VLAN Support v1.8
[    1.365438] Key type dns_resolver registered
[    1.369828] [mstar_pm_init] resume_pbase=0x20011435, suspend_imi_vbase=0xD0034000
[    1.377907] ThumbEE CPU extension supported.
[    1.382025] Registering SWP/SWPB emulation handler
[    1.432859] ms_rtcpwc 1f006800.rtcpwc: setting system clock to 1970-01-06 23:41:17 UTC (517277)
[    1.446196] VFS: Mounted root (squashfs filesystem) readonly on device 31:5.
[    1.453152] This architecture does not have kernel memory protection.
[    2.695582] gpioc: loading out-of-tree module taints kernel.
[    2.701633] GPIO Device Driver version 1.0.0.2
update system configuration...
except options... &
[    3.127233] [emac_phy_link_adjust] EMAC Link Up
/dev/mtd2 erase Done!!
[    3.322011] ubi0: attaching mtd2
[    3.360919] ubi0: scanning is finished
[    3.364512] ubi0: empty MTD device detected
[    3.390357] ubi0: attached mtd2 (name "flashfs1", size 11 MiB)
[    3.396065] ubi0: PEB size: 131072 bytes (128 KiB), LEB size: 126976 bytes
[    3.402985] ubi0: min./max. I/O unit sizes: 2048/2048, sub-page size 2048
[    3.409731] ubi0: VID header offset: 2048 (aligned 2048), data offset: 4096
[    3.416672] ubi0: good PEBs: 88, bad PEBs: 0, corrupted PEBs: 0
[    3.422607] ubi0: user volume: 0, internal volumes: 1, max. volumes count: 128
[    3.429830] ubi0: max/mean erase counter: 0/0, WL threshold: 4096, image sequence number: 2122494739
[    3.438967] ubi0: available PEBs: 44, total reserved PEBs: 44, PEBs reserved for bad PEB handling: 40
[    3.448212] ubi0: background thread "ubi_bgt0d" started, PID 126
[    3.531015] UBIFS (ubi0:0): default file-system created
[    3.549267] UBIFS (ubi0:0): background thread "ubifs_bgt0_0" started, PID 131
[    3.780212] UBIFS (ubi0:0): UBIFS: mounted UBI device 0, volume 0, name "flashfs"
[    3.787596] UBIFS (ubi0:0): LEB size: 126976 bytes (124 KiB), min./max. I/O unit sizes: 2048 bytes/2048 bytes
[    3.797492] UBIFS (ubi0:0): FS size: 4317184 bytes (4 MiB, 34 LEBs), journal size 1015809 bytes (0 MiB, 6 LEBs)
[    3.807582] UBIFS (ubi0:0): reserved for root: 203911 bytes (199 KiB)
[    3.814012] UBIFS (ubi0:0): media format: w4/r0 (latest is w4/r0), UUID 45523093-ECFA-4164-884F-BB1FC45E34B9, small LPT model
[    3.826195] UBIFS (ubi0:0): full atime support is enabled.
erase /mnt/flash by flash_eraseall
read Default Value 1
-rw-r--r--    1 root     root          5672 Jan  6 23:41 config_vadpinfo.xml
Starting configer: .
[   14.901044] [MS_PM_INTC] hw:7 -> v:74
[   14.905466] [MS_PM_INTC] hw:8 -> v:75
insmod: can't insert '/drivers/gpioc.ko': File exists
Stopping led: .
Starting led: [   15.019939] random: led: uninitialized urandom read (4 bytes read)
[   15.026644] random: led: uninitialized urandom read (4 bytes read)
[   15.033342] random: led: uninitialized urandom read (4 bytes read)
[   15.040188] random: led: uninitialized urandom read (4 bytes read)
[   15.046805] random: led: uninitialized urandom read (4 bytes read)
[   15.053420] random: led: uninitialized urandom read (4 bytes read)
[   15.060029] random: led: uninitialized urandom read (4 bytes read)
[   15.066590] random: led: uninitialized urandom read (4 bytes read)
[   15.073406] random: led: uninitialized urandom read (4 bytes read)
.
[   15.081281] random: led: uninitialized urandom read (4 bytes read)
Starting authmgr: [SWTDLIB][src/swatchdoglib.c:0171]: ERROR: Connect socket fail (2:No such file or directory)
.
tar: invalid magic
tar: short read
Open /tmp/config/uservalue.xml~ failed: No such file or directory
Open /tmp/config/uservalue.xml~ failed: No such file or directory
Open /tmp/config/uservalue.xml~ failed: No such file or directory
0
/usr/bin/update_etc: line 442: /usr/bin/update_privilege: not found
cp: can't stat '/tmp/config/passwd': No such file or directory
cp: can't stat '/tmp/config/group': No such file or directory
cp: can't stat '/tmp/config/services': No such file or directory
cp: can't stat '/tmp/config/ssapivov': No such file or directory
cp: can't stat '/tmp/config/statusfile': No such file or directory
cp: can't stat '/tmp/config/config_onvifdiscovery.xml': No such file or directory
cp: can't stat '/tmp/config/task': No such file or directory
cp: can't stat '/tmp/config/ssl': No such file or directory
cp: can't stat '/tmp/config/config_onvif': No such file or directory
cp: can't stat '/tmp/config/vadp-enabled': No such file or directory
cp: can't stat '/tmp/config/avahi/*': No such file or directory
cp: can't stat '/tmp/config/ssh': No such file or directory
cp: can't stat '/tmp/config/config_dst.xml': No such file or directory
cp: can't stat '/tmp/config/certificate.info': No such file or directory
cp: can't stat '/tmp/config/privatekey.pem': No such file or directory
cp: can't stat '/tmp/config/publickey.cert': No such file or directory
cp: can't stat '/tmp/config/publickey.req': No such file or directory
cp: can't stat '/tmp/config/remotefocusd': No such file or directory
cp: can't stat '/tmp/config/zfsys': No such file or directory
Not found private key
.
ip address is 192.168.0.99
resetip is 1
Stopping snmpd: killall: snmpd: no process killed
.
Starting ddnsc: DDNS client is disabled
Reloading configuration syslogd: .
config file parse OK!!
Shared Memory 1 get nothing?
Attach SharedMemBlock failed!
end
config file parse OK!!
Shared Memory 2 get nothing?
Attach SharedMemBlock failed!
end
open fdFIFO fail, errno=2
open fdFIFO fail, errno=2
open fdFIFO fail, errno=2
open fdFIFO fail, errno=2
cat: can't open '/var/run/venc.pid': No such file or directory
sh: you need to specify whom to kill
killall: serverpush: no process killed
network_rtsp_s0_audiotrack=-1
network_rtsp_s1_audiotrack=-1
Stopping rtsps: .
rm: can't remove '/var/run/rtsps.pid': No such file or directory
.
[SessionMgr_CreateConnFile] Create File /var/run/sessioninfo fd 3 ptr 0x221a0 inode 1404 iWriteNum 81 iResult 0
[sessmgr] : Update debug level to 6:LOG_INFO FIX=4 ANT=0
/etc/init.d/rtsps: line 51: can't create /var/run/ss/conninfo: nonexistent directory
Starting rtsps: Starting upnpdd: run as daemon mode
enable 1
Stopping : .
.
rm: can't remove '/var/run/storm.pid': No such file or directory
.
Starting : open fdFIFO fail, errno=2
cat: can't open '/var/run/stormgr.pid': No such file or directory
sh: you need to specify whom to kill
onvif_deviceinfo_hardwareid=1.4a
grep: /etc/conf.[   19.034517] random: fast init done
d/config_onvifdiscovery.xml: No such file or directory
sh: 0: unknown operand
grep: /etc/conf.d/config_onvifdiscovery.xml: No such file or directory
sh: 0: unknown operand
sh: 0: unknown operand
grep: /etc/conf.d/config_onvif/config_onvif_media_profile.xml: No such file or directory
sh: 0: unknown operand
grep: /etc/conf.d/config_onvif/config_onvif_media_profile.xml: No such file or directory
sh: 0: unknown operand
/usr/bin/modify_conf_file: line 371: /usr/bin/onvifmedia2migration: not found
Reloading configuration httpd: .
Reloading configuration httpd: .
Reloading configuration httpd: .
Reloading configuration httpd: .
https_connect=8080
Stopping stunnel: .
ifconfig: wlan0: error fetching interface information: Device not found
Reloading configuration httpd: .
Update GID: ok
restore user data...
/dev/mtd3 erase Done!!
[   26.965918] ubi1: attaching mtd3
[   27.521605] ubi1: scanning is finished
[   27.525199] ubi1: empty MTD device detected
[   27.560680] ubi1: attached mtd3 (name "flashfs2", size 172 MiB)
[   27.566453] ubi1: PEB size: 131072 bytes (128 KiB), LEB size: 126976 bytes
[   27.573351] ubi1: min./max. I/O unit sizes: 2048/2048, sub-page size 2048
[   27.580134] ubi1: VID header offset: 2048 (aligned 2048), data offset: 4096
[   27.587079] ubi1: good PEBs: 1379, bad PEBs: 3, corrupted PEBs: 0
[   27.593184] ubi1: user volume: 0, internal volumes: 1, max. volumes count: 128
[   27.600408] ubi1: max/mean erase counter: 0/0, WL threshold: 4096, image sequence number: 3738927159
[   27.609545] ubi1: available PEBs: 1338, total reserved PEBs: 41, PEBs reserved for bad PEB handling: 37
[   27.618983] ubi1: background thread "ubi_bgt1d" started, PID 579
[   27.778422] UBIFS (ubi1:0): default file-system created
[   27.809049] UBIFS (ubi1:0): background thread "ubifs_bgt1_0" started, PID 585
[   27.928934] UBIFS (ubi1:0): UBIFS: mounted UBI device 1, volume 0, name "flashfs2"
[   27.936361] UBIFS (ubi1:0): LEB size: 126976 bytes (124 KiB), min./max. I/O unit sizes: 2048 bytes/2048 bytes
[   27.946313] UBIFS (ubi1:0): FS size: 168370176 bytes (160 MiB, 1326 LEBs), journal size 8380416 bytes (7 MiB, 66 LEBs)
[   27.957014] UBIFS (ubi1:0): reserved for root: 4952683 bytes (4836 KiB)
[   27.963620] UBIFS (ubi1:0): media format: w4/r0 (latest is w4/r0), UUID D4445EF3-B305-4728-A3E2-9A023A1087F8, small LPT model
[   27.992604] UBIFS (ubi1:0): full atime support is enabled.
erase /mnt/flash2 by flash_eraseall
Starting automount: .
sh: write error: Device or resource busy
sh: write error: Device or resource busy
mknod: /dev/gpio-rled: File exists
mknod: /dev/gpio-gled: File exists
[src/sysparam.c:509]: "awb" is not exist!
Read AWB table fail!
[   48.624059] mhal: module license 'PROPRIETARY' taints kernel.
[   48.629704] Disabling lock debugging due to kernel taint
[   48.653121] mhal driver init
[   48.655929] [CSI] probe
[   48.658669] Request CSI IRQ[0]#30
[   48.661869] CSI interrupt registered
[   48.665738] vif driver probe
[   48.675070] Create device file. vif_ints,0
[   48.683542] venc_probe:261 venc driver is probed.
[   48.692103] jpe driver probed
[   48.695055] [DRV_LDC_Init_KernelModule @ 106]
[   48.706571] [DRV_SCL_MODULE] [_DrvSclVpeModuleInit @ 143]
[   48.706571]
[   48.714823] [Isp_Driver_Init]
[   48.717939] [s32CurClkIdx] = 0
[   48.721370] [ISP] Request IRQ: 29, 57
[   48.725082] [IspMid_Driver_Init]
[   48.732393] ispsclttl:0
[   48.744274] CHRDEV "mpnl" major number 232 goes below the dynamic allocation range
[   48.758746] CHRDEV "mdisp" major number 231 goes below the dynamic allocation range
[   48.766698] DrvDispIrqSetIsrNum 63, DevId too big: 1
[   48.772471] DrvDispIrqSetIsrNum 63, DevId too big: 2
[   48.772471]
[   48.779699] CHRDEV "mmipitx" major number 230 goes below the dynamic allocation range
[   48.788210] DivpProcInit 527
[   48.834413] CHRDEV "mi" major number 229 goes below the dynamic allocation range
[   49.664795] module [sys] init
[   49.667643] CHRDEV "mi_poll" major number 228 goes below the dynamic allocation range
[   49.763933] module [sensor] init
[   49.845897] module [mipitx] init
[   49.994177] module [rgn] init
[   50.153913] module [ai] init
[   50.294962] module [ipu] init
[   50.433312] module [ldc] init
[   50.659181] module [vpe] init
[   50.759972] module [shadow] init
[   50.897576] module [ao] init
[   51.002510] module [vif] init
[   51.110208] module [divp] init
[   51.390261] module [venc] init Dec  9 2020 18:50:06
[   51.443738] Connect SC2332_init_driver linear to sensor pad 0
sh: CG5251TC: unknown operand
install icr driver.
[   51.689227] ICR Device Driver version 1.0.0.2
[   51.693452] CHRDEV "ICR" major number 227 goes below the dynamic allocation range
Starting chronos: .
Starting syslogd: .
ls: /mnt/flash2/vadp-preload/: No such file or directory
Reloading configuration httpd: .

File system disk space usage
Filesystem            Size      Used Available Use% Mounted on
ubi1:flashfs2           147.8M     20.6M    122.5M  14% /mnt/flash2
******************************************
    Start to upgrade preload package
******************************************
Preload package Size: 20.0M
Untar package Size: 25.1M
VCA Preload Package Version: 6.12.3.0-4a
chmod: /tmp/gsensor_sharefile_c0: No such file or directory
cat: can't open '/proc/umap/ive': No such file or directory
find: /mnt/flash2/logs/*: No such file or directory
Update configuration...
Update configuration successfully
Reloading configuration httpd: .

File system disk space usage
Upgrade   Filesystem             Size      Used Available Use% Mounted on
Before    ubi1:flashfs2           147.8M    764.0K    142.4M   1% /mnt/flash2
After     ubi1:flashfs2           147.8M     22.3M    120.9M  16% /mnt/flash2
File space usage:
Upgrade   Size     Path
Before    0
After     25.1M    /mnt/flash2/vadp/0
Upgrade preload VCA package successfully

******************************************
    Upgrade preload package end
******************************************
File system disk space usage
Filesystem            Size      Used Available Use% Mounted on
ubi1:flashfs2           147.8M     22.3M    120.9M  16% /mnt/flash2
Stopping configer: .
Starting authmgr: .
"flashstatus" write successfully!
Change flash status from 0 to 250
ubi1:flashfs2 /mnt/flash2 ubifs rw,sync,relatime 0 0
stat: can't stat '/mnt/flash2/log/messages_system': No such file or directory
sh: 32768: unknown operand
The system is going down NOW!
Sent SIGTERM to all processes
[   75.895198] watchdog: watchdog0: watchdog did not stop!
Sent SIGKILL to all processes
Requesting system reboot
[   76.937184] reboot: Restarting system
1
IPL ecfc1a5
D-11
MCP1866_4X
miupll_400MHz
256MB
BIST0_0001-OK
[SDMMC] NO SD!
Load IPL_CUST from SPINAND

 BlSize 00006520
Checksum OK
JMP+++
IPL_CUST modify 20201224
PM_GPIO_0 low +++++++++++++++++++
--------------------------------
PM_GPIO_1 low +++++++++++++++++++
--------------------------------
IPL_CUST ecfc1a5
[SDMMC] NO SD!
_IPLCustSNandOp
Load BL from SPINAND
  decomp_size=0x0007fd38


U-Boot 2015.01-svn253245 (Jan 08 2021 - 13:09:12)

Version: I6E#g#######
I2C:   ready
DRAM:
WARNING: Caches not enabled
SPINAND_I:  SPINAND: _MDrv_SPINAND_GET_INFO: Found SPINAND INFO
(0xC2) (0x26) (0x3)
SPINAND: board_nand_init: CIS contains part info
256 MiB
MMC:   MStar SD/MMC: 0
Can't readenv from flash
*** Warning - readenv() failed, using default environment

In:    serial
Out:   serial
Err:   serial
Net:   MAC Address 00:30:1B:BA:02:DB
Auto-Negotiation...
Link Status Speed:100 Full-duplex:1
sstar_emac
Warning: sstar_emac using MAC address from net device

_[sdmmc_0] Card Detect Fail!
** Bad device mmc 0 **
Failed to load kernel from SD card
_[sdmmc_0] Card Detect Fail!
_[sdmmc_0] Card Detect Fail!
** Bad device mmc 0 **
_[sdmmc_0] Card Detect Fail!
** Bad device mmc 0 **
Failed to load kernel from SD card
nand_read_bbt: bad block at 0x000007740000
nand_read_bbt: bad block at 0x000007d00000
nand_read_bbt: bad block at 0x000007d20000
flash status = 250

## Checking Image at 22000000 ...
   Legacy image found

## Checking Image at 22000000 ...
   Legacy image found
   Image Name:   MVX4##I6E#g#######KL_LX409##[BR:
   Image Type:   ARM Linux Kernel Image (lzma compressed)
   Data Size:    2654064 Bytes = 2.5 MiB
   Load Address: 20008000
   Entry Point:  20008000
   Verifying Checksum ... OK

## Checking Image at 22d00000 ...
   Legacy image found

## Checking Image at 22d00000 ...
   Legacy image found
   Image Name:   SAV53XDeviceTree
   Image Type:   ARM Linux Flat Device Tree (uncompressed)
   Data Size:    39337 Bytes = 38.4 KiB
   Load Address: 22e00000
   Entry Point:  22e00000
   Verifying Checksum ... OK

## Checking Image at 22fe0000 ...
   Legacy image found

## Checking Image at 22fe0000 ...
   Legacy image found
   Image Name:   Rootfs
   Image Type:   ARM Linux Filesystem Image (uncompressed)
   Data Size:    27967424 Bytes = 26.7 MiB
   Load Address: 02ffffc0
   Entry Point:  03000000
   Verifying Checksum ... OK
##  Booting kernel from Legacy Image at 22000000 ...
## Flattened Device Tree from Legacy Image at 22d00000
   Booting using the fdt blob at 0x22e00000
   Uncompressing Kernel Image ...
[XZ] !!!reserved 0x21000000 length=0x 1000000 for xz!!
   XZ: uncompressed size=0x538000, ret=7
OK
   Loading Device Tree to 25ab2000, end 25abe9a8 ... OK
Ori bootargs: LX_MEM=0xffe0000 mma_heap=mma_heap_name0,miu=0,sz=0x5B00000 mma_heap=mma_heap_ipu,miu=0,sz=0x164000 mma_memblock_remove=1 cma=2M console=ttyS0,115200
New bootargs: LX_MEM=0xffe0000 mma_heap=mma_heap_name0,miu=0,sz=0x5B00000 mma_heap=mma_heap_ipu,miu=0,sz=0x164000 mma_memblock_remove=1 cma=2M console=ttyS0,115200 root=/dev/mtdblock5

Starting kernel ...

[    0.000000] Booting Linux on physical CPU 0x0
[    0.000000] Linux version 4.9.84 (dante.lin@rd1-5) (gcc version 9.1.0 (GCC) ) #3 SMP Fri Jan 8 13:11:28 CST 2021
[    0.000000] CPU: ARMv7 Processor [410fc075] revision 5 (ARMv7), cr=50c5387d
[    0.000000] CPU: div instructions available: patching division code
[    0.000000] CPU: PIPT / VIPT nonaliasing data cache, VIPT aliasing instruction cache
[    0.000000] OF: fdt:Machine model: INFINITY6E SSC012B-S01A
[    0.000000] [ERR] LX_MEM, LX_MEM2, LX_MEM3 not 1MB aligned
[    0.000000] LXmem is 0xffe0000 PHYS_OFFSET is 0x20000000
[    0.000000] Add mem start 0x20000000 size 0xffe0000!!!!
[    0.000000]
[    0.000000] LX_MEM  = 0x20000000, 0xffe0000
[    0.000000] LX_MEM2 = 0x0, 0x0
[    0.000000] LX_MEM3 = 0x0, 0x0
[    0.000000] EMAC_LEN= 0x0
[    0.000000] DRAM_LEN= 0x0
[    0.000000] no any mmap reserved
[    0.000000] deal_with_reserve_mma_heap memblock_reserve success mma_config[0].reserved_start=
[    0.000000] 0x2a4e0000
[    0.000000]
[    0.000000] deal_with_reserve_mma_heap memblock_reserve success mma_config[1].reserved_start=
[    0.000000] 0x2a37c000
[    0.000000]
[    0.000000] cma: Reserved 4 MiB at 0x29c00000
[    0.000000] Memory policy: Data cache writealloc
[    0.000000] [infinity6e_smp_init_cpus]
[    0.000000] percpu: Embedded 13 pages/cpu @ca136000 s21336 r8192 d23720 u53248
[    0.000000] Built 1 zonelists in Zone order, mobility grouping on.  Total pages: 64992
[    0.000000] Kernel command line: LX_MEM=0xffe0000 mma_heap=mma_heap_name0,miu=0,sz=0x5B00000 mma_heap=mma_heap_ipu,miu=0,sz=0x164000 mma_memblock_remove=1 cma=2M console=ttyS0,115200 root=/dev/mtdblock5
[    0.000000] PID hash table entries: 1024 (order: 0, 4096 bytes)
[    0.000000] Dentry cache hash table entries: 32768 (order: 5, 131072 bytes)
[    0.000000] Inode-cache hash table entries: 16384 (order: 4, 65536 bytes)
[    0.000000] Memory: 155208K/262016K available (3190K kernel code, 177K rwdata, 1608K rodata, 188K init, 181K bss, 102712K reserved, 4096K cma-reserved)
[    0.000000] Virtual kernel memory layout:
[    0.000000]     vector  : 0xffff0000 - 0xffff1000   (   4 kB)
[    0.000000]     fixmap  : 0xffc00000 - 0xfff00000   (3072 kB)
[    0.000000]     vmalloc : 0xd0000000 - 0xff800000   ( 760 MB)
[    0.000000]     lowmem  : 0xc0000000 - 0xcffe0000   ( 255 MB)
[    0.000000]     modules : 0xbf800000 - 0xc0000000   (   8 MB)
[    0.000000]       .text : 0xc0008000 - 0xc0325b4c   (3191 kB)
[    0.000000]       .init : 0xc04e3000 - 0xc0512000   ( 188 kB)
[    0.000000]       .data : 0xc0512000 - 0xc053e7a0   ( 178 kB)
[    0.000000]        .bss : 0xc0540000 - 0xc056d408   ( 182 kB)
[    0.000000] SLUB: HWalign=64, Order=0-3, MinObjects=0, CPUs=2, Nodes=1
[    0.000000] Hierarchical RCU implementation.
[    0.000000]  Build-time adjustment of leaf fanout to 32.
[    0.000000]  RCU restricting CPUs from NR_CPUS=4 to nr_cpu_ids=2.
[    0.000000] RCU: Adjusting geometry for rcu_fanout_leaf=32, nr_cpu_ids=2
[    0.000000] NR_IRQS:16 nr_irqs:16 16
[    0.000000] ms_init_main_intc: np->name=ms_main_intc, parent=gic
[    0.000000] ms_init_pm_intc: np->name=ms_pm_intc, parent=ms_main_intc
[    0.000000] ss_init_gpi_intc: np->name=ms_gpi_intc, parent=ms_main_intc
[    0.000000] Find CLK_ven_pll, hook ms_venpll_ops
[    0.000000] Find CLK_cpupll_clk, hook ms_cpuclk_ops
[    0.000000] arm_arch_timer: Architected cp15 timer(s) running at 6.00MHz (virt).
[    0.000000] clocksource: arch_sys_counter: mask: 0xffffffffffffff max_cycles: 0x1623fa770, max_idle_ns: 440795202238 ns
[    0.000006] sched_clock: 56 bits at 6MHz, resolution 166ns, wraps every 4398046511055ns
[    0.000021] Switching to timer-based delay loop, resolution 166ns
[    0.000457] Console: colour dummy device 80x30
[    0.334825] console [ttyS0] enabled
[    0.338318] Calibrating delay loop (skipped), value calculated using timer frequency.. 12.00 BogoMIPS (lpj=60000)
[    0.348577] pid_max: default: 32768 minimum: 301
[    0.353304] Mount-cache hash table entries: 1024 (order: 0, 4096 bytes)
[    0.359820] Mountpoint-cache hash table entries: 1024 (order: 0, 4096 bytes)
[    0.367544] CPU: Testing write buffer coherency: ok
[    0.372488] CPU0: update cpu_capacity 1024
[    0.376427] CPU0: thread -1, cpu 0, socket 0, mpidr 80000000
[    0.382290] Setting up static identity map for 0x20008240 - 0x2000828c
[    0.390034] [infinity6e_boot_secondary]
[    0.393819] CPU1: update cpu_capacity 1024
[    0.393826] CPU1: thread -1, cpu 1, socket 0, mpidr 80000001
[    0.393917] Brought up 2 CPUs
[    0.406486] SMP: Total of 2 processors activated (24.00 BogoMIPS).
[    0.412649] CPU: All CPU(s) started in SVC mode.
[    0.418032] devtmpfs: initialized
[    0.438236] VFP support v0.3: implementor 41 architecture 2 part 30 variant 7 rev 5
[    0.446068] clocksource: jiffies: mask: 0xffffffff max_cycles: 0xffffffff, max_idle_ns: 19112604462750000 ns
[    0.455792] futex hash table entries: 512 (order: 3, 32768 bytes)
[    0.462658] NET: Registered protocol family 16
[    0.468002] DMA: preallocated 256 KiB pool for atomic coherent allocations
[    0.476431]
[    0.476431]
[    0.476431] Version : MVX4##I6E#g#######KL_LX409##[BR:g]#XVM
[    0.476431]
[    0.500098] GPIO: probe end[    0.505167] [Padmux]reset PAD42(reg 0x103c00:6f; mask0x7) t0 SD1_MODE_2 (org: I2C0_MODE_1)
[    0.513324] [Padmux]reset PAD41(reg 0x103c00:66; mask0x7000) t0 SD1_MODE_2 (org: PWM7_MODE_5)
[    0.522051] hw-breakpoint: found 5 (+1 reserved) breakpoint and 4 watchpoint registers.
[    0.529922] hw-breakpoint: maximum watchpoint size is 8 bytes.
[    0.547169] clocksource: Switched to clocksource arch_sys_counter
[    0.553386] FS-Cache: Loaded
[    0.570018] NET: Registered protocol family 2
[    0.574876] TCP established hash table entries: 2048 (order: 1, 8192 bytes)
[    0.581763] TCP bind hash table entries: 2048 (order: 3, 40960 bytes)
[    0.588199] TCP: Hash tables configured (established 2048 bind 2048)
[    0.594530] UDP hash table entries: 256 (order: 1, 12288 bytes)
[    0.600439] UDP-Lite hash table entries: 256 (order: 1, 12288 bytes)
[    0.606942] NET: Registered protocol family 1
[    0.611504] RPC: Registered named UNIX socket transport module.
[    0.617301] RPC: Registered udp transport module.
[    0.621969] RPC: Registered tcp transport module.
[    0.626669] RPC: Registered tcp NFSv4.1 backchannel transport module.
[    0.633646] hw perfevents: enabled with armv7_cortex_a7 PMU driver, 5 counters available
[    0.644151] workingset: timestamp_bits=30 max_order=16 bucket_order=0
[    0.664008] squashfs: version 4.0 (2009/01/31) Phillip Lougher
[    0.671879] fuse init (API version 7.26)
[    0.680603] NET: Registered protocol family 38
[    0.685179] Block layer SCSI generic (bsg) driver version 0.4 loaded (major 251)
[    0.692464] io scheduler noop registered
[    0.696339] io scheduler deadline registered (default)
[    0.701726] io scheduler cfq registered
[    0.705560] Infinity6e PHY probe, base:fd2a4600
[    0.712433] brd: module loaded
[    0.716464] libphy: Fixed MDIO Bus: probed
[    0.720447] tun: Universal TUN/TAP device driver, 1.6
[    0.725447] tun: (C) 1999-2004 Max Krasnyansky <maxk@qualcomm.com>
[    0.731892] PPP generic driver version 2.4.2
[    0.736212] PPP BSD Compression module registered
[    0.740785] PPP Deflate Compression module registered
[    0.745817] PPP MPPE Compression module registered
[    0.750740] NET: Registered protocol family 24
[    0.755197] i2c /dev entries driver
[    0.759813] 1f221000.uart0: ttyS0 at MMIO 0x0 (irq = 45, base_baud = 10800000) is a unknown
[    0.768492] 1f221200.uart1: ttyS1 at MMIO 0x0 (irq = 46, base_baud = 10800000) is a unknown
[    0.777342] 1f220400.uart2: ttyS2 at MMIO 0x0 (irq = 49, base_baud = 10800000) is a unknown
[    0.786259] [MS_PM_INTC] hw:9 -> v:72
[    0.790036] [MS_PM_INTC] hw:10 -> v:73
[    0.794187] >> [sdmmc] ms_sdmmc_probe
[    0.799410] >> [sdmmc_0] Probe Platform Devices
[    0.805149] >> [sdmmc_1] Probe Platform Devices
[    0.810102] MSYS: DMEM request: [emac0_buff]:0x00000812
[    0.815286] MSYS: DMEM request: [emac0_buff]:0x00000812 success, CPU phy:@0x29C47000, virt:@0xC9C47000
[    0.825329] libphy: mdio: probed
[    0.828440] mdio_bus mdio-bus@emac0: /soc/emac0/mdio-bus/ethernet-phy@0 has invalid PHY address
[    0.837107] mdio_bus mdio-bus@emac0: scan phy ethernet-phy at address 0
[    0.844203] mdio_bus mdio-bus@emac0: scan phy ethernet-phy at address 1
[    0.850699] mdio_bus mdio-bus@emac0: scan phy ethernet-phy at address 2
[    0.857301] mdio_bus mdio-bus@emac0: scan phy ethernet-phy at address 3
[    0.863903] mdio_bus mdio-bus@emac0: scan phy ethernet-phy at address 4
[    0.870530] mdio_bus mdio-bus@emac0: scan phy ethernet-phy at address 5
[    0.877133] mdio_bus mdio-bus@emac0: scan phy ethernet-phy at address 6
[    0.883758] mdio_bus mdio-bus@emac0: scan phy ethernet-phy at address 7
[    0.890373] mdio_bus mdio-bus@emac0: scan phy ethernet-phy at address 8
[    0.896977] mdio_bus mdio-bus@emac0: scan phy ethernet-phy at address 9
[    0.903603] mdio_bus mdio-bus@emac0: scan phy ethernet-phy at address 10
[    0.910305] mdio_bus mdio-bus@emac0: scan phy ethernet-phy at address 11
[    0.916996] mdio_bus mdio-bus@emac0: scan phy ethernet-phy at address 12
[    0.923708] mdio_bus mdio-bus@emac0: scan phy ethernet-phy at address 13
[    0.930410] mdio_bus mdio-bus@emac0: scan phy ethernet-phy at address 14
[    0.937102] mdio_bus mdio-bus@emac0: scan phy ethernet-phy at address 15
[    0.943819] mdio_bus mdio-bus@emac0: scan phy ethernet-phy at address 16
[    0.950516] mdio_bus mdio-bus@emac0: scan phy ethernet-phy at address 17
[    0.957218] mdio_bus mdio-bus@emac0: scan phy ethernet-phy at address 18
[    0.963909] mdio_bus mdio-bus@emac0: scan phy ethernet-phy at address 19
[    0.970622] mdio_bus mdio-bus@emac0: scan phy ethernet-phy at address 20
[    0.977323] mdio_bus mdio-bus@emac0: scan phy ethernet-phy at address 21
[    0.984014] mdio_bus mdio-bus@emac0: scan phy ethernet-phy at address 22
[    0.990727] mdio_bus mdio-bus@emac0: scan phy ethernet-phy at address 23
[    0.997428] mdio_bus mdio-bus@emac0: scan phy ethernet-phy at address 24
[    1.004120] mdio_bus mdio-bus@emac0: scan phy ethernet-phy at address 25
[    1.010832] mdio_bus mdio-bus@emac0: scan phy ethernet-phy at address 26
[    1.017534] mdio_bus mdio-bus@emac0: scan phy ethernet-phy at address 27
[    1.024225] mdio_bus mdio-bus@emac0: scan phy ethernet-phy at address 28
[    1.030938] mdio_bus mdio-bus@emac0: scan phy ethernet-phy at address 29
[    1.037639] mdio_bus mdio-bus@emac0: scan phy ethernet-phy at address 30
[    1.044331] mdio_bus mdio-bus@emac0: scan phy ethernet-phy at address 31
[    1.051118] [emac_phy_connect][3324] connected mac emac0 to PHY at mdio-bus@emac0:00 [uid=11112222, driver=SStar 10/100 Ethernet Phy]
[    1.064413] ms_rtcpwc 1f006800.rtcpwc: rtc core: registered 1f006800.rtcpwc as rtc0
[    1.073184] MSYS: DMEM request: [AESDMA_ENG]:0x00001000
[    1.078353] MSYS: DMEM request: [AESDMA_ENG]:0x00001000 success, CPU phy:@0x29C48000, virt:@0xC9C48000
[    1.088006] MSYS: DMEM request: [AESDMA_ENG1]:0x00001000
[    1.093209] MSYS: DMEM request: [AESDMA_ENG1]:0x00001000 success, CPU phy:@0x29C49000, virt:@0xC9C49000
[    1.103347] cryptodev: driver 1.10(a1e738a) loaded.
[    1.109010] [ms_cpufreq_init] Current clk=796917760
[    1.114372] [i6e][pwm] use ms_pwm->group_data
[    1.118882] [NOTICE]pwm-isr(62) success. If not i6e or i6b0, pls confirm it on .dtsi
[    1.126671] mstar_spinand_probe: mstar_spinand enableClock
[    1.132065] MSYS: DMEM request: [BDMA]:0x00000840
[    1.136778] MSYS: DMEM request: [BDMA]:0x00000840 success, CPU phy:@0x29C4A000, virt:@0xC9C4A000
[    1.145793] VIVOTEK_SHOW_FLASH_ID: MID = C2 , DID = 26 03
[    1.145793]
[    1.152716] _dumpNandInformation:warning, Bytes / Page :  2048
[    1.158531] _dumpNandInformation:warning, Pages / Block:  64
[    1.164178] _dumpNandInformation:warning, Sector/ Page :  512
[    1.169938] _dumpNandInformation:warning, Spare / Page :  128
[    1.175668] _dumpNandInformation:warning, Current config r:1 w:1 drv:1
[    1.182603] mstar_spinand_probe: Magic memcmp pass
[    1.187249] mstar_spinand_probe: Get partition (Block 0 : page 1)
[    1.193720] mstar_spinand_probe: CIS contains part info
[    1.198803] mstar_spinand_probe: Before nand_scan()...
[    1.204383] Bad block table found at page 131008, version 0x04
[    1.210879] Bad block table found at page 130944, version 0x04
[    1.216976] nand_read_bbt: bad block at 0x000007740000
[    1.221991] nand_read_bbt: bad block at 0x000007d00000
[    1.227090] nand_read_bbt: bad block at 0x000007d20000
[    1.232317] 7 ofpart partitions found on MTD device nand0
[    1.237639] mstar_spinand_probe: Mtd parts parse
[    1.242234] Creating 7 MTD partitions on "nand0":
[    1.246939] 0x000000000000-0x000010000000 : "linux"
[    1.255260] 0x000000000000-0x000008000000 : "none"
[    1.262278] 0x000004540000-0x000005040000 : "flashfs1"
[    1.268716] 0x000005040000-0x00000fd00000 : "flashfs2"
[    1.276406] 0x00000fd00000-0x000010000000 : "NFDI"
[    1.282496] 0x000000d40000-0x000002940000 : "ROOTFS0"
[    1.289056] Partition(ROOTFS0) is squashfs
[    1.293616] 0x000002940000-0x000004540000 : "ROOTFS1"
[    1.300041] Partition(ROOTFS1) is squashfs
[    1.304825] [MSPI] mspi 0 use dma mode
[    1.309148] [MSPI] mspi 1 use dma mode
[    1.313966] mstar notify driver install successfully
[    1.319050] Netfilter messages via NETLINK v0.30.
[    1.323606] nfnl_acct: registering with nfnetlink.
[    1.328684] ip_tables: (C) 2000-2006 Netfilter Core Team
[    1.335044] NET: Registered protocol family 10
[    1.340609] ip6_tables: (C) 2000-2006 Netfilter Core Team
[    1.346220] sit: IPv6, IPv4 and MPLS over IPv4 tunneling driver
[    1.352948] NET: Registered protocol family 17
[    1.357334] Bridge firewalling registered
[    1.361236] 8021q: 802.1Q VLAN Support v1.8
[    1.365448] Key type dns_resolver registered
[    1.369840] [mstar_pm_init] resume_pbase=0x20011435, suspend_imi_vbase=0xD0034000
[    1.377922] ThumbEE CPU extension supported.
[    1.382040] Registering SWP/SWPB emulation handler
[    1.432779] ms_rtcpwc 1f006800.rtcpwc: setting system clock to 1970-01-06 23:42:43 UTC (517363)
[    1.446143] VFS: Mounted root (squashfs filesystem) readonly on device 31:5.
[    1.453099] This architecture does not have kernel memory protection.
[    2.695083] gpioc: loading out-of-tree module taints kernel.
[    2.701365] GPIO Device Driver version 1.0.0.2
[    2.982994] ubi0: attaching mtd2
[    3.056922] ubi0: scanning is finished
[    3.074907] ubi0: attached mtd2 (name "flashfs1", size 11 MiB)
[    3.080663] ubi0: PEB size: 131072 bytes (128 KiB), LEB size: 126976 bytes
[    3.087503] ubi0: min./max. I/O unit sizes: 2048/2048, sub-page size 2048
[    3.094255] ubi0: VID header offset: 2048 (aligned 2048), data offset: 4096
[    3.101234] ubi0: good PEBs: 88, bad PEBs: 0, corrupted PEBs: 0
[    3.107137] ubi0: user volume: 1, internal volumes: 1, max. volumes count: 128
[    3.114376] ubi0: max/mean erase counter: 2/1, WL threshold: 4096, image sequence number: 2122494739
[    3.123514] ubi0: available PEBs: 0, total reserved PEBs: 88, PEBs reserved for bad PEB handling: 40
[    3.132670] ubi0: background thread "ubi_bgt0d" started, PID 114
[    3.137216] [emac_phy_link_adjust] EMAC Link Up
[    3.146954] ubi1: attaching mtd3
[    4.252827] ubi1: scanning is finished
[    4.272302] ubi1: attached mtd3 (name "flashfs2", size 172 MiB)
[    4.278130] ubi1: PEB size: 131072 bytes (128 KiB), LEB size: 126976 bytes
[    4.284950] ubi1: min./max. I/O unit sizes: 2048/2048, sub-page size 2048
[    4.291758] ubi1: VID header offset: 2048 (aligned 2048), data offset: 4096
[    4.298722] ubi1: good PEBs: 1379, bad PEBs: 3, corrupted PEBs: 0
[    4.304795] ubi1: user volume: 1, internal volumes: 1, max. volumes count: 128
[    4.312035] ubi1: max/mean erase counter: 2/1, WL threshold: 4096, image sequence number: 3738927159
[    4.321172] ubi1: available PEBs: 0, total reserved PEBs: 1379, PEBs reserved for bad PEB handling: 37
[    4.330503] ubi1: background thread "ubi_bgt1d" started, PID 120
[    4.486360] UBIFS (ubi0:0): background thread "ubifs_bgt0_0" started, PID 126
[    4.519187] UBIFS (ubi0:0): recovery needed
[    4.761968] UBIFS (ubi0:0): recovery completed
[    4.766353] UBIFS (ubi0:0): UBIFS: mounted UBI device 0, volume 0, name "flashfs"
[    4.773771] UBIFS (ubi0:0): LEB size: 126976 bytes (124 KiB), min./max. I/O unit sizes: 2048 bytes/2048 bytes
[    4.783685] UBIFS (ubi0:0): FS size: 4317184 bytes (4 MiB, 34 LEBs), journal size 1015809 bytes (0 MiB, 6 LEBs)
[    4.793782] UBIFS (ubi0:0): reserved for root: 203911 bytes (199 KiB)
[    4.800219] UBIFS (ubi0:0): media format: w4/r0 (latest is w4/r0), UUID 45523093-ECFA-4164-884F-BB1FC45E34B9, small LPT model
[    4.811975] UBIFS (ubi0:0): full atime support is enabled.
mount /mnt/flash successfully
[    4.857215] UBIFS (ubi1:0): background thread "ubifs_bgt1_0" started, PID 131
[    4.897469] UBIFS (ubi1:0): recovery needed
[    5.031233] UBIFS (ubi1:0): recovery completed
[    5.035619] UBIFS (ubi1:0): UBIFS: mounted UBI device 1, volume 0, name "flashfs2"
[    5.043128] UBIFS (ubi1:0): LEB size: 126976 bytes (124 KiB), min./max. I/O unit sizes: 2048 bytes/2048 bytes
[    5.053053] UBIFS (ubi1:0): FS size: 168370176 bytes (160 MiB, 1326 LEBs), journal size 8380416 bytes (7 MiB, 66 LEBs)
[    5.063740] UBIFS (ubi1:0): reserved for root: 4952683 bytes (4836 KiB)
[    5.070354] UBIFS (ubi1:0): media format: w4/r0 (latest is w4/r0), UUID D4445EF3-B305-4728-A3E2-9A023A1087F8, small LPT model
[    5.083321] UBIFS (ubi1:0): full atime support is enabled.
mount /mnt/flash2 successfully
/etc exist
Build fifo for media
Starting automount: [    5.598018] random: taskgen: uninitialized urandom read (4 bytes read)
.
kernel.msgmnb = 65536
vm.dirty_ratio = 1
vm.dirty_background_ratio = 1
vm.min_free_kbytes = 4096
vm.vfs_cache_pressure = 163
net.ipv4.tcp_timestamps = 0
vm.panic_on_oom = 2
kernel.panic = 1
.sys.module.cifs.parameters.enable_oplocks = 0
check apply_patch_before
"flashstatus" write successfully!
run-parts -a start /etc/rcS.d
run-parts: /etc/rcS.d/S06zfsys: No such file or directory
[    6.693797] [MS_PM_INTC] hw:7 -> v:74
[    6.718597] [MS_PM_INTC] hw:8 -> v:75
mknod: /dev/gpio-rled: File exists
mknod: /dev/gpio-gled: File exists
[src/sysparam.c:509]: "awb" is not exist!
Read AWB table fail!
[    7.188077] mhal: module license 'PROPRIETARY' taints kernel.
[    7.193673] Disabling lock debugging due to kernel taint
[    7.218182] mhal driver init
[    7.220986] [CSI] probe
[    7.223706] Request CSI IRQ[0]#30
[    7.226906] CSI interrupt registered
[    7.230861] vif driver probe
[    7.234136] Create device file. vif_ints,0
[    7.239434] venc_probe:261 venc driver is probed.
[    7.244904] jpe driver probed
[    7.247916] [DRV_LDC_Init_KernelModule @ 106]
[    7.256597] [DRV_SCL_MODULE] [_DrvSclVpeModuleInit @ 143]
[    7.256597]
[    7.264694] [Isp_Driver_Init]
[    7.267758] [s32CurClkIdx] = 0
[    7.271175] [ISP] Request IRQ: 29, 57
[    7.274882] [IspMid_Driver_Init]
[    7.278994] ispsclttl:0
[    7.281712] CHRDEV "mpnl" major number 232 goes below the dynamic allocation range
[    7.296202] CHRDEV "mdisp" major number 231 goes below the dynamic allocation range
[    7.304137] DrvDispIrqSetIsrNum 63, DevId too big: 1
[    7.309862] DrvDispIrqSetIsrNum 63, DevId too big: 2
[    7.309862]
[    7.317128] CHRDEV "mmipitx" major number 230 goes below the dynamic allocation range
[    7.325360] DivpProcInit 527
[    7.371376] CHRDEV "mi" major number 229 goes below the dynamic allocation range
[    8.279807] module [sys] init
[    8.282633] CHRDEV "mi_poll" major number 228 goes below the dynamic allocation range
[    8.385461] module [sensor] init
[    8.468512] module [mipitx] init
[    8.620880] module [rgn] init
[    8.777383] module [ai] init
[    8.930367] module [ipu] init
[    9.073442] module [ldc] init
[    9.311174] module [vpe] init
[    9.421395] module [shadow] init
[    9.564943] module [ao] init
[    9.674826] module [vif] init
[    9.788442] module [divp] init
[   10.101110] module [venc] init Dec  9 2020 18:50:06
[   10.157090] Connect SC2332_init_driver linear to sensor pad 0
sh: CG5251TC: unknown operand
install icr driver.
[   10.400827] ICR Device Driver version 1.0.0.2
[   10.405061] CHRDEV "ICR" major number 227 goes below the dynamic allocation range
Starting led: [   10.455628] random: led: uninitialized urandom read (4 bytes read)
[   10.462365] random: led: uninitialized urandom read (4 bytes read)
[   10.468932] random: led: uninitialized urandom read (4 bytes read)
[   10.475446] random: led: uninitialized urandom read (4 bytes read)
[   10.482045] random: led: uninitialized urandom read (4 bytes read)
[   10.488601] random: led: uninitialized urandom read (4 bytes read)
[   10.495090] random: led: uninitialized urandom read (4 bytes read)
.
[   10.502187] random: led: uninitialized urandom read (4 bytes read)
Starting restore[   10.508840] random: led: uninitialized urandom read (4 bytes read)
: .
Starting configer: .
Starting shm_allocate: .
Starting vadpshmalloc: .
Starting swatchdog: .
Starting chronos: .
Starting radvdump: .
Starting /etc/rcS.d/S12-1network: udhcpc: started, v1.29.2
udhcpc: sending discover
udhcpc: sending select for 10.66.4.108
udhcpc: lease of 10.66.4.108 obtained, lease time 14400
deleting routes
adding dns 192.168.0.21
adding dns 192.168.0.22
network_ipaddress=10.66.4.108
network_subnet=255.255.254.0
network_router=10.66.4.1
network_dns1=192.168.0.21
network_dns2=192.168.0.22
network_wins1=
network_wins2=
.
Starting mosquitto:.
Starting authmgr: .
Starting eventmgr: Starting eventmgr without support for EcTun
.
Starting iod: .
 * Starting ip filter with iptables...
iptables/ip6tables disabled                                             [ ok ]
Starting syslogd: .
Starting venc: LogLib Init venc successfully, fifo fd 3
[venc]: SVN: r254310
.
[   19.080897] client [623] connected, module:sys
[   19.085512] MI_SYSCFG_SetupMmapLoader default_config_path:/config/config_tool, argv1:/config/load_mmap,argv2:/config/mmap.ini
[   19.119365] Function = init_glob_miu_kranges, Line = 678, Insert KProtect for LX @ MIU: 0
[   19.128122] Function = init_glob_miu_kranges, Line = 687, [INIT] for LX0 kprotect: from 0x20000000 to 0x2FFE0000, using block 0
[   19.140620] config...... cmdpath:/config/config_tool, argv0:load_config
[   19.147079] config...... cmdpath:/config/config_tool, argv1:/misc/config.ini
[   19.154149] config...... cmdpath:/config/config_tool, argv2:/misc/PQConfig.ini
[   19.161363] config...... cmdpath:/config/config_tool, argv3:(null)
[   19.270991] function:parese_Cmdline,pCmd_Section:0xffe0000
[   19.276327] m[   19.277739] m
a[   19.279368] _
h[   19.281021] e
a[   19.282675] p
_[   19.284329] n
a[   19.285983] m
e[   19.287636] 0
[   19.289214]     miu=0,sz=5b00000  reserved_start=2a4e0000
[   19.295073] r_front->miuBlockIndex:0,r_front->start_cpu_bus_pa:0x20000000,r_front->start_cpu_bus_pa+r_front->length:0x2a500000
[   19.306402] r_back->miuBlockIndex:1,r_back->start_cpu_bus_pa:0x2ffc0000,r_back->start_cpu_bus_pa+r_back->length:0x2ffe0000
[   19.317413] mi_sys_mma_allocator_create success, heap_base_addr=2a500000 length=5ac0000
[   19.325479] m[   19.326861] m
a[   19.328514] _
h[   19.330168] e
a[   19.331822] p
_[   19.333475] i
p[   19.335129] u
[   19.336699]     miu=0,sz=164000  reserved_start=2a37c000
[   19.342267] r_front->miuBlockIndex:0,r_front->start_cpu_bus_pa:0x20000000,r_front->start_cpu_bus_pa+r_front->length:0x2a37c000
[   19.353549] r_back->miuBlockIndex:2,r_back->start_cpu_bus_pa:0x2a4e0000,r_back->start_cpu_bus_pa+r_back->length:0x2a500000
[   19.364604] mi_sys_mma_allocator_create success, heap_base_addr=2a37c000 length=164000
[   19.377631] Sigmastar Module mi_sys version: project_commit.0f84bf5 sdk_commit.7098d70 build_time.20201209184955
[   19.840899] client [623] connected, module:sensor
[   19.994263] [PWM] mstar_pwm_config duty_ns=0, period_ns=40000
[   19.999888] [PWM]CfgClk(12M)
[   20.002821] reg=x1F203390(x1019) clk=12000000, period=x12b
[   20.008312] reg=x1F203388(x1019) clk=12000000, u32Duty=x0
[   20.013807] [PWM] mstar_pwm_config duty_ns=100, period_ns=40000
[   20.019630] reg=x1F203390(x1019) clk=12000000, period=x12b
[   20.025109] reg=x1F203388(x1019) clk=12000000, u32Duty=x12b
[   20.032065] client [623] connected, module:vpe
[   20.036361] chipidx 3, revision 2
[   20.040889] [DRV_SCL_MODULE] [DrvSclModuleClkInit @ 317] Use Default Clk [345000000]
[   20.049648] CmdqProcInit 675
[   20.052748] [CMDQ0] Virtual IRQ: 34
[   20.056136] CmdQ Free ID = 0, IspLocalCmdQHnd = 0xbf924dd4
[   20.064879] CameraIsp_EnableChannel3A, ch:0 data:  (null)
[   20.070156] CameraIsp_EnableCus3A AE=1, AWB=1, AF=0
[   21.138762] client [623] connected, module:vif
[   21.147414] CamOsMutexInit already inited, LR:0xBF854D11
[   21.152729] CameraIsp_EnableChannel3A, ch:0 data:  (null)
[   21.158043] CameraIsp_EnableCus3A AE=1, AWB=1, AF=1
[   21.163525] client [623] connected, module:divp
[   21.169315] [DIP] Virtual IRQ: 27
[   21.176661] [MI WRN ]: _MI_DIVP_OnGetInputPortBindCapability[2122]: divp no support realtime mode
[   21.176661]
[MI WRN ]: _MI_DIVP_OnGetInputPortBindCapability[2122]: divp no support realtime mode
[   21.188428] [CMDQ1] Virtual IRQ: 34
[   21.200222] client [623] connected, module:rgn
[   21.200351]
[   21.200351] ===== [MhalCameraOpen] begin ===== VifMask : 1
[   21.200356] Ch= 0, SNR ID: 0, VifCh = 0, PreOpen = 0
[   21.200359] 3DNR = 2, Rotation = 0, AckTie : 0
[   21.200363] Crop: (0, 0, 1920, 1080)
[   21.200366] PixelFmt: 1, BayerID: 2, YuvOrder: 0
[   21.200369] Mode: 0, HdrType: 0
[   21.200371] GroupID: 0, Sync3A Type: 0
[   21.200630] [CameraReadIqData] isp root is /config/iqfile, nCh = 0
[   21.245773] CamOsTsemInit already inited, LR:0xBF839DBB
[   21.256694] client [623] connected, module:venc
[   21.263922] Create mi dev0
[   21.266774] Create mi dev0
[   21.269361] [MI WRN ]: _MI_VENC_CreateMiDevice[8034]: mi device:0 has been inited
[   21.277821] Create mi dev1
[   21.280803] Create mhal dev0
