> t> t> t> t> t> t> t> t> t> t> t> t> t> t> t> t> t> t> t> t> t> t> t> t> t> t> t> t> t> t> t> t> t> t> t> t> t> t> t> t> t> t> t> 'l粌' is not a recognized command! Type 'help' for help...
amboot> t> t> t> t> t> t> t> t> t> t> t> t> t> t> t> t> t> t> t> t> t> t> t> t> t> t> t> t> t> t> t> t> t> t> t> t> t> t> t> t> t> t> t> t> t> t> t> t> t> t> t> t> t> t> t> t> t> t> t> t> t> t> t> t> t> t> t> t> t> t> t> t> t> t> t> t> t> t> t> t> t> t> t> t> t> t> t> t> t> t> t> t> t> t> t> t> t> t> t> t> t> t> t> t> t> t> t> t> t> t> t> t> t> t> t> t> t> t> t> t> t> t> t> t> t> t> t> t> t> t> t> t> t> t> t> t> t> t> t> t> t> t> t> t> t> t> t> t> t> t> t> t> t> t> t> t> t> t> t> t> t> t> t> t> t> t> t> t> t> t> t> t> t> t> t> t> t> t> t> t> t> t> t> t> t> t> t> t> t> t> t> t> t> t> t> t> t> t> t> t> t> t> t> t> t> t> t> t> t> t> t> t> t> t> t> t> t> t> t> t> t> t> t> t> t> t> t> t> t> t> t> t> t> t> t> t> t> t> t> t> t> t> t> t> t> t> t> t> t> t> t> t> t> t> t> t> t> t> t> t> t> t> t> t> t> t> t> t> t> t> t> t> t> t> t> t> t> t> t> t> t> t> t> t> t> t> t> t> t> t> t> t> t> t> t> t> t> t> t> t> t> t> t> t> t> t> t> t> t> t> t> t> t> t> t> t> t> t> t> t> t> t> t> t> t> t> t> t> t> t> t> t> t> t> t> t> t> t> t> t> t> 'l粌' is not a recognized command! Type 'help' for help...
amboot> t> t> t> t> t> t> t> t> t> t> t> t> t> t> t> t> t> t> t> t> t> t> t> t> t> t> t> t> t> t> t> t> t> t> t> t> t> t> t> t> t> t> t> t> t> t> t> t> t> t> t> t> t> t> t> t> t> t> t> t> t> t> t> t> t> t> t> t> t> t> t> t> t> t> t> t> t> t> t> t> t> t> t> t> t> t> t> t> t> t> t> t> t> t> t> t> t> t> t> t> t> t> t> t> t> t> t> t> t> t> t> t> t> t> t> t> t> t> t> t> t> t> t> t> t> t> t> t> t> t> t> t> t> t> t> t> t> t> t> t> t> t> t> t> t> t> t> t> t> t> t> t> t> t> t> t> t> t> t> t> t> t> t> t> t> t> t> t> t> t> t> t> t> t> t> t> t> t> t> t> t> t> t> t> t> t> t> t> t> t> t> t> t> t> t> t> t> t> t> t> t> t> t> t> t> t> t> t> t> t> t> t> t> t> t> t> t> t> t> t> t> t> t> t> t> t> t> t> t> t> t> t> t> t> t> t> t> t> t> t> t> t> t> t> t> t> t> t> t> t> t> t> t> t> t> t> t> t> t> t> t> t> t> t> t> t> t> t> t> t> t> t> t> t> t> t> t> t> t> t> t> t> t> t> t> t> t> t> t> t> t> t> t> t> t> t> t> t> t> t> t> t> t> t> t> t> t> t> t> t> t> t> t> t> t> t> t> t> t> t> t> t> t> t> t> t> t> t> t> t> t> t> t> t> t> t> t> t> t> t> t> 'l粌' is not a recognized command! Type 'help' for help...
amboot> t> t> t> t> t> t> t> t> t> t> t> t> t> t> t> t> t> t> t> t> t> t> t> t> t> t> t> t> t> t> t> t> t> t> t> t> t> t> t> t> t> t> t> t> t> t> t> t> t> t> t> t> t> t> t> t> t> t> t> t> t> t> t> t> t> t> t> t> t> t> t> t> t> t> t> t> t> t> t> t> t> t> t> t> t> t> t> t> t> t> t> t> t> t> t> t> t> t> t> t> t> t> t> t> t> t> t> t> t> t> t> t> t> t> t> t> t> t> t> t> t> t> t> t> t> t> t> t> t> t> t> t> t> t> t> t> t> t> t> t> t> t> t> t> t> t> t> t> t> t> t> t> t> t> t> t> t> t> t> t> t> t> t> t> t> t> t> t> t> t> t> t> t> t> t> t> t> t> t> t> t> t> t> t> t> t> t> t> t> t> t> t> t> t> t> t> t> t> t> t> t> t> t> t> t> t> t> t> t> t> t> t> t> t> t> t> t> t> t> t> t> t> t> t> t> t> t> t> t> t> t> t> t> t> t> t> t> t> t> t> t> t> t> t> t> t> t> t> t> t> t> t> t> t> t> t> t> t> t> t> t> t> t> t> t> t> t> t> t> t> t> t> t> t> t> t> t> t> t> t> t> t> t> t> t> t> t> t> t> t> t> t> t> t> t> t> t> t> t> t> t> t> t> t> t> t> t> t> t> t> t> t> t> t> t> t> t> t> t> t> t> t> t> t> t> t> t> t> t> t> t> t> t> t> t> t> t> t> t> t> t> 'l粌' is not a recognized command! Type 'help' for help...
amboot> t> t> t> t> t> t> t> t> t> t> t> t> t> t> t> t> t> t> t> t> t> t> t> t> t> t> t> t> t> t> t> t> t> t> t> t> t> t> t> t> t> t> t> t> t> t> t> t> t> t> t> t> t> t> t> t> t> t> t> t> t> t> t> t> t> t> t> t> t> t> t> t> t> t> t> t> t> t> t> t> t> t> t> t> t> t> t> t> t> t> t> t> t> t> t> t> t> t> t> t> t> t> t> t> t> t> t> t> t> t> t> t> t> t> t> t> t> t> t> t> t> t> t> t> t> t> t> t> t> t> t> t> t> t> t> t> t> t> t> t> t> t> t> t> t> t> t> t> t> t> t> t> t> t> t> t> t> t> t> t> t> t> t> t> t> t> t> t> t> t> t> t> t> t> t> t> t> t> t> t> t> t> t> t> t> t> t> t> t> t> t> t> t> t> t> t> t> t> t> t> t> t> t> t> t> t> t> t> t> t> t> t> t> t> t> t> t> t> t> t> t> t> t> t> t> t> t> t> t> t> t> t> t> t> t> t> t> t> t> t> t> t> t> t> t> t> t> t> t> t> t> t> t> t> t> t> t> t> t> t> t> t> t> t> t> t> t> t> t> t> t> t> t> t> t> t> t> t> t> t> t> t> t> t> t> t> t> t> t> t> t> t> t> t> t> t> t> t> t> t> t> t> t> t> t> t> t> t> t> t> t> t> t> t> t> t> t> t> t> t> t> t> t> t> t> t> t> t> t> t> t> t> t> t> t> t> t> t> t> t> t> 'l粌' is not a recognized command! Type 'help' for help...
amboot> t> t> t> t> t> t> t> t> t> t> t> t> t> t> t> t> t> t> t> t> t> t> t> t> t> t> t> t> t> t> t> t> t> t> t> t> t> t> t> t> t> t> t> t> t> t> t> t> t> t> t> t> t> t> t> t> t> t> t> t> t> t> t> t> t> t> t> t> t> t> t> t> t> t> t> t> t> t> t> t> t> t> t> t> t> t> t> t> t> t> t> t> t> t> t> t> t> t> t> t> t> t> t> t> t> t> t> t> t> t> t> t> t> t> t> t> t> t> t> t> t> t> t> t> t> t> t> t> t> t> t> t> t> t> t> t> t> t> t> t> t> t> t> t> t> t> t> t> t> t> t> t> t> t> t> t> t> t> t> t> t> t> t> t> t> t> t> t> t> t> t> t> t> t> t> t> t> t> t> t> t> t> t> t> t> t> t> t> t> t> t> t> t> t> t> t> t> t> t> t> t> t> t> t> t> t> t> t> t> t> t> t> t> t> t> t> t> t> t> t> t> t> t> t> t> t> t> t> t> t> t> t> t> t> t> t> t> t> t> t> t> t> t> t> t> t> t> t> t> t> t> t> t> t> t> t> t> t> t> t> t> t> t> t> t> t> t> t> t> t> t> t> t> t> t> t> t> t> t> t> t> t> t> t> t> t> t> t> t> t> t> t> t> t> t> t> t> t> t> t> t> t> t> t> t> t> t> t> t> t> t> t> t> t> t> t> t> t> t> t> t> t> t> t> t> t> t> t> t> t> t> t> t> t> t> t> t> t> t> t> t> 'l粌' is not a recognized command! Type 'help' for help...
amboot> t> t> t> t> t> t> t> t> t> t> t> t> t> t> t> t> t> t> t> t> t> t> t> t> t> t> t> t> t> t> t> t> t> t> t> t> t> t> t> t> t> t> t> t> t> t> t> t> t> t> t> t> t> t> t> t> t> t> t> t> t> t> t> t> t> t> t> t> t> t> t> t> t> t> t> t> t> t> t> t> t> t> t> t> t> t> t> t> t> t> t> t> t> t> t> t> t> t> t> t> t> t> t> t> t> t> t> t> t> t> t> t> t> t> t> t> t> t> t> t> t> t> t> t> t> t> t> t> t> t> t> t> t> t> t> t> t> t> t> t> t> t> t> t> t> t> t> t> t> t> t> t> t> t> t> t> t> t> t> t> t> t> t> t> t> t> t> t> t> t> t> t> t> t> t> t> t> t> t> t> t> t> t> t> t> t> t> t> t> t> t> t> t> t> t> t> t> t> t> t> t> t> t> t> t> t> t> t> t> t> t> t> t> t> t> t> t> t> t> t> t> t> t> t> t> t> t> t> t> t> t> t> t> t> t> t> t> t> t> t> t> t> t> t> t> t> t> t> t> t> t> t> t> t> t> t> t> t> t> t> t> t> t> t> t> t> t> t> t> t> t> t> t> t> t> t> t> t> t> t> t> t> t> t> t> t> t> t> t> t> t> t> t> t> t> t> t> t> t> t> t> t> t> t> t> t> t> t> t> t> t> t> t> t> t> t> t> t> t> t> t> t> t> t> t> t> t> t> t> t> t> t> t> t> t> t> t> t> t> t> t> 'l粌' is not a recognized command! Type 'help' for help...
amboot> t> t> t> t> t> t> t> t> t> t> t> t> t> t> t> t> t> t> t> t> t> t> t> t> t> t> t> t> t> t> t> t> t> t> t> t> t> t> t> t> t> t> t> t> t> t> t> t> t> t> t> t> t> t> t> t> t> t> t> t> t> t> t> t> t> t> t> t> t> t> t> t> t> t> t> t> t> t> t> t> t> t> t> t> t> t> t> t> t> t> t> t> t> t> t> t> t> t> t> t> t> t> t> t> t> t> t> t> t> t> t> t> t> t> t> t> t> t> t> t> t> t> t> t> t> t> t> t> t> t> t> t> t> t> t> t> t> t> t> t> t> t> t> t> t> t> t> t> t> t> t> t> t> t> t> t> t> t> t> t> t> t> t> t> t> t> t> t> t> t> t> t> t> t> t> t> t> t> t> t> t> t> t> t> t> t> t> t> t> t> t> t> t> t> t> t> t> t> t> t> t> t> t> t> t> t> t> t> t> t> t> t> t> t> t> t> t> t> t> t> t> t> t> t> t> t> t> t> t> t> t> t> t> t> t> t> t> t> t> t> t> t> t> t> t> t> t> t> t> t> t> t> t> t> t> t> t> t> t> t> t> t> t> t> t> t> t> t> t> t> t> t> t> t> t> t> t> t> t> t> t> t> t> t> t> t> t> t> t> t> t> t> t> t> t> t> t> t> t> t> t> t> t> t> t> t> t> t> t> t> t> t> t> t> t> t> t> t> t> t> t> t> t> t> t> t> t> t> t> t> t> t> t> t> t> t> t> t> t> t> t> 'l粌' is not a recognized command! Type 'help' for help...
amboot> t> t> t> t> t> t> t> t> t> t> t> t> t> t> t> t> t> t> t> t> t> t> t> t> t> t> t> t> t> t> t> t> t> t> t> t> t> t> t> t> t> t> t> t> t> t> t> t> t> t> t> t> t> t> t> t> t> t> t> t> t> t> t> t> t> t> t> t> t> t> t> t> t> t> t> t> t> t> t> t> t> t> t> t> t> t> t> t> t> t> t> t> t> t> t> t> t> t> t> t> t> t> t> t> t> t> t> t> t> t> t> t> t> t> t> t> t> t> t> t> t> t> t> t> t> t> t> t> t> t> t> t> t> t> t> t> t> t> t> t> t> t> t> t> t> t> t> t> t> t> t> t> t> t> t> t> t> t> t> t> t> t> t> t> t> t> t> t> t> t> t> t> t> t> t> t> t> t> t> t> t> t> t> t> t> t> t> t> t> t> t> t> t> t> t> t> t> t> t> t> t> t> t> t> t> t> t> t> t> t> t> t> t> t> t> t> t> t> t> t> t> t> t> t> t> t> t> t> t> t> t> t> t> t> t> t> t> t> t> t> t> t> t> t> t> t> t> t> t> t> t> t> t> t> t> t> t> t> t> t> t> t> t> t> t> t> t> t> t> t> t> t> t> t> t> t> t> t> t> t> t> t> t> t> t> t> t> t> t> t> t> t> t> t> t> t> t> t> t> t> t> t> t> t> t> t> t> t> t> t> t> t> t> t> t> t> t> t> t> t> t> t> t> t> t> t> t> t> t> t> t> t> t> t> t> t> t> t> t> t> t> 'l粌' is not a recognized command! Type 'help' for help...
amboot> t> t> t> t> t> t> t> t> t> t> t> t> t> t> t> t> t> t> t> t> t> t> t> t> t> t> t> t> t> t> t> t> t> t> t> t> t> t> t> t> t> t> t> t> t> t> t> t> t> t> t> t> t> t> t> t> t> t> t> t> t> t> t> t> t> t> t> t> t> t> t> t> t> t> t> t> t> t> t> t> t> t> t> t> t> t> t> t> t> t> t> t> t> t> t> t> t> t> t> t> t> t> t> t> t> t> t> t> t> t> t> t> t> t> t> t> t> t> t> t> t> t> t> t> t> t> t> t> t> t> t> t> t> t> t> t> t> t> t> t> t> t> t> t> t> t> t> t> t> t> t> t> t> t> t> t> t> t> t> t> t> t> t> t> t> t> t> t> t> t> t> t> t> t> t> t> t> t> t> t> t> t> t> t> t> t> t> t> t> t> t> t> t> t> t> t> t> t> t> t> t> t> t> t> t> t> t> t> t> t> t> t> t> t> t> t> t> t> t> t> t> t> t> t> t> t> t> t> t> t> t> t> t> t> t> t> t> t> t> t> t> t> t> t> t> t> t> t> t> t> t> t> t> t> t> t> t> t> t> t> t> t> t> t> t> t> t> t> t> t> t> t> t> t> t> t> t> t> t> t> t> t> t> t> t> t> t> t> t> t> t> t> t> t> t> t> t> t> t> t> t> t> t> t> t> t> t> t> t> t> t> t> t> t> t> t> t> t> t> t> t> t> t> t> t> t> t> t> t> t> t> t> t> t> t> t> t> t> t> t> t> 'l粌' is not a recognized command! Type 'help' for help...
amboot> t> t> t> t> t> t> t> t> t> t> t> t> t> t> t> t> t> t> t> t> t> t> t> t> t> t> t> t> t> t> t> t> t> t> t> t> t> t> t> t> t> t> t> t> t> t> t> t> t> t> t> t> t> t> t> t> t> t> t> t> t> t> t> t> t> t> t> t> t> t> t> t> t> t> t> t> t> t> t> t> t> t> t> t> t> t> t> t> t> t> t> t> t> t> t> t> t> t> t> t> t> t> t> t> t> t> t> t> t> t> t> t> t> t> t> t> t> t> t> t> t> t> t> t> t> t> t> t> t> t> t> t> t> t> t> t> t> t> t> t> t> t> t> t> t> t> t> t> t> t> t> t> t> t> t> t> t> t> t> t> t> t> t> t> t> t> t> t> t> t> t> t> t> t> t> t> t> t> t> t> t> t> t> t> t> t> t> t> t> t> t> t> t> t> t> t> t> t> t> t> t> t> t> t> t> t> t> t> t> t> t> t> t> t> t> t> t> t> t> t> t> t> t> t> t> t> t> t> t> t> t> t> t> t> t> t> t> t> t> t> t> t> t> t> t> t> t> t> t> t> t> t> t> t> t> t> t> t> t> t> t> t> t> t> t> t> t> t> t> t> t> t> t> t> t> t> t> t> t> t> t> t> t> t> t> t> t> t> t> t> t> t> t> t> t> t> t> t> t> t> t> t> t> t> t> t> t> t> t> t> t> t> t> t> t> t> t> t> t> t> t> t> t> t> t> t> t> t> t> t> t> t> t> t> t> t> t> t> t> t> t> 'l粌' is not a recognized command! Type 'help' for help...
amboot> t> t> t> t> t> t> t> t> t> t> t> t> t> t> t> t> t> t> t> t> t> t> t> t> t> t> t> t> t> t> t> t> t> t> t> t> t> t> t> t> t> t> t> t> t> t> t> t> t> t> t> t> t> t> t> t> t> t> t> t> t> t> t> t> t> t> t> t> t> t> t> t> t> t> t> t> t> t> t> t> t> t> t> t> t> t> t> t> t> t> t> t> t> t> t> t> t> t> t> t> t> t> t> t> t> t> t> t> t> t> t> t> t> t> t> t> t> t> t> t> t> t> t> t> t> t> t> t> t> t> t> t> t> t> t> t> t> t> t> t> t> t> t> t> t> t> t> t> t> t> t> t> t> t> t> t> t> t> t> t> t> t> t> t> t> t> t> t> t> t> t> t> t> t> t> t> t> t> t> t> t> t> t> t> t> t> t> t> t> t> t> t> t> t> t> t> t> t> t> t> t> t> t> t> t> t> t> t> t> t> t> t> t> t> t> t> t> t> t> t> t> t> t> t> t> t> t> t> t> t> t> t> t> t> t> t> t> t> t> t> t> t> t> t> t> t> t> t> t> t> t> t> t> t> t> t> t> t> t> t> t> t> t> t> t> t> t> t> t> t> t> t> t> t> t> t> t> t> t> t> t> t> t> t> t> t> t> t> t> t> t> t> t> t> t> t> t> t> t> t> t> t> t> t> t> t> t> t> t> t> t> t> t> t> t> t> t> t> t> t> t> t> t> t> t> t> t> t> t> t> t> t> t> t> t> t> t> t> t> t> t> 'l粌' is not a recognized command! Type 'help' for help...
amboot> t> t> t> t> t> t> t> t> t> t> t> t> t> t> t> t> t> t> t> t> t> t> t> t> t> t> t> t> t> t> t> t> t> t> t> t> t> t> t> t> t> t> t> t> t> t> t> t> t> t> t> t> t> t> t> t> t> t> t> t> t> t> t> t> t> t> t> t> t> t> t> t> t> t> t> t> t> t> t> t> t> t> t> t> t> t> t> t> t> t> t> t> t> t> t> t> t> t> t> t> t> t> t> t> t> t> t> t> t> t> t> t> t> t> t> t> t> t> t> t> t> t> t> t> t> t> t> t> t> t> t> t> t> t> t> t> t> t> t> t> t> t> t> t> t> t> t> t> t> t> t> t> t> t> t> t> t> t> t> t> t> t> t> t> t> t> t> t> t> t> t> t> t> t> t> t> t> t> t> t> t> t> t> t> t> t> t> t> t> t> t> t> t> t> t> t> t> t> t> t> t> t> t> t> t> t> t> t> t> t> t> t> t> t> t> t> t> t> t> t> t> t> t> t> t> t> t> t> t> t> t> t> t> t> t> t> t> t> t> t> t> t> t> t> t> t> t> t> t> t> t> t> t> t> t> t> t> t> t> t> t> t> t> t> t> t> t> t> t> t> t> t> t> t> t> t> t> t> t> t> t> t> t> t> t> t> t> t> t> t> t> t> t> t> t> t> t> t> t> t> t> t> t> t> t> t> t> t> t> t> t> t> t> t> t> t> t> t> t> t> t> t> t> t> t> t> t> t> t> t> t> t> t> t> t> t> t> t> t> t> t> 'l粌' is not a recognized command! Type 'help' for help...
amboot> t> t> t> t> t> t> t> t> t> t> t> t> t> t> t> t> t> t> t> t> t> t> t> t> t> t> t> t> t> t> t> t> t> t> t> t> t> t> t> t> t> t> t> t> t> t> t> t> t> t> t> t> t> t> t> t> t> t> t> t> t> t> t> t> t> t> t> t> t> t> t> t> t> t> t> t> t> t> t> t> t> t> t> t> t> t> t> t> t> t> t> t> t> t> t> t> t> t> t> t> t> t> t> t> t> t> t> t> t> t> t> t> t> t> t> t> t> t> t> t> t> t> t> t> t> t> t> t> t> t> t> t> t> t> t> t> t> t> t> t> t> t> t> t> t> t> t> t> t> t> t> t> t> t> t> t> t> t> t> t> t> t> t> t> t> t> t> t> t> t> t> t> t> t> t> t> t> t> t> t> t> t> t> t> t> t> t> t> t> t> t> t> t> t> t> t> t> t> t> t> t> t> t> t> t> t> t> t> t> t> t> t> t> t> t> t> t> t> t> t> t> t> t> t> t> t> t> t> t> t> t> t> t> t> t> t> t> t> t> t> t> t> t> t> t> t> t> t> t> t> t> t> t> t> t> t> t> t> t> t> t> t> t> t> t> t> t> t> t> t> t> t> t> t> t> t> t> t> t> t> t> t> t> t> t> t> t> t> t> t> t> t> t> t> t> t> t> t> t> t> t> t> t> t> t> t> t> t> t> t> t> t> t> t> t> t> t> t> t> t> t> t> t> t> t> t> t> t> t> t> t> t> t> t> t> t> t> t> t> t> t> 'l粌' is not a recognized command! Type 'help' for help...
amboot> t> t> t> t> t> t> t> t> t> t> t> t> t> t> t> t> t> t> t> t> t> t> t> t> t> t> t> t> t> t> t> t> t> t> t> t> t> t> t> t> t> t> t> t> t> t> t> t> t> t> t> t> t> t> t> t> t> t> t> t> t> t> t> t> t> t> t> t> t> t> t> t> t> t> t> t> t> t> t> t> t> t> t> t> t> t> t> t> t> t> t> t> t> t> t> t> t> t> t> t> t> t> t> t> t> t> t> t> t> t> t> t> t> t> t> t> t> t> t> t> t> t> t> t> t> t> t> t> t> t> t> t> t> t> t> t> t> t> t> t> t> t> t> t> t> t> t> t> t> t> t> t> t> t> t> t> t> t> t> t> t> t> t> t> t> t> t> t> t> t> t> t> t> t> t> t> t> t> t> t> t> t> t> t> t> t> t> t> t> t> t> t> t> t> t> t> t> t> t> t> t> t> t> t> t> t> t> t> t> t> t> t> t> t> t> t> t> t> t> t> t> t> t> t> t> t> t> t> t> t> t> t> t> t> t> t> t> t> t> t> t> t> t> t> t> t> t> t> t> t> t> t> t> t> t> t> t> t> t> t> t> t> t> t> t> t> t> t> t> t> t> t> t> t> t> t> t> t> t> t> t> t> t> t> t> t> t> t> t> t> t> t> t> t> t> t> t> t> t> t> t> t> t> t> t> t> t> t> t> t> t> t> t> t> t> t> t> t> t> t> t> t> t> t> t> t> t> t> t> t> t> t> t> t> t> t> t> t> t> t> t> 'l粌' is not a recognized command! Type 'help' for help...
amboot> t> t> t> t> t> t> t> t> t> t> t> t> t> t> t> t> t> t> t> t> t> t> t> t> t> t> t> t> t> t> t> t> t> t> t> t> t> t> t> t> t> t> t> t> t> t> t> t> t> t> t> t> t> t> t> t> t> t> t> t> t> t> t> t> t> t> t> t> t> t> t> t> t> t> t> t> t> t> t> t> t> t> t> t> t> t> t> t> t> t> t> t> t> t> t> t> t> t> t> t> t> t> t> t> t> t> t> t> t> t> t> t> t> t> t> t> t> t> t> t> t> t> t> t> t> t> t> t> t> t> t> t> t> t> t> t> t> t> t> t> t> t> t> t> t> t> t> t> t> t> t> t> t> t> t> t> t> t> t> t> t> t> t> t> t> t> t> t> t> t> t> t> t> t> t> t> t> t> t> t> t> t> t> t> t> t> t> t> t> t> t> t> t> t> t> t> t> t> t> t> t> t> t> t> t> t> t> t> t> t> t> t> t> t> t> t> t> t> t> t> t> t> t> t> t> t> t> t> t> t> t> t> t> t> t> t> t> t> t> t> t> t> t> t> t> t> t> t> t> t> t> t> t> t> t> t> t> t> t> t> t> t> t> t> t> t> t> t> t> t> t> t> t> t> t> t> t> t> t> t> t> t> t> t> t> t> t> t> t> t> t> t> t> t> t> t> t> t> t> t> t> t> t> t> t> t> t> t> t> t> t> t> t> t> t> t> t> t> t> t> t> t> t> t> t> t> t> t> t> t> t> t> t> t> t> t> t> t> t> t> t> 'l粌' is not a recognized command! Type 'help' for help...
amboot> t> t> t> t> t> t> t> t> t> t> t> t> t> t> t> t> t> t> t> t> t> t> t> t> t> t> t> t> t> t> t> t> t> t> t> t> t> t> t> t> t> t> t> t> t> t> t> t> t> t> t> t> t> t> t> t> t> t> t> t> t> t> t> t> t> t> t> t> t> t> t> t> t> t> t> t> t> t> t> t> t> t> t> t> t> t> t> t> t> t> t> t> t> t> t> t> t> t> t> t> t> t> t> t> t> t> t> t> t> t> t> t> t> t> t> t> t> t> t> t> t> t> t> t> t> t> t> t> t> t> t> t> t> t> t> t> t> t> t> t> t> t> t> t> t> t> t> t> t> t> t> t> t> t> t> t> t> t> t> t> t> t> t> t> t> t> t> t> t> t> t> t> t> t> t> t> t> t> t> t> t> t> t> t> t> t> t> t> t> t> t> t> t> t> t> t> t> t> t> t> t> t> t> t> t> t> t> t> t> t> t> t> t> t> t> t> t> t> t> t> t> t> t> t> t> t> t> t> t> t> t> t> t> t> t> t> t> t> t> t> t> t> t> t> t> t> t> t> t> t> t> t> t> t> t> t> t> t> t> t> t> t> t> t> t> t> t> t> t> t> t> t> t> t> t> t> t> t> t> t> t> t> t> t> t> t> t> t> t> t> t> t> t> t> t> t> t> t> t> t> t> t> t> t> t> t> t> t> t> t> t> t> t> t> t> t> t> t> t> t> t> t> t> t> t> t> t> t> t> t> t> t> t> t> t> t> t> t> t> t> t> 'l粌' is not a recognized command! Type 'help' for help...
amboot> t> t> t> t> t> t> t> t> t> t> t> t> t> t> t> t> t> t> t> t> t> t> t> t> t> t> t> t> t> t> t> t> t> t> t> t> t> t> t> t> t> t> t> t> t> t> t> t> t> t> t> t> t> t> t> t> t> t> t> t> t> t> t> t> t> t> t> t> t> t> t> t> t> t> t> t> t> t> t> t> t> t> t> t> t> t> t> t> t> t> t> t> t> t> t> t> t> t> t> t> t> t> t> t> t> t> t> t> t> t> t> t> t> t> t> t> t> t> t> t> t> t> t> t> t> t> t> t> t> t> t> t> t> t> t> t> t> t> t> t> t> t> t> t> t> t> t> t> t> t> t> t> t> t> t> t> t> t> t> t> t> t> t> t> t> t> t> t> t> t> t> t> t> t> t> t> t> t> t> t> t> t> t> t> t> t> t> t> t> t> t> t> t> t> t> t> t> t> t> t> t> t> t> t> t> t> t> t> t> t> t> t> t> t> t> t> t> t> t> t> t> t> t> t> t> t> t> t> t> t> t> t> t> t> t> t> t> t> t> t> t> t> t> t> t> t> t> t> t> t> t> t> t> t> t> t> t> t> t> t> t> t> t> t> t> t> t> t> t> t> t> t> t> t> t> t> t> t> t> t> t> t> t> t> t> t> t> t> t> t> t> t> t> t> t> t> t> t> t> t> t> t> t> t> t> t> t> t> t> t> t> t> t> t> t> t> t> t> t> t> t> t> t> t> t> t> t> t> t> t> t> t> t> t> t> t> t> t> t> t> t> 'l粌' is not a recognized command! Type 'help' for help...
amboot> t> t> t> t> t> t> t> t> t> t> t> t> t> t> t> t> t> t> t> t> t> t> t> t> t> t> t> t> t> t> t> t> t> t> t> t> t> t> t> t> t> t> t> t> t> t> t> t> t> t> t> t> t> t> t> t> t> t> t> t> t> t> t> t> t> t> t> t> t> t> t> t> t> t> t> t> t> t> t> t> t> t> t> t> t> t> t> t> t> t> t> t> t> t> t> t> t> t> t> t> t> t> t> t> t> t> t> t> t> t> t> t> t> t> t> t> t> t> t> t> t> t> t> t> t> t> t> t> t> t> t> t> t> t> t> t> t> t> t> t> t> t> t> t> t> t> t> t> t> t> t> t> t> t> t> t> t> t> t> t> t> t> t> t> t> t> t> t> t> t> t> t> t> t> t> t> t> t> t> t> t> t> t> t> t> t> t> t> t> t> t> t> t> t> t> t> t> t> t> t> t> t> t> t> t> t> t> t> t> t> t> t> t> t> t> t> t> t> t> t> t> t> t> t> t> t> t> t> t> t> t> t> t> t> t> t> t> t> t> t> t> t> t> t> t> t> t> t> t> t> t> t> t> t> t> t> t> t> t> t> t> t> t> t> t> t> t> t> t> t> t> t> t> t> t> t> t> t> t> t> t> t> t> t> t> t> t> t> t> t> t> t> t> t> t> t> t> t> t> t> t> t> t> t> t> t> t> t> t> t> t> t> t> t> t> t> t> t> t> t> t> t> t> t> t> t> t> t> t> t> t> t> t> t> t> t> t> t> t> t> t> 'l粌' is not a recognized command! Type 'help' for help...
amboot> t> t> t> t> t> t> t> t> t> t> t> t> t> t> t> t> t> t> t> t> t> t> t> t> t> t> t> t> t> t> t> t> t> t> t> t> t> t> t> t> t> t> t> t> t> t> t> t> t> t> t> t> t> t> t> t> t> t> t> t> t> t> t> t> t> t> t> t> t> t> t> t> t> t> t> t> t> t> t> t> t> t> t> t> t> t> t> t> t> t> t> t> t> t> t> t> t> t> t> t> t> t> t> t> t> t> t> t> t> t> t> t> t> t> t> t> t> t> t> t> t> t> t> t> t> t> t> t> t> t> t> t> t> t> t> t> t> t> t> t> t> t> t> t> t> t> t> t> t> t> t> t> t> t> t> t> t> t> t> t> t> t> t> t> t> t> t> t> t> t> t> t> t> t> t> t> t> t> t> t> t> t> t> t> t> t> t> t> t> t> t> t> t> t> t> t> t> t> t> t> t> t> t> t> t> t> t> t> t> t> t> t> t> t> t> t> t> t> t> t> t> t> t> t> t> t> t> t> t> t> t> t> t> t> t> t> t> t> t> t> t> t> t> t> t> t> t> t> t> t> t> t> t> t> t> t> t> t> t> t> t> t> t> t> t> t> t> t> t> t> t> t> t> t> t> t> t> t> t> t> t> t> t> t> t> t> t> t> t> t> t> t> t> t> t> t> t> t> t> t> t> t> t> t> t> t> t> t> t> t> t> t> t> t> t> t> t> t> t> t> t> t> t> t> t> t> t> t> t> t> t> t> t> t> t> t> t> t> t> t> t> 'l粌' is not a recognized command! Type 'help' for help...
amboot> t> t> t> t> t> t> t> t> t> t> t> t> t> t> t> t> t> t> t> t> t> t> t> t> t> t> t> t> t> t> t> t> t> t> t> t> t> t> t> t> t> t> t> t> t> t> t> t> t> t> t> t> t> t> t> t> t> t> t> t> t> t> t> t> t> t> t> t> t> t> t> t> t> t> t> t> t> t> t> t> t> t> t> t> t> t> t> t> t> t> t> t> t> t> t> t> t> t> t> t> t> t> t> t> t> t> t> t> t> t> t> t> t> t> t> t> t> t> t> t> t> t> t> t> t> t> t> t> t> t> t> t> t> t> t> t> t> t> t> t> t> t> t> t> t> t> t> t> t> t> t> t> t> t> t> t> t> t> t> t> t> t> t> t> t> t> t> t> t> t> t> t> t> t> t> t> t> t> t> t> t> t> t> t> t> t> t> t> t> t> t> t> t> t> t> t> t> t> t> t> t> t> t> t> t> t> t> t> t> t> t> t> t> t> t> t> t> t> t> t> t> t> t> t> t> t> t> t> t> t> t> t> t> t> t> t> t> t> t> t> t> t> t> t> t> t> t> t> t> t> t> t> t> t> t> t> t> t> t> t> t> t> t> t> t> t> t> t> t> t> t> t> t> t> t> t> t> t> t> t> t> t> t> t> t> t> t> t> t> t> t> t> t> t> t> t> t> t> t> t> t> t> t> t> t> t> t> t> t> t> t> t> t> t> t> t> t> t> t> t> t> t> t> t> t> t> t> t> t> t> t> t> t> t> t> t> t> t> t> t> t> 'l粌' is not a recognized command! Type 'help' for help...
amboot> t> t> t> t> t> t> t> t> t> t> t> t> t> t> t> t> t> t> t> t> t> t> t> t> t> t> t> t> t> t> t> t> t> t> t> t> t> t> t> t> t> t> t> t> t> t> t> t> t> t> t> t> t> t> t> t> t> t> t> t> t> t> t> t> t> t> t> t> t> t> t> t> t> t> t> t> t> t> t> t> t> t> t> t> t> t> t> t> t> t> t> t> t> t> t> t> t> t> t> t> t> t> t> t> t> t> t> t> t> t> t> t> t> t> t> t> t> t> t> t> t> t> t> t> t> t> t> t> t> t> t> t> t> t> t> t> t> t> t> t> t> t> t> t> t> t> t> t> t> t> t> t> t> t> t> t> t> t> t> t> t> t> t> t> t> t> t> t> t> t> t> t> t> t> t> t> t> t> t> t> t> t> t> t> t> t> t> t> t> t> t> t> t> t> t> t> t> t> t> t> t> t> t> t> t> t> t> t> t> t> t> t> t> t> t> t> t> t> t> t> t> t> t> t> t> t> t> t> t> t> t> t> t> t> t> t> t> t> t> t> t> t> t> t> t> t> t> t> t> t> t> t> t> t> t> t> t> t> t> t> t> t> t> t> t> t> t> t> t> t> t> t> t> t> t> t> t> t> t> t> t> t> t> t> t> t> t> t> t> t> t> t> t> t> t> t> t> t> t> t> t> t> t> t> t> t> t> t> t> t> t> t> t> t> t> t> t> t> t> t> t> t> t> t> t> t> t> t> t> t> t> t> t> t> t> t> t> t> t> t> t> 'l粌' is not a recognized command! Type 'help' for help...
amboot> t> t> t> t> t> t> t> t> t> t> t> t> t> t> t> t> t> t> t> t> t> t> t> t> t> t> t> t> t> t> t> t> t> t> t> t> t> t> t> t> t> t> t> t> t> t> t> t> t> t> t> t> t> t> t> t> t> t> t> t> t> t> t> t> t> t> t> t> t> t> t> t> t> t> t> t> t> t> t> t> t> t> t> t> t> t> t> t> t> t> t> t> t> t> t> t> t> t> t> t> t> t> t> t> t> t> t> t> t> t> t> t> t> t> t> t> t> t> t> t> t> t> t> t> t> t> t> t> t> t> t> t> t> t> t> t> t> t> t> t> t> t> t> t> t> t> t> t> t> t> t> t> t> t> t> t> t> t> t> t> t> t> t> t> t> t> t> t> t> t> t> t> t> t> t> t> t> t> t> t> t> t> t> t> t> t> t> t> t> t> t> t> t> t> t> t> t> t> t> t> t> t> t> t> t> t> t> t> t> t> t> t> t> t> t> t> t> t> t> t> t> t> t> t> t> t> t> t> t> t> t> t> t> t> t> t> t> t> t> t> t> t> t> t> t> t> t> t> t> t> t> t> t> t> t> t> t> t> t> t> t> t> t> t> t> t> t> t> t> t> t> t> t> t> t> t> t> t> t> t> t> t> t> t> t> t> t> t> t> t> t> t> t> t> t> t> t> t> t> t> t> t> t> t> t> t> t> t> t> t> t> t> t> t> t> t> t> t> t> t> t> t> t> t> t> t> t> t> t> t> t> t> t> t> t> t> t> t> t> t> t> 'l粌' is not a recognized command! Type 'help' for help...
amboot> t> t> t> t> t> t> t> t> t> t> t> t> t> t> t> t> t> t> t> t> t> t> t> t> t> t> t> t> t> t> t> t> t> t> t> t> t> t> t> t> t> t> t> t> t> t> t> t> t> t> t> t> t> t> t> t> t> t> t> t> t> t> t> t> t> t> t> t> t> t> t> t> t> t> t> t> t> t> t> t> t> t> t> t> t> t> t
NOTICE:  BL2: v2.1(release):cc4bb14-dirty
NOTICE:  BL2: Built : 16:21:51, Jan 25 2022
NOTICE:  ROTPK is not deployed on platform. Skipping ROTPK verification.
NOTICE:  BL2: Booting BL31

NOTICE:  BL31: Secure code at 0x100000
NOTICE:  BL31: Cleanup auto recovery request
NOTICE:  BL31: Non Secure code at 0x1400000
NOTICE:  BL31: v2.1(release):cc4bb14-dirty
NOTICE:  BL31: Built : 16:21:51, Jan 25 2022
NOTICE:  Stage2 Translation reserved 0xc00000

Debug Mode: Y (sysparam)
  __      _   _____  __      _    ____     _______   ______    _   _
  \ \    / / |_   _| \ \    / /  / __ \   |__   __| |  ____|  | | / /
   \ \  / /    | |    \ \  / /  / /  \ \     | |    | |____   | |/ /
    \ \/ /     | |     \ \/ /  | |    | |    | |    |  ____|  |   \
     \  /     _| |_     \  /    \ \__/ /     | |    | |____   | |\ \
      \/     |_____|     \/      \____/      |_|    |______|  |_| \_\

Target platform: VVTK_SC9133S88V13 (20201127)

Get ptb failed!
auto boot......


amboot-dirty (Jan 25 2022 - 16:21:45) (DLL VALUE = 0x071f02)


S/N:
usbdl_mode: 0
auto_boot: 1
bootcmd:

===== Boot from SD =====
SD card detected in SD slots 1

vfat filesystem has MBR SECTOR. DBR offset is 8192.
Boot:           8192
Total:          62325760
Playload:       16384
Table:          1170
FatLen:         7607
FatSect:        1170
SectSize:       512
ClustSize:      64

Read amcv2.kernel.img from filesystem to DRAM 0167ffc0
[==                                                                                       [===                                                                                      [====                                                                                     [=====                                                                                    [======                                                                                   [=======                                                                                  [========                                                                                 [=========                                                                                [==========                                                                               [===========                                                                              [============                                                                             [=============                                                                            [==============                                                                           [===============                                                                          [================                                                                         [=================                                                                        [==================                                                                       [===================                                                                      [====================                                                                     [=====================                                                                    [======================                                                                   [=======================                                                                  [========================                                                                 [=========================                                                                [==========================                                                               [===========================                                                              [============================                                                             [=============================                                                            [==============================                                                           [===============================                                                          [================================                                                         [=================================                                                        [==================================                                                       [===================================                                                      [====================================                                                     [=====================================                                                    [======================================                                                   [=======================================                                                  [========================================                                                 [=========================================                                                [==========================================                                               [===========================================                                              [============================================                                             [=============================================                                            [==============================================                                           [===============================================                                          [================================================                                         [=================================================                                        [==================================================                                       [===================================================                                      [====================================================                                     [=====================================================                                    [======================================================                                   [=======================================================                                  [========================================================                                 [=========================================================                                [==========================================================                               [===========================================================                              [============================================================                             [=============================================================                            [==============================================================                           [===============================================================                          [================================================================                         [=================================================================                        [==================================================================                       [===================================================================                      [====================================================================                     [=====================================================================                    [======================================================================                   [=======================================================================                  [========================================================================                 [=========================================================================                [==========================================================================               [===========================================================================              [============================================================================             [=============================================================================            [==============================================================================           [===============================================================================          [================================================================================         [=================================================================================        [==================================================================================       [===================================================================================      [====================================================================================     [=====================================================================================    [======================================================================================   [=======================================================================================  [======================================================================================== [=========================================================================================[=========================================================================================[=========================================================================================[=========================================================================================[=========================================================================================[=========================================================================================[=========================================================================================[=========================================================================================[=========================================================================================[=========================================================================================[=========================================================================================[=========================================================================================[=====================================================================================================] 100% 348/348
amcv2.kernel.img: 11405648 bytes read at 0167ffc0 successfully ...
   Image Name:   linux-4.14
   Image Type:   ARM Linux Kernel Image (uncompressed)
   Data Size:    11405584 Bytes = 10.9 MB
   Load Address: 00280000
   Entry Point:  00280000
   Verifying Checksum ... OK
   Verifying Signature ... OK
   Decrypt Ciphertext ... OK
Read vvtkcv2_sc9133v13.dtb.img from filesystem to DRAM 02507fc0
[=====================================================================================================] 100% 1/1
vvtkcv2_sc9133v13.dtb.img: 36480 bytes read at 02507fc0 successfully ...
   Image Name:   linux-4.14
   Image Type:   ARM Linux Kernel Image (uncompressed)
   Data Size:    36416 Bytes = 35.6 kB
   Load Address: 00a08000
   Entry Point:  00a08000
   Verifying Checksum ... OK
   Verifying Signature ... OK
   Decrypt Ciphertext ... OK
Read amcv2.rootfs.img from filesystem to DRAM 02607fc0
[==                                                                                       [===                                                                                      [====                                                                                     [=====                                                                                    [======                                                                                   [=======                                                                                  [========                                                                                 [=========                                                                                [==========                                                                               [===========                                                                              [============                                                                             [=============                                                                            [==============                                                                           [===============                                                                          [================                                                                         [=================                                                                        [==================                                                                       [===================                                                                      [====================                                                                     [=====================                                                                    [======================                                                                   [=======================                                                                  [========================                                                                 [=========================                                                                [==========================                                                               [===========================                                                              [============================                                                             [=============================                                                            [==============================                                                           [===============================                                                          [================================                                                         [=================================                                                        [==================================                                                       [===================================                                                      [====================================                                                     [=====================================                                                    [======================================                                                   [=======================================                                                  [========================================                                                 [=========================================                                                [==========================================                                               [===========================================                                              [============================================                                             [=============================================                                            [==============================================                                           [===============================================                                          [================================================                                         [=================================================                                        [==================================================                                       [===================================================                                      [====================================================                                     [=====================================================                                    [======================================================                                   [=======================================================                                  [========================================================                                 [=========================================================                                [==========================================================                               [===========================================================                              [============================================================                             [=============================================================                            [==============================================================                           [===============================================================                          [================================================================                         [=================================================================                        [==================================================================                       [===================================================================                      [====================================================================                     [=====================================================================                    [======================================================================                   [=======================================================================                  [========================================================================                 [=========================================================================                [==========================================================================               [===========================================================================              [============================================================================             [=============================================================================            [==============================================================================           [===============================================================================          [================================================================================         [=================================================================================        [==================================================================================       [===================================================================================      [====================================================================================     [=====================================================================================    [======================================================================================   [=======================================================================================  [======================================================================================== [=========================================================================================[=========================================================================================[=========================================================================================[=========================================================================================[=========================================================================================[=========================================================================================[=========================================================================================[=========================================================================================[=========================================================================================[=========================================================================================[=========================================================================================[=========================================================================================[=====================================================================================================] 100% 442/442
amcv2.rootfs.img: 14496080 bytes read at 02607fc0 successfully ...
   Image Name:   Rootfs
   Image Type:   ARM Linux Filesystem Image (uncompressed)
   Data Size:    14496016 Bytes = 13.8 MB
   Load Address: 02ffffc0
   Entry Point:  03000000
   Verifying Checksum ... OK
   Verifying Signature ... OK
   Decrypt Ciphertext ... OK
rmd image absent... skipping
Jumping to 0x01680000 ...
SOC signed DTB (RO).
SOC signed DTB (RO).
cpux_jump: 0x01400148
cmdline:
initrd2_start: 0x00000000 initrd2_size: 0x00000000
kernelp: 0x01600000 kernels: 0x7ea00000
iavp: 0x37800000 iavs: 0x48800000
fbp: 0x37800000 fbs: 0x00000000
dtbp: 0x37700000
[    0.000000] Booting Linux on physical CPU 0x0
[    0.000000] Linux version 4.14.183 (willy.luo@vo-rd1-5) (gcc version 8.2.1 20180802 (Linaro GCC 8.2-2018.08~dev)) #1 SMP PREEMPT Wed Mar 16 13:11:54 CST 2022
[    0.000000] Boot CPU: AArch64 Processor [410fd034]
[    0.000000] Machine model: Ambarella CV2BUB Board
[    0.000000] Reserved memory: created CMA memory pool at 0x0000000034400000, size 48 MiB
[    0.000000] OF: reserved mem: initialized node linux,cma, compatible id shared-dma-pool
[    0.000000] Reserved memory: created CMA memory pool at 0x0000000037800000, size 644 MiB
[    0.000000] OF: reserved mem: initialized node iav@0x37800000, compatible id shared-dma-pool
[    0.000000] Reserved memory: created CMA memory pool at 0x0000000060000000, size 508 MiB
[    0.000000] OF: reserved mem: initialized node cavalry@0x60000000, compatible id shared-dma-pool
[    0.000000] psci: probing for conduit method from DT.
[    0.000000] psci: PSCIv1.1 detected in firmware.
[    0.000000] psci: Using standard PSCI v0.2 function IDs
[    0.000000] psci: Trusted OS migration not required
[    0.000000] psci: SMC Calling Convention v1.1
[    0.000000] percpu: Embedded 19 pages/cpu s38680 r8192 d30952 u77824
[    0.000000] Detected VIPT I-cache on CPU0
[    0.000000] CPU features: enabling workaround for ARM erratum 845719
[    0.000000] Speculative Store Bypass Disable mitigation not required
[    0.000000] Built 1 zonelists, mobility grouping on.  Total pages: 510552
[    0.000000] Kernel command line: console=ttyS0 root=/dev/ram0 ro rootfstype=squashfs initrd=0x2608000,40M ramdisk_size=320000 blkdevparts=mmcblk1:4G@0(linux),64M@0x100000(kernel0),64M@0x4100000(kernel1),240M@0x8100000(rootfs0),240M@0x17100000(rootfs1),8M@0x26100000(defconf0),8M@0x26900000(defconf1),32M@0x27100000(flashfs),2048M@0x29100000(flashfs2),1023M@0xA9100000(backup) user_debug=31
[    0.000000] PID hash table entries: 4096 (order: 3, 32768 bytes)
[    0.000000] Dentry cache hash table entries: 262144 (order: 9, 2097152 bytes)
[    0.000000] Inode-cache hash table entries: 131072 (order: 8, 1048576 bytes)
[    0.000000] Memory: 756988K/2074624K available (7998K kernel code, 642K rwdata, 2060K rodata, 384K init, 260K bss, 88836K reserved, 1228800K cma-reserved)
[    0.000000] Virtual kernel memory layout:
[    0.000000]     modules : 0xffffff8000000000 - 0xffffff8008000000   (   128 MB)
[    0.000000]     vmalloc : 0xffffff8008000000 - 0xffffffbebfff0000   (   250 GB)
[    0.000000]       .text : 0xffffff8008080000 - 0xffffff8008850000   (  8000 KB)
[    0.000000]     .rodata : 0xffffff8008850000 - 0xffffff8008a60000   (  2112 KB)
[    0.000000]       .init : 0xffffff8008a60000 - 0xffffff8008ac0000   (   384 KB)
[    0.000000]       .data : 0xffffff8008ac0000 - 0xffffff8008b60808   (   643 KB)
[    0.000000]        .bss : 0xffffff8008b60808 - 0xffffff8008ba1890   (   261 KB)
[    0.000000]     fixed   : 0xffffffbefe7fb000 - 0xffffffbefec00000   (  4116 KB)
[    0.000000]     PCI I/O : 0xffffffbefee00000 - 0xffffffbeffe00000   (    16 MB)
[    0.000000]     vmemmap : 0xffffffbf00000000 - 0xffffffc000000000   (     4 GB maximum)
[    0.000000]               0xffffffbf00058000 - 0xffffffbf02000000   (    31 MB actual)
[    0.000000]     memory  : 0xffffffc001600000 - 0xffffffc080000000   (  2026 MB)
[    0.000000] SLUB: HWalign=64, Order=0-3, MinObjects=0, CPUs=4, Nodes=1
[    0.000000] Preemptible hierarchical RCU implementation.
[    0.000000]  Tasks RCU enabled.
[    0.000000] NR_IRQS: 64, nr_irqs: 64, preallocated irqs: 0
[    0.000000] CPU features: GIC system register CPU interface present but disabled by higher exception level
[    0.000000] vco = 408000000, 24000000, 1, 17, 1
[    0.000000] vco = 384000000, 24000000, 1, 16, 1
[    0.000000] vco = 384000000, 24000000, 1, 16, 1
[    0.000000] vco = 1176000000, 24000000, 1, 49, 1
[    0.000000] vco = 1176000000, 24000000, 1, 49, 1
[    0.000000] arch_timer: cp15 timer(s) running at 63.00MHz (virt).
[    0.000000] clocksource: arch_sys_counter: mask: 0xffffffffffffff max_cycles: 0xe879c5e9b, max_idle_ns: 440795204668 ns
[    0.000004] sched_clock: 56 bits at 63MHz, resolution 15ns, wraps every 2199023255548ns
[    0.000198] Console: colour dummy device 80x25
[    0.373773] console [ttyS0] enabled
[    0.377252] Calibrating delay loop (skipped), value calculated using timer frequency.. 126.00 BogoMIPS (lpj=63000)
[    0.387573] pid_max: default: 32768 minimum: 301
[    0.392255] Mount-cache hash table entries: 4096 (order: 3, 32768 bytes)
[    0.398946] Mountpoint-cache hash table entries: 4096 (order: 3, 32768 bytes)
[    0.410110] ASID allocator initialised with 32768 entries
[    0.417509] Hierarchical SRCU implementation.
[    0.426890] smp: Bringing up secondary CPUs ...
[    0.438555] Detected VIPT I-cache on CPU1
[    0.442575] CPU1: Booted secondary processor [410fd034]
[    0.454607] Detected VIPT I-cache on CPU2
[    0.458611] CPU2: Booted secondary processor [410fd034]
[    0.470685] Detected VIPT I-cache on CPU3
[    0.474689] CPU3: Booted secondary processor [410fd034]
[    0.479948] smp: Brought up 1 node, 4 CPUs
[    0.484036] SMP: Total of 4 processors activated.
[    0.488724] CPU features: detected: 32-bit EL0 Support
[    0.494310] CPU: All CPU(s) started at EL1
[    0.498403] alternatives: patching kernel code
[    0.503824] devtmpfs: initialized
[    0.511718] random: get_random_u32 called from bucket_table_alloc+0x108/0x268 with crng_init=0
[    0.520616] clocksource: jiffies: mask: 0xffffffff max_cycles: 0xffffffff, max_idle_ns: 1911260446275000 ns
[    0.530339] futex hash table entries: 1024 (order: 5, 131072 bytes)
[    0.569564] xor: measuring software checksum speed
[    0.584401]    8regs     :  1996.000 MB/sec
[    0.598603]    8regs_prefetch:  1724.000 MB/sec
[    0.613150]    32regs    :  2288.000 MB/sec
[    0.627350]    32regs_prefetch:  1940.000 MB/sec
[    0.631946] xor: using function: 32regs (2288.000 MB/sec)
[    0.637329] pinctrl core: initialized pinctrl subsystem
[    0.642820] NET: Registered protocol family 16
[    0.647887] vdso: 2 pages (1 code @ ffffff8008855000, 1 data @ ffffff8008ac4000)
[    0.661958] DMA: preallocated 256 KiB pool for atomic allocations
[    0.670781] ambarella-pinctrl ec003000.pinctrl: Ambarella pinctrl driver registered
[    0.679036] ambarella-gpio ec003000.pinctrl:gpio@0: Ambarella GPIO driver registered
[    0.692715] HugeTLB registered 2.00 MiB page size, pre-allocated 0 pages
[    0.716575] raid6: int64x1  gen()   382 MB/s
[    0.737975] raid6: int64x1  xor()   380 MB/s
[    0.759386] raid6: int64x2  gen()   589 MB/s
[    0.780730] raid6: int64x2  xor()   503 MB/s
[    0.802066] raid6: int64x4  gen()   839 MB/s
[    0.823407] raid6: int64x4  xor()   619 MB/s
[    0.844765] raid6: int64x8  gen()   988 MB/s
[    0.866112] raid6: int64x8  xor()   638 MB/s
[    0.887456] raid6: neonx1   gen()   632 MB/s
[    0.908795] raid6: neonx1   xor()   740 MB/s
[    0.930170] raid6: neonx2   gen()   972 MB/s
[    0.951526] raid6: neonx2   xor()   990 MB/s
[    0.972881] raid6: neonx4   gen()  1285 MB/s
[    0.994230] raid6: neonx4   xor()  1203 MB/s
[    1.015561] raid6: neonx8   gen()  1312 MB/s
[    1.036904] raid6: neonx8   xor()  1236 MB/s
[    1.041154] raid6: using algorithm neonx8 gen() 1312 MB/s
[    1.046529] raid6: .... xor() 1236 MB/s, rmw enabled
[    1.051472] raid6: using neon recovery algorithm
[    1.056728] ambarella-dma e000a000.dma: Ambarella DMA Engine
[    1.062909] ambarella-dma e000b000.dma: Ambarella DMA Engine
[    1.068864] usbcore: registered new interface driver usbfs
[    1.074362] usbcore: registered new interface driver hub
[    1.079691] usbcore: registered new device driver usb
[    1.085044] ambarella-i2c e4008000.i2c: Ambarella I2C adapter[0] probed, clock:100000!
[    1.093157] ambarella-i2c e4009000.i2c: Ambarella I2C adapter[1] probed, clock:100000!
[    1.101220] Advanced Linux Sound Architecture Driver Initialized.
[    1.108501] clocksource: Switched to clocksource arch_sys_counter
[    1.119213] NET: Registered protocol family 2
[    1.123890] TCP established hash table entries: 16384 (order: 5, 131072 bytes)
[    1.131215] TCP bind hash table entries: 16384 (order: 6, 262144 bytes)
[    1.138032] TCP: Hash tables configured (established 16384 bind 16384)
[    1.144642] UDP hash table entries: 1024 (order: 3, 32768 bytes)
[    1.150673] UDP-Lite hash table entries: 1024 (order: 3, 32768 bytes)
[    1.157238] NET: Registered protocol family 1
[    1.161822] RPC: Registered named UNIX socket transport module.
[    1.167737] RPC: Registered udp transport module.
[    1.172424] RPC: Registered tcp transport module.
[    1.177114] RPC: Registered tcp NFSv4.1 backchannel transport module.
[    1.183654] Trying to unpack rootfs image as initramfs...
[    1.189172] rootfs image is not initramfs (junk in compressed archive); looks like an initrd
[    1.277996] Freeing initrd memory: 40960K
[    1.285144] workingset: timestamp_bits=62 max_order=19 bucket_order=0
[    1.295900] squashfs: version 4.0 (2009/01/31) Phillip Lougher
[    1.302581] fuse init (API version 7.26)
[    1.306761] SGI XFS with security attributes, no debug enabled
[    1.316295] Block layer SCSI generic (bsg) driver version 0.4 loaded (major 250)
[    1.323677] io scheduler noop registered
[    1.327584] io scheduler deadline registered
[    1.331915] io scheduler cfq registered (default)
[    1.336603] io scheduler mq-deadline registered
[    1.341120] io scheduler kyber registered
[    1.346339] ambarella-gdma e000c000.gdma: Ambarella GDMA driver init
[    1.352933] e4000000.uart: ttyS0 at MMIO 0xe4000000 (irq = 11, base_baud = 1500000) is a ambuart
[    1.361940] e0016000.uart: ttyS1 at MMIO 0xe0016000 (irq = 32, base_baud = 1500000) is a ambuart
[    1.370923] e0017000.uart: ttyS2 at MMIO 0xe0017000 (irq = 33, base_baud = 1500000) is a ambuart
[    1.379931] cacheinfo: Unable to detect cache hierarchy for CPU 0
[    1.386522] brd: module loaded
[    1.394055] loop: module loaded
[    1.397281] Ambarella read-only mtdblock
[    1.401522] libphy: Fixed MDIO Bus: probed
[    1.405721] tun: Universal TUN/TAP device driver, 1.6
[    1.526507] libphy: Ambarella MDIO Bus: probed
[    1.532364] ambarella-eth e000e000.ethernet: Enhance Ethernet PHY[1]: 0x02430c54!
[    1.540146] ambarella-eth e000e000.ethernet: CONFIG_PTP_1588_CLOCK is not set
[    1.547269] ambarella-eth e000e000.ethernet: MAC Address[42:95:a5:40:53:b4].
[    1.554347] PPP generic driver version 2.4.2
[    1.558685] PPP BSD Compression module registered
[    1.563378] PPP Deflate Compression module registered
[    1.568435] PPP MPPE Compression module registered
[    1.573211] NET: Registered protocol family 24
[    1.577652] ehci_hcd: USB 2.0 'Enhanced' Host Controller (EHCI) Driver
[    1.584168] ehci-ambarella: AMBARELLA-EHCI Host Controller driver
[    1.590337] ambarella-ehci e0009000.ehci: EHCI Host Controller
[    1.596168] ambarella-ehci e0009000.ehci: new USB bus registered, assigned bus number 1
[    1.604665] ambarella-ehci e0009000.ehci: irq 27, io mem 0xe0009000
[    1.617510] ambarella-ehci e0009000.ehci: USB 2.0 started, EHCI 1.00
[    1.623973] usb usb1: New USB device found, idVendor=1d6b, idProduct=0002
[    1.630746] usb usb1: New USB device strings: Mfr=3, Product=2, SerialNumber=1
[    1.637948] usb usb1: Product: EHCI Host Controller
[    1.642809] usb usb1: Manufacturer: Linux 4.14.183 ehci_hcd
[    1.648363] usb usb1: SerialNumber: AmbUSB
[    1.652749] hub 1-0:1.0: USB hub found
[    1.656509] hub 1-0:1.0: 1 port detected
[    1.660679] ohci_hcd: USB 1.1 'Open' Host Controller (OHCI) Driver
[    1.666921] ambarella-ohci e0008000.ohci: Ambarella OHCI
[    1.672226] ambarella-ohci e0008000.ohci: new USB bus registered, assigned bus number 2
[    1.680236] ambarella-ohci e0008000.ohci: irq 26, io mem 0xe0008000
[    1.742604] usb usb2: New USB device found, idVendor=1d6b, idProduct=0001
[    1.749376] usb usb2: New USB device strings: Mfr=3, Product=2, SerialNumber=1
[    1.756578] usb usb2: Product: Ambarella OHCI
[    1.760919] usb usb2: Manufacturer: Linux 4.14.183 ohci_hcd
[    1.766930] usb usb2: SerialNumber: AmbUSB
[    1.771267] hub 2-0:1.0: USB hub found
[    1.775023] hub 2-0:1.0: 1 port detected
[    1.779226] usbcore: registered new interface driver usbserial
[    1.785063] usbcore: registered new interface driver usbserial_generic
[    1.791591] usbserial: USB Serial support registered for generic
[    1.797631] ambarella-udc e0006000.udc: ambarella_udc: version 21 Jan 2016
[    1.807835] rtc rtc0: invalid alarm value: 1970-1-1 0:0:0
[    1.813308] ambarella-rtc ec001000.rtc: rtc core: registered ec001000.rtc as rtc0
[    1.820773] ambarella-rtc ec001000.rtc: Warning: RTC lost power.....
[    1.827208] i2c /dev entries driver
[    1.831132] ambarella-wdt ec002000.wdt: Ambarella Watchdog Timer Probed.
[    2.299579] ambarella-sd e0005000.sdmmc0: Max frequency is 120000000Hz
[    2.362527] ambarella-sd e0004000.sdmmc1: Max frequency is 25945946Hz
[    2.369019] optee: probing for conduit method from DT.
[    2.374370] optee: initialized driver
[    2.401291] wm8974_amb.c :: __init wm8974_modinit(void)
[    2.436228] wm8974_set_dai_fmt: I2S interface
[    2.440571] wm8974_set_dai_fmt: iface 10
[    2.518621] asoc-simple-card sound: wm8974-hifi <-> e001d000.i2s mapping ok
[    2.733295] Netfilter messages via NETLINK v0.30.
[    2.738118] ipip: IPv4 and MPLS over IPv4 tunneling driver
[    2.743902] ip_tables: (C) 2000-2006 Netfilter Core Team
[    2.759678] Initializing XFRM netlink socket
[    2.764295] NET: Registered protocol family 10
[    2.769300] Segment Routing with IPv6
[    2.772994] ip6_tables: (C) 2000-2006 Netfilter Core Team
[    2.786636] sit: IPv6, IPv4 and MPLS over IPv4 tunneling driver
[    2.792852] NET: Registered protocol family 17
[    2.797318] Bridge firewalling registered
[    2.801327] 8021q: 802.1Q VLAN Support v1.8
[    2.805538] Key type dns_resolver registered
[    2.811237] Btrfs loaded, crc32c=crc32c-generic
[    2.816981] console [netcon0] enabled
[    2.820642] netconsole: network logging started
[    2.825192] ambarella-rtc ec001000.rtc: setting system clock to 2000-01-03 14:53:48 UTC (946911228)
[    2.834365] ALSA device list:
[    2.837319]   #0: wm8974 @ Ambarella
[    2.841093] RAMDISK: squashfs filesystem found at block 0
[    2.846500] RAMDISK: Loading 14153KiB [1 disk] into ram disk... -
[    2.897513] mmc1: new MMC card at address 0001
[    2.952862] \
[    2.957644] mmcblk1: mmc1:0001 8GTF4R 3.64 GiB
[    2.957696] |
[    2.960120] mmcblk1boot0: mmc1:0001 8GTF4R partition 1 4.00 MiB
[    2.964596] /
[    2.966282] mmcblk1boot1: mmc1:0001 8GTF4R partition 2 4.00 MiB
[    2.972155] /
[    2.983924] mmcblk1rpmb: mmc1:0001 8GTF4R partition 3 512 KiB, chardev (249:0)
[    2.983967] \
[    3.000405]  mmcblk1: p1(linux) p2(kernel0) p3(kernel1) p4(rootfs0) p5(rootfs1) p6(defconf0) p7(defconf1) p8(flashfs) p9(flashfs2) p10(backup)
[    3.000457] /
[    3.046449] random: fast init done
[    3.046498] |
[    3.120911] done.
[    3.198372] mmc0: new ultra high speed SDR104 SDHC card at address aaaa
[    3.205420] mmcblk0: mmc0:aaaa SC32G 29.7 GiB
[    3.209675] VFS: Mounted root (squashfs filesystem) readonly on device 1:0.
[    3.217078] Freeing unused kernel memory: 384K
[    3.220515]  mmcblk0: p1
Detect SD card
[   10.763997] FAT-fs (mmcblk0p1): utf8 is not a recommended IO charset for FAT filesystems, filesystem will be case sensitive!
[   10.779743] FAT-fs (mmcblk0p1): Volume was not properly unmounted. Some data may be corrupt. Please run fsck.
Enter rescueSD
[   10.800756] gpioc: loading out-of-tree module taints kernel.
[   10.806676] GPIO Device Driver version 1.0.0.2
Bad block num/Total block num: 0/2
Enough good blocks.
check apply_patch_before
========================
eMMC already set to SLC.
========================
mke2fs 1.42.8 (20-Jun-2013)
ext2fs_check_if_mount: Can't check if filesystem is mounted due to missing mtab file while determining whether /dev/mmcblk1-backup is mounted.
Discarding device blocks: done
[   12.219121] random: mkfs.ext4: uninitialized urandom read (16 bytes read)
[   12.225920] random: mkfs.ext4: uninitialized urandom read (16 bytes read)
Filesystem label=
OS type: Linux
Block size=4096 (log=2)
Fragment size=4096 (log=2)
Stride=0 blocks, Stripe width=0 blocks
65536 inodes, 261888 blocks
13094 blocks (5.00%) reserved for the super user
First data block=0
Maximum filesystem blocks=268435456
8 block groups
32768 blocks per group, 32768 fragments per group
8192 inodes per group
Superblock backups stored on blocks:
        32768, 98304, 163840, 229376

Allocating group tables: done
Writing inode tables: done
Creating journal (4096 blocks): done
Writing superblocks and filesystem accounting information: done

[   13.126733] EXT4-fs (mmcblk1p10): mounted filesystem with ordered data mode. Opts: (null)
mke2fs 1.42.8 (20-Jun-2013)
ext2fs_check_if_mount: Can't check if filesystem is mounted due to missing mtab file while determining whether /dev/mmcblk1-defconf0 is mounted.
Discarding device blocks: done
[   13.173952] random: mkfs.ext4: uninitialized urandom read (16 bytes read)
Filesystem label=
OS type: Linux
Block size=1024 (log=0)
Fragment size=1024 (log=0)
Stride=0 blocks, Stripe width=0 blocks
2048 inodes, 8192 blocks
409 blocks (4.99%) reserved for the super user
First data block=1
Maximum filesystem blocks=8388608
1 block group
8192 blocks per group, 8192 fragments per group
2048 inodes per group

Allocating group tables: done
Writing inode tables: done
Creating journal (1024 blocks): done
Writing superblocks and filesystem accounting information: done

mke2fs 1.42.8 (20-Jun-2013)
ext2fs_check_if_mount: Can't check if filesystem is mounted due to missing mtab file while determining whether /dev/mmcblk1-defconf1 is mounted.
Discarding device blocks: done
[   13.338338] urandom_read: 1 callbacks suppressed
[   13.338343] random: mkfs.ext4: uninitialized urandom read (16 bytes read)
[   13.349770] random: mkfs.ext4: uninitialized urandom read (16 bytes read)
Filesystem label=
OS type: Linux
Block size=1024 (log=0)
Fragment size=1024 (log=0)
Stride=0 blocks, Stripe width=0 blocks
2048 inodes, 8192 blocks
409 blocks (4.99%) reserved for the super user
First data block=1
Maximum filesystem blocks=8388608
1 block group
8192 blocks per group, 8192 fragments per group
2048 inodes per group

Allocating group tables: done
Writing inode tables: done
Creating journal (1024 blocks): done
Writing superblocks and filesystem accounting information: done

mke2fs 1.42.8 (20-Jun-2013)
ext2fs_check_if_mount: Can't check if filesystem is mounted due to missing mtab file while determining whether /dev/mmcblk1-flash2 is mounted.
Discarding device blocks: done
[   14.070766] random: mkfs.ext4: uninitialized urandom read (16 bytes read)
Filesystem label=
OS type: Linux
Block size=4096 (log=2)
Fragment size=4096 (log=2)
Stride=0 blocks, Stripe width=0 blocks
131072 inodes, 524288 blocks
26214 blocks (5.00%) reserved for the super user
First data block=0
Maximum filesystem blocks=536870912
16 block groups
32768 blocks per group, 32768 fragments per group
8192 inodes per group
Superblock backups stored on blocks:
        32768, 98304, 163840, 229376, 294912

Allocating group tables: done
Writing inode tables: done
Creating journal (16384 blocks): done
Writing superblocks and filesystem accounting information: done

[   17.476550] EXT4-fs (mmcblk1p9): mounted filesystem with ordered data mode. Opts: (null)
[   20.669323] urandom_read: 1 callbacks suppressed
[   20.669329] random: encfs: uninitialized urandom read (32 bytes read)
Creating new encrypted volume.
Please choose from one of the following options:
 enter "x" for expert configuration mode,
 enter "p" for pre-configured paranoia mode,
 anything else, or an empty line will select standard mode.
?>
Standard configuration selected.

Configuration finished.  The filesystem to be created has
the following properties:
Filesystem cipher: "ssl/aes", version 3:0:2
Filename encoding: "nameio/block", version 4:0:2
Key Size: 192 bits
Block Size: 1024 bytes
Each file contains 8 byte header with unique IV data.
Filenames encoded using IV chaining mode.
File holes passed through to ciphertext.

Now you will need to enter a password for your filesystem.
You will need to remember this password, as there is absolutely
no recovery mechanism.  However, the password can be changed
later using encfsctl.

[   21.424731] random: encfs: uninitialized urandom read (32 bytes read)
Creating new encrypted volume.
Please choose from one of the following options:
 enter "x" for expert configuration mode,
 enter "p" for pre-configured paranoia mode,
 anything else, or an empty line will select standard mode.
?>
Standard configuration selected.

Configuration finished.  The filesystem to be created has
the following properties:
Filesystem cipher: "ssl/aes", version 3:0:2
Filename encoding: "nameio/block", version 4:0:2
Key Size: 192 bits
Block Size: 1024 bytes
Each file contains 8 byte header with unique IV data.
Filenames encoded using IV chaining mode.
File holes passed through to ciphertext.

Now you will need to enter a password for your filesystem.
You will need to remember this password, as there is absolutely
no recovery mechanism.  However, the password can be changed
later using encfsctl.

Pkg version: 1.3f.a3.1.17
Support script version : 0101a
System image size = 46090656

NOTICE:  BL2: v2.1(release):cc4bb14-dirty
NOTICE:  BL2: Built : 16:21:51, Jan 25 2022
NOTICE:  ROTPK is not deployed on platform. Skipping ROTPK verification.
NOTICE:  BL2: Booting BL31

NOTICE:  BL31: Secure code at 0x100000
NOTICE:  BL31: Cleanup auto recovery request
NOTICE:  BL31: Non Secure code at 0x1400000
NOTICE:  BL31: v2.1(release):cc4bb14-dirty
NOTICE:  BL31: Built : 16:21:51, Jan 25 2022
NOTICE:  Stage2 Translation reserved 0xc00000

Debug Mode: Y (sysparam)
  __      _   _____  __      _    ____     _______   ______    _   _
  \ \    / / |_   _| \ \    / /  / __ \   |__   __| |  ____|  | | / /
   \ \  / /    | |    \ \  / /  / /  \ \     | |    | |____   | |/ /
    \ \/ /     | |     \ \/ /  | |    | |    | |    |  ____|  |   \
     \  /     _| |_     \  /    \ \__/ /     | |    | |____   | |\ \
      \/     |_____|     \/      \____/      |_|    |______|  |_| \_\

Target platform: VVTK_SC9133S88V13 (20201127)

Get ptb failed!
auto boot......


amboot-dirty (Jan 25 2022 - 16:21:45) (DLL VALUE = 0x071f02)


S/N:
usbdl_mode: 0
auto_boot: 1
bootcmd:

===== Boot from SD =====
SD card detected in SD slots 1

vfat filesystem has MBR SECTOR. DBR offset is 8192.
Boot:           8192
Total:          62325760
Playload:       16384
Table:          1170
FatLen:         7607
FatSect:        1170
SectSize:       512
ClustSize:      64

Read amcv2.kernel.img from filesystem to DRAM 0167ffc0
[==                                                                                       [===                                                                                      [====                                                                                     [=====                                                                                    [======                                                                                   [=======                                                                                  [========                                                                                 [=========                                                                                [==========                                                                               [===========                                                                              [============                                                                             [=============                                                                            [==============                                                                           [===============                                                                          [================                                                                         [=================                                                                        [==================                                                                       [===================                                                                      [====================                                                                     [=====================                                                                    [======================                                                                   [=======================                                                                  [========================                                                                 [=========================                                                                [==========================                                                               [===========================                                                              [============================                                                             [=============================                                                            [==============================                                                           [===============================                                                          [================================                                                         [=================================                                                        [==================================                                                       [===================================                                                      [====================================                                                     [=====================================                                                    [======================================                                                   [=======================================                                                  [========================================                                                 [=========================================                                                [==========================================                                               [===========================================                                              [============================================                                             [=============================================                                            [==============================================                                           [===============================================                                          [================================================                                         [=================================================                                        [==================================================                                       [===================================================                                      [====================================================                                     [=====================================================                                    [======================================================                                   [=======================================================                                  [========================================================                                 [=========================================================                                [==========================================================                               [===========================================================                              [============================================================                             [=============================================================                            [==============================================================                           [===============================================================                          [================================================================                         [=================================================================                        [==================================================================                       [===================================================================                      [====================================================================                     [=====================================================================                    [======================================================================                   [=======================================================================                  [========================================================================                 [=========================================================================                [==========================================================================               [===========================================================================              [============================================================================             [=============================================================================            [==============================================================================           [===============================================================================          [================================================================================         [=================================================================================        [==================================================================================       [===================================================================================      [====================================================================================     [=====================================================================================    [======================================================================================   [=======================================================================================  [======================================================================================== [=========================================================================================[=========================================================================================[=========================================================================================[=========================================================================================[=========================================================================================[=========================================================================================[=========================================================================================[=========================================================================================[=========================================================================================[=========================================================================================[=========================================================================================[=========================================================================================[=====================================================================================================] 100% 348/348
amcv2.kernel.img: 11405648 bytes read at 0167ffc0 successfully ...
   Image Name:   linux-4.14
   Image Type:   ARM Linux Kernel Image (uncompressed)
   Data Size:    11405584 Bytes = 10.9 MB
   Load Address: 00280000
   Entry Point:  00280000
   Verifying Checksum ... OK
   Verifying Signature ... OK
   Decrypt Ciphertext ... OK
Read vvtkcv2_sc9133v13.dtb.img from filesystem to DRAM 02507fc0
[=====================================================================================================] 100% 1/1
vvtkcv2_sc9133v13.dtb.img: 36480 bytes read at 02507fc0 successfully ...
   Image Name:   linux-4.14
   Image Type:   ARM Linux Kernel Image (uncompressed)
   Data Size:    36416 Bytes = 35.6 kB
   Load Address: 00a08000
   Entry Point:  00a08000
   Verifying Checksum ... OK
   Verifying Signature ... OK
   Decrypt Ciphertext ... OK
Read amcv2.rootfs.img from filesystem to DRAM 02607fc0
[==                                                                                       [===                                                                                      [====                                                                                     [=====                                                                                    [======                                                                                   [=======                                                                                  [========                                                                                 [=========                                                                                [==========                                                                               [===========                                                                              [============                                                                             [=============                                                                            [==============                                                                           [===============                                                                          [================                                                                         [=================                                                                        [==================                                                                       [===================                                                                      [====================                                                                     [=====================                                                                    [======================                                                                   [=======================                                                                  [========================                                                                 [=========================                                                                [==========================                                                               [===========================                                                              [============================                                                             [=============================                                                            [==============================                                                           [===============================                                                          [================================                                                         [=================================                                                        [==================================                                                       [===================================                                                      [====================================                                                     [=====================================                                                    [======================================                                                   [=======================================                                                  [========================================                                                 [=========================================                                                [==========================================                                               [===========================================                                              [============================================                                             [=============================================                                            [==============================================                                           [===============================================                                          [================================================                                         [=================================================                                        [==================================================                                       [===================================================                                      [====================================================                                     [=====================================================                                    [======================================================                                   [=======================================================                                  [========================================================                                 [=========================================================                                [==========================================================                               [===========================================================                              [============================================================                             [=============================================================                            [==============================================================                           [===============================================================                          [================================================================                         [=================================================================                        [==================================================================                       [===================================================================                      [====================================================================                     [=====================================================================                    [======================================================================                   [=======================================================================                  [========================================================================                 [=========================================================================                [==========================================================================               [===========================================================================              [============================================================================             [=============================================================================            [==============================================================================           [===============================================================================          [================================================================================         [=================================================================================        [==================================================================================       [===================================================================================      [====================================================================================     [=====================================================================================    [======================================================================================   [=======================================================================================  [======================================================================================== [=========================================================================================[=========================================================================================[=========================================================================================[=========================================================================================[=========================================================================================[=========================================================================================[=========================================================================================[=========================================================================================[=========================================================================================[=========================================================================================[=========================================================================================[=========================================================================================[=====================================================================================================] 100% 442/442
amcv2.rootfs.img: 14496080 bytes read at 02607fc0 successfully ...
   Image Name:   Rootfs
   Image Type:   ARM Linux Filesystem Image (uncompressed)
   Data Size:    14496016 Bytes = 13.8 MB
   Load Address: 02ffffc0
   Entry Point:  03000000
   Verifying Checksum ... OK
   Verifying Signature ... OK
   Decrypt Ciphertext ... OK
rmd image absent... skipping
Jumping to 0x01680000 ...
SOC signed DTB (RO).
SOC signed DTB (RO).
cpux_jump: 0x01400148
cmdline:
initrd2_start: 0x00000000 initrd2_size: 0x00000000
kernelp: 0x01600000 kernels: 0x7ea00000
iavp: 0x37800000 iavs: 0x48800000
fbp: 0x37800000 fbs: 0x00000000
dtbp: 0x37700000
[    0.000000] Booting Linux on physical CPU 0x0
[    0.000000] Linux version 4.14.183 (willy.luo@vo-rd1-5) (gcc version 8.2.1 20180802 (Linaro GCC 8.2-2018.08~dev)) #1 SMP PREEMPT Wed Mar 16 13:11:54 CST 2022
[    0.000000] Boot CPU: AArch64 Processor [410fd034]
[    0.000000] Machine model: Ambarella CV2BUB Board
[    0.000000] Reserved memory: created CMA memory pool at 0x0000000034400000, size 48 MiB
[    0.000000] OF: reserved mem: initialized node linux,cma, compatible id shared-dma-pool
[    0.000000] Reserved memory: created CMA memory pool at 0x0000000037800000, size 644 MiB
[    0.000000] OF: reserved mem: initialized node iav@0x37800000, compatible id shared-dma-pool
[    0.000000] Reserved memory: created CMA memory pool at 0x0000000060000000, size 508 MiB
[    0.000000] OF: reserved mem: initialized node cavalry@0x60000000, compatible id shared-dma-pool
[    0.000000] psci: probing for conduit method from DT.
[    0.000000] psci: PSCIv1.1 detected in firmware.
[    0.000000] psci: Using standard PSCI v0.2 function IDs
[    0.000000] psci: Trusted OS migration not required
[    0.000000] psci: SMC Calling Convention v1.1
[    0.000000] percpu: Embedded 19 pages/cpu s38680 r8192 d30952 u77824
[    0.000000] Detected VIPT I-cache on CPU0
[    0.000000] CPU features: enabling workaround for ARM erratum 845719
[    0.000000] Speculative Store Bypass Disable mitigation not required
[    0.000000] Built 1 zonelists, mobility grouping on.  Total pages: 510552
[    0.000000] Kernel command line: console=ttyS0 root=/dev/ram0 ro rootfstype=squashfs initrd=0x2608000,40M ramdisk_size=320000 blkdevparts=mmcblk1:4G@0(linux),64M@0x100000(kernel0),64M@0x4100000(kernel1),240M@0x8100000(rootfs0),240M@0x17100000(rootfs1),8M@0x26100000(defconf0),8M@0x26900000(defconf1),32M@0x27100000(flashfs),2048M@0x29100000(flashfs2),1023M@0xA9100000(backup) user_debug=31
[    0.000000] PID hash table entries: 4096 (order: 3, 32768 bytes)
[    0.000000] Dentry cache hash table entries: 262144 (order: 9, 2097152 bytes)
[    0.000000] Inode-cache hash table entries: 131072 (order: 8, 1048576 bytes)
[    0.000000] Memory: 756988K/2074624K available (7998K kernel code, 642K rwdata, 2060K rodata, 384K init, 260K bss, 88836K reserved, 1228800K cma-reserved)
[    0.000000] Virtual kernel memory layout:
[    0.000000]     modules : 0xffffff8000000000 - 0xffffff8008000000   (   128 MB)
[    0.000000]     vmalloc : 0xffffff8008000000 - 0xffffffbebfff0000   (   250 GB)
[    0.000000]       .text : 0xffffff8008080000 - 0xffffff8008850000   (  8000 KB)
[    0.000000]     .rodata : 0xffffff8008850000 - 0xffffff8008a60000   (  2112 KB)
[    0.000000]       .init : 0xffffff8008a60000 - 0xffffff8008ac0000   (   384 KB)
[    0.000000]       .data : 0xffffff8008ac0000 - 0xffffff8008b60808   (   643 KB)
[    0.000000]        .bss : 0xffffff8008b60808 - 0xffffff8008ba1890   (   261 KB)
[    0.000000]     fixed   : 0xffffffbefe7fb000 - 0xffffffbefec00000   (  4116 KB)
[    0.000000]     PCI I/O : 0xffffffbefee00000 - 0xffffffbeffe00000   (    16 MB)
[    0.000000]     vmemmap : 0xffffffbf00000000 - 0xffffffc000000000   (     4 GB maximum)
[    0.000000]               0xffffffbf00058000 - 0xffffffbf02000000   (    31 MB actual)
[    0.000000]     memory  : 0xffffffc001600000 - 0xffffffc080000000   (  2026 MB)
[    0.000000] SLUB: HWalign=64, Order=0-3, MinObjects=0, CPUs=4, Nodes=1
[    0.000000] Preemptible hierarchical RCU implementation.
[    0.000000]  Tasks RCU enabled.
[    0.000000] NR_IRQS: 64, nr_irqs: 64, preallocated irqs: 0
[    0.000000] CPU features: GIC system register CPU interface present but disabled by higher exception level
[    0.000000] vco = 408000000, 24000000, 1, 17, 1
[    0.000000] vco = 384000000, 24000000, 1, 16, 1
[    0.000000] vco = 384000000, 24000000, 1, 16, 1
[    0.000000] vco = 1176000000, 24000000, 1, 49, 1
[    0.000000] vco = 1176000000, 24000000, 1, 49, 1
[    0.000000] arch_timer: cp15 timer(s) running at 63.00MHz (virt).
[    0.000000] clocksource: arch_sys_counter: mask: 0xffffffffffffff max_cycles: 0xe879c5e9b, max_idle_ns: 440795204668 ns
[    0.000004] sched_clock: 56 bits at 63MHz, resolution 15ns, wraps every 2199023255548ns
[    0.000198] Console: colour dummy device 80x25
[    0.373772] console [ttyS0] enabled
[    0.377251] Calibrating delay loop (skipped), value calculated using timer frequency.. 126.00 BogoMIPS (lpj=63000)
[    0.387572] pid_max: default: 32768 minimum: 301
[    0.392254] Mount-cache hash table entries: 4096 (order: 3, 32768 bytes)
[    0.398945] Mountpoint-cache hash table entries: 4096 (order: 3, 32768 bytes)
[    0.410109] ASID allocator initialised with 32768 entries
[    0.417508] Hierarchical SRCU implementation.
[    0.426891] smp: Bringing up secondary CPUs ...
[    0.438556] Detected VIPT I-cache on CPU1
[    0.442575] CPU1: Booted secondary processor [410fd034]
[    0.454608] Detected VIPT I-cache on CPU2
[    0.458612] CPU2: Booted secondary processor [410fd034]
[    0.470688] Detected VIPT I-cache on CPU3
[    0.474692] CPU3: Booted secondary processor [410fd034]
[    0.479949] smp: Brought up 1 node, 4 CPUs
[    0.484038] SMP: Total of 4 processors activated.
[    0.488725] CPU features: detected: 32-bit EL0 Support
[    0.494314] CPU: All CPU(s) started at EL1
[    0.498406] alternatives: patching kernel code
[    0.503826] devtmpfs: initialized
[    0.511708] random: get_random_u32 called from bucket_table_alloc+0x108/0x268 with crng_init=0
[    0.520608] clocksource: jiffies: mask: 0xffffffff max_cycles: 0xffffffff, max_idle_ns: 1911260446275000 ns
[    0.530331] futex hash table entries: 1024 (order: 5, 131072 bytes)
[    0.569475] xor: measuring software checksum speed
[    0.584312]    8regs     :  1996.000 MB/sec
[    0.598513]    8regs_prefetch:  1724.000 MB/sec
[    0.613059]    32regs    :  2288.000 MB/sec
[    0.627259]    32regs_prefetch:  1940.000 MB/sec
[    0.631856] xor: using function: 32regs (2288.000 MB/sec)
[    0.637239] pinctrl core: initialized pinctrl subsystem
[    0.642734] NET: Registered protocol family 16
[    0.647800] vdso: 2 pages (1 code @ ffffff8008855000, 1 data @ ffffff8008ac4000)
[    0.661962] DMA: preallocated 256 KiB pool for atomic allocations
[    0.670795] ambarella-pinctrl ec003000.pinctrl: Ambarella pinctrl driver registered
[    0.679052] ambarella-gpio ec003000.pinctrl:gpio@0: Ambarella GPIO driver registered
[    0.692714] HugeTLB registered 2.00 MiB page size, pre-allocated 0 pages
[    0.716595] raid6: int64x1  gen()   382 MB/s
[    0.737954] raid6: int64x1  xor()   378 MB/s
[    0.759340] raid6: int64x2  gen()   589 MB/s
[    0.780702] raid6: int64x2  xor()   503 MB/s
[    0.802042] raid6: int64x4  gen()   839 MB/s
[    0.823396] raid6: int64x4  xor()   613 MB/s
[    0.844751] raid6: int64x8  gen()   988 MB/s
[    0.866096] raid6: int64x8  xor()   638 MB/s
[    0.887523] raid6: neonx1   gen()   636 MB/s
[    0.908885] raid6: neonx1   xor()   742 MB/s
[    0.930256] raid6: neonx2   gen()   972 MB/s
[    0.951614] raid6: neonx2   xor()   990 MB/s
[    0.972978] raid6: neonx4   gen()  1285 MB/s
[    0.994322] raid6: neonx4   xor()  1203 MB/s
[    1.015663] raid6: neonx8   gen()  1312 MB/s
[    1.037004] raid6: neonx8   xor()  1236 MB/s
[    1.041255] raid6: using algorithm neonx8 gen() 1312 MB/s
[    1.046631] raid6: .... xor() 1236 MB/s, rmw enabled
[    1.051574] raid6: using neon recovery algorithm
[    1.056832] ambarella-dma e000a000.dma: Ambarella DMA Engine
[    1.063011] ambarella-dma e000b000.dma: Ambarella DMA Engine
[    1.068967] usbcore: registered new interface driver usbfs
[    1.074464] usbcore: registered new interface driver hub
[    1.079794] usbcore: registered new device driver usb
[    1.085145] ambarella-i2c e4008000.i2c: Ambarella I2C adapter[0] probed, clock:100000!
[    1.093257] ambarella-i2c e4009000.i2c: Ambarella I2C adapter[1] probed, clock:100000!
[    1.101321] Advanced Linux Sound Architecture Driver Initialized.
[    1.108590] clocksource: Switched to clocksource arch_sys_counter
[    1.119304] NET: Registered protocol family 2
[    1.123982] TCP established hash table entries: 16384 (order: 5, 131072 bytes)
[    1.131306] TCP bind hash table entries: 16384 (order: 6, 262144 bytes)
[    1.138123] TCP: Hash tables configured (established 16384 bind 16384)
[    1.144732] UDP hash table entries: 1024 (order: 3, 32768 bytes)
[    1.150764] UDP-Lite hash table entries: 1024 (order: 3, 32768 bytes)
[    1.157327] NET: Registered protocol family 1
[    1.161911] RPC: Registered named UNIX socket transport module.
[    1.167825] RPC: Registered udp transport module.
[    1.172513] RPC: Registered tcp transport module.
[    1.177199] RPC: Registered tcp NFSv4.1 backchannel transport module.
[    1.183739] Trying to unpack rootfs image as initramfs...
[    1.189257] rootfs image is not initramfs (junk in compressed archive); looks like an initrd
[    1.278034] Freeing initrd memory: 40960K
[    1.285176] workingset: timestamp_bits=62 max_order=19 bucket_order=0
[    1.295922] squashfs: version 4.0 (2009/01/31) Phillip Lougher
[    1.302600] fuse init (API version 7.26)
[    1.306782] SGI XFS with security attributes, no debug enabled
[    1.316330] Block layer SCSI generic (bsg) driver version 0.4 loaded (major 250)
[    1.323712] io scheduler noop registered
[    1.327619] io scheduler deadline registered
[    1.331950] io scheduler cfq registered (default)
[    1.336639] io scheduler mq-deadline registered
[    1.341155] io scheduler kyber registered
[    1.346372] ambarella-gdma e000c000.gdma: Ambarella GDMA driver init
[    1.352964] e4000000.uart: ttyS0 at MMIO 0xe4000000 (irq = 11, base_baud = 1500000) is a ambuart
[    1.361970] e0016000.uart: ttyS1 at MMIO 0xe0016000 (irq = 32, base_baud = 1500000) is a ambuart
[    1.370952] e0017000.uart: ttyS2 at MMIO 0xe0017000 (irq = 33, base_baud = 1500000) is a ambuart
[    1.379956] cacheinfo: Unable to detect cache hierarchy for CPU 0
[    1.386525] brd: module loaded
[    1.394072] loop: module loaded
[    1.397297] Ambarella read-only mtdblock
[    1.401531] libphy: Fixed MDIO Bus: probed
[    1.405730] tun: Universal TUN/TAP device driver, 1.6
[    1.526597] libphy: Ambarella MDIO Bus: probed
[    1.532453] ambarella-eth e000e000.ethernet: Enhance Ethernet PHY[1]: 0x02430c54!
[    1.540235] ambarella-eth e000e000.ethernet: CONFIG_PTP_1588_CLOCK is not set
[    1.547358] ambarella-eth e000e000.ethernet: MAC Address[ce:e0:39:4c:27:29].
[    1.554436] PPP generic driver version 2.4.2
[    1.558771] PPP BSD Compression module registered
[    1.563465] PPP Deflate Compression module registered
[    1.568523] PPP MPPE Compression module registered
[    1.573299] NET: Registered protocol family 24
[    1.577739] ehci_hcd: USB 2.0 'Enhanced' Host Controller (EHCI) Driver
[    1.584255] ehci-ambarella: AMBARELLA-EHCI Host Controller driver
[    1.590426] ambarella-ehci e0009000.ehci: EHCI Host Controller
[    1.596256] ambarella-ehci e0009000.ehci: new USB bus registered, assigned bus number 1
[    1.604753] ambarella-ehci e0009000.ehci: irq 27, io mem 0xe0009000
[    1.617600] ambarella-ehci e0009000.ehci: USB 2.0 started, EHCI 1.00
[    1.624060] usb usb1: New USB device found, idVendor=1d6b, idProduct=0002
[    1.630833] usb usb1: New USB device strings: Mfr=3, Product=2, SerialNumber=1
[    1.638035] usb usb1: Product: EHCI Host Controller
[    1.642896] usb usb1: Manufacturer: Linux 4.14.183 ehci_hcd
[    1.648449] usb usb1: SerialNumber: AmbUSB
[    1.652834] hub 1-0:1.0: USB hub found
[    1.656596] hub 1-0:1.0: 1 port detected
[    1.660764] ohci_hcd: USB 1.1 'Open' Host Controller (OHCI) Driver
[    1.667006] ambarella-ohci e0008000.ohci: Ambarella OHCI
[    1.672311] ambarella-ohci e0008000.ohci: new USB bus registered, assigned bus number 2
[    1.680320] ambarella-ohci e0008000.ohci: irq 26, io mem 0xe0008000
[    1.742694] usb usb2: New USB device found, idVendor=1d6b, idProduct=0001
